 two_tanks_sfun

 Timestamp is 53150bf5 (Tue Mar 04 00:10:45 2014)

 Preferred load address is 0000000180000000

 Start         Length     Name                   Class
 0001:00000000 000146f4H .text                   CODE
 0001:00014700 00000092H .text$x                 CODE
 0002:00000000 00000470H .idata$5                DATA
 0002:00000470 00000008H .CRT$XCA                DATA
 0002:00000478 00000008H .CRT$XCZ                DATA
 0002:00000480 00000008H .CRT$XIA                DATA
 0002:00000488 00000008H .CRT$XIAA               DATA
 0002:00000490 00000008H .CRT$XIZ                DATA
 0002:000004a0 0000248cH .rdata                  DATA
 0002:00002930 00000008H .rtc$IAA                DATA
 0002:00002938 00000008H .rtc$IZZ                DATA
 0002:00002940 00000008H .rtc$TAA                DATA
 0002:00002948 00000008H .rtc$TZZ                DATA
 0002:00002950 00001664H .xdata                  DATA
 0002:00003fb4 0000008cH .idata$2                DATA
 0002:00004040 00000014H .idata$3                DATA
 0002:00004058 00000470H .idata$4                DATA
 0002:000044c8 00000a7eH .idata$6                DATA
 0002:00004f50 00000054H .edata                  DATA
 0003:00000000 00001418H .data                   DATA
 0003:00001420 000017e0H .bss                    DATA
 0004:00000000 000012b4H .pdata                  DATA

  Address         Publics by Value              Rva+Base               Lib:Object

 0000:00000000       ___safe_se_handler_table   0000000000000000     <absolute>
 0000:00000000       ___safe_se_handler_count   0000000000000000     <absolute>
 0000:00000000       __ImageBase                0000000180000000     <linker-defined>
 0001:00000000       two_tanks_initializer      0000000180001000 f   two_tanks_sfun.obj
 0001:00000010       two_tanks_terminator       0000000180001010 f   two_tanks_sfun.obj
 0001:00000020       sf_two_tanks_method_dispatcher 0000000180001020 f   two_tanks_sfun.obj
 0001:00000070       sf_two_tanks_process_check_sum_call 0000000180001070 f   two_tanks_sfun.obj
 0001:00000480       sf_two_tanks_autoinheritance_info 0000000180001480 f   two_tanks_sfun.obj
 0001:000005f0       sf_two_tanks_get_eml_resolved_functions_info 00000001800015f0 f   two_tanks_sfun.obj
 0001:00000720       sf_two_tanks_third_party_uses_info 0000000180001720 f   two_tanks_sfun.obj
 0001:00000870       sf_two_tanks_updateBuildInfo_args_info 0000000180001870 f   two_tanks_sfun.obj
 0001:000009c0       two_tanks_register_exported_symbols 00000001800019c0 f   two_tanks_sfun.obj
 0001:000009d0       load_two_tanks_optimization_info 00000001800019d0 f   two_tanks_sfun.obj
 0001:00000a20       unload_two_tanks_optimization_info 0000000180001a20 f   two_tanks_sfun.obj
 0001:00000a50       sf_c1_two_tanks_get_eml_resolved_functions_info 0000000180001a50 f   c1_two_tanks.obj
 0001:00000ad0       sf_c1_two_tanks_get_check_sum 0000000180001ad0 f   c1_two_tanks.obj
 0001:00000b50       sf_c1_two_tanks_get_autoinheritance_info 0000000180001b50 f   c1_two_tanks.obj
 0001:00000df0       sf_c1_two_tanks_third_party_uses_info 0000000180001df0 f   c1_two_tanks.obj
 0001:00000e20       sf_c1_two_tanks_updateBuildInfo_args_info 0000000180001e20 f   c1_two_tanks.obj
 0001:00000e50       sf_internal_get_sim_state_c1_two_tanks 0000000180001e50 f   c1_two_tanks.obj
 0001:000012c0       sf_internal_set_sim_state_c1_two_tanks 00000001800022c0 f   c1_two_tanks.obj
 0001:000018a0       c1_two_tanks_method_dispatcher 00000001800028a0 f   c1_two_tanks.obj
 0001:00002ab0       sf_process_check_sum_call  0000000180003ab0 f   two_tanks_sfun_registry.obj
 0001:00002b00       sf_process_autoinheritance_call 0000000180003b00 f   two_tanks_sfun_registry.obj
 0001:00002ca0       sf_process_get_third_party_uses_info_call 0000000180003ca0 f   two_tanks_sfun_registry.obj
 0001:00002e40       sf_process_get_updateBuildInfo_args_info_call 0000000180003e40 f   two_tanks_sfun_registry.obj
 0001:00002fe0       sf_process_get_eml_resolved_functions_info_call 0000000180003fe0 f   two_tanks_sfun_registry.obj
 0001:00003160       sf_mex_unlock_call         0000000180004160 f   two_tanks_sfun_registry.obj
 0001:00003210       sf_machine_global_initializer_called 0000000180004210 f   two_tanks_sfun_registry.obj
 0001:00003240       sf_machine_global_method_dispatcher 0000000180004240 f   two_tanks_sfun_registry.obj
 0001:000032a0       sf_machine_global_terminator 00000001800042a0 f   two_tanks_sfun_registry.obj
 0001:000032d0       sf_register_machine_exported_symbols 00000001800042d0 f   two_tanks_sfun_registry.obj
 0001:000032f0       callCustomFcn              00000001800042f0 f   two_tanks_sfun_registry.obj
 0001:00003300       sf_machine_global_initializer 0000000180004300 f   two_tanks_sfun_registry.obj
 0001:00003360       _ssSetStateAbsTol          0000000180004360 f   two_tanks_sfun_registry.obj
 0001:00003440       _ssGetAbsTol               0000000180004440 f   two_tanks_sfun_registry.obj
 0001:000034b0       _ssSetInputPortMatrixDimensions 00000001800044b0 f   two_tanks_sfun_registry.obj
 0001:000035c0       _ssSetOutputPortMatrixDimensions 00000001800045c0 f   two_tanks_sfun_registry.obj
 0001:000036d0       _ssSetInputPortVectorDimension 00000001800046d0 f   two_tanks_sfun_registry.obj
 0001:000037a0       _ssSetOutputPortVectorDimension 00000001800047a0 f   two_tanks_sfun_registry.obj
 0001:00003870       ssIsRunTimeParamTunable    0000000180004870 f   two_tanks_sfun_registry.obj
 0001:000038e0       ssGetSFuncBlockHandle      00000001800048e0 f   two_tanks_sfun_registry.obj
 0001:00003950       _ssGetCurrentInputPortWidth 0000000180004950 f   two_tanks_sfun_registry.obj
 0001:00003a70       _ssGetCurrentOutputPortWidth 0000000180004a70 f   two_tanks_sfun_registry.obj
 0001:00003b90       _ssGetCallSystemNumFcnCallDestinations 0000000180004b90 f   two_tanks_sfun_registry.obj
 0001:00003c00       ssWarning                  0000000180004c00 f   two_tanks_sfun_registry.obj
 0001:00003d10       ssGetIsZeroCrossControlDisabled 0000000180004d10 f   two_tanks_sfun_registry.obj
 0001:00003d80       ssSetIsInputPortUsedForContZcSignal 0000000180004d80 f   two_tanks_sfun_registry.obj
 0001:00003df0       ssSetZcSignalIsZcElementDisc 0000000180004df0 f   two_tanks_sfun_registry.obj
 0001:00003ea0       ssSetZcSignalName          0000000180004ea0 f   two_tanks_sfun_registry.obj
 0001:00003f10       ssSetZcSignalWidth         0000000180004f10 f   two_tanks_sfun_registry.obj
 0001:00003f80       ssSetZcSignalZcEventType   0000000180004f80 f   two_tanks_sfun_registry.obj
 0001:00003ff0       ssSetZcSignalType          0000000180004ff0 f   two_tanks_sfun_registry.obj
 0001:00004060       ssSetZcSignalZcTol         0000000180005060 f   two_tanks_sfun_registry.obj
 0001:000040d0       ssSetZcSignalNeedsEventNotification 00000001800050d0 f   two_tanks_sfun_registry.obj
 0001:00004140       ssCreateAndAddZcSignalInfo 0000000180005140 f   two_tanks_sfun_registry.obj
 0001:000041b0       ssCloneAndAddZcSignalInfo  00000001800051b0 f   two_tanks_sfun_registry.obj
 0001:00004220       ssGetNumZcSignals          0000000180005220 f   two_tanks_sfun_registry.obj
 0001:00004290       ssGetZcSignalVector        0000000180005290 f   two_tanks_sfun_registry.obj
 0001:00004300       ssGetZcSignalZcEvents      0000000180005300 f   two_tanks_sfun_registry.obj
 0001:00004370       ssGetZcSignalName          0000000180005370 f   two_tanks_sfun_registry.obj
 0001:000043e0       ssGetZcSignalWidth         00000001800053e0 f   two_tanks_sfun_registry.obj
 0001:00004450       ssGetZcSignalZcEventType   0000000180005450 f   two_tanks_sfun_registry.obj
 0001:000044c0       ssGetZcSignalType          00000001800054c0 f   two_tanks_sfun_registry.obj
 0001:00004530       ssGetZcSignalZcTol         0000000180005530 f   two_tanks_sfun_registry.obj
 0001:000045b0       ssGetZcSignalNeedsEventNotification 00000001800055b0 f   two_tanks_sfun_registry.obj
 0001:00004620       ssGetZcSignalIsZcElementDisc 0000000180005620 f   two_tanks_sfun_registry.obj
 0001:000046c0       ssGetIsInputPortElementContinuous 00000001800056c0 f   two_tanks_sfun_registry.obj
 0001:00004760       _ssGetInputPortSignalPtrsFcn 0000000180005760 f   two_tanks_sfun_registry.obj
 0001:00004a20       _ssGetInputPortSignalFcn   0000000180005a20 f   two_tanks_sfun_registry.obj
 0001:00004c40       _ssSetInputPortDirectFeedThroughFcn 0000000180005c40 f   two_tanks_sfun_registry.obj
 0001:00004da0       _ssSetInputPortReusableFcn 0000000180005da0 f   two_tanks_sfun_registry.obj
 0001:00004e90       _ssSetOutputPortReusableFcn 0000000180005e90 f   two_tanks_sfun_registry.obj
 0001:00004f70       ssGetDTypeIdFromMxArray    0000000180005f70 f   two_tanks_sfun_registry.obj
 0001:00005090       ssWriteRTWStr              0000000180006090 f   two_tanks_sfun_registry.obj
 0001:000050f0       ssWriteRTWMxVectParam      00000001800060f0 f   two_tanks_sfun_registry.obj
 0001:00005150       ssWriteRTWMx2dMatParam     0000000180006150 f   two_tanks_sfun_registry.obj
 0001:000051d0       ssWriteRTWNameValuePair    00000001800061d0 f   two_tanks_sfun_registry.obj
 0001:000056c0       ssWriteRTWParameters       00000001800066c0 f   two_tanks_sfun_registry.obj
 0001:00005cc0       ssWriteRTWParamSettings    0000000180006cc0 f   two_tanks_sfun_registry.obj
 0001:00006390       ssWriteRTWWorkVect         0000000180007390 f   two_tanks_sfun_registry.obj
 0001:00006890       mexFunction                0000000180007890 f   two_tanks_sfun_registry.obj
 0001:00008570       ProcessMexSfunctionEveryCall 0000000180009570 f   two_tanks_sfun_registry.obj
 0001:00008a10       sim_mode_is_rtw_gen        0000000180009a10 f   sfc_mex:sfc_sf.obj
 0001:00008a40       sim_mode_is_external       0000000180009a40 f   sfc_mex:sfc_sf.obj
 0001:00008a50       sim_mode_is_modelref_sim   0000000180009a50 f   sfc_mex:sfc_sf.obj
 0001:00008a70       mdlInitializeSizes         0000000180009a70 f   sfc_mex:sfc_sf.obj
 0001:00008a90       mdlInitializeSampleTimes   0000000180009a90 f   sfc_mex:sfc_sf.obj
 0001:00008ad0       mdlZeroCrossings           0000000180009ad0 f   sfc_mex:sfc_sf.obj
 0001:00008bb0       mdlDerivatives             0000000180009bb0 f   sfc_mex:sfc_sf.obj
 0001:00008c60       mdl_initialize_conditions_processing 0000000180009c60 f   sfc_mex:sfc_sf.obj
 0001:00008c90       mdlInitializeConditions    0000000180009c90 f   sfc_mex:sfc_sf.obj
 0001:00008d40       mdlGetSimState             0000000180009d40 f   sfc_mex:sfc_sf.obj
 0001:00008d50       mdlSetSimState             0000000180009d50 f   sfc_mex:sfc_sf.obj
 0001:00008d60       mdl_ext_mode_exec_processing 0000000180009d60 f   sfc_mex:sfc_sf.obj
 0001:00008d80       mdlExtModeExec             0000000180009d80 f   sfc_mex:sfc_sf.obj
 0001:00008f10       mdlTerminate               0000000180009f10 f   sfc_mex:sfc_sf.obj
 0001:00008f80       mdlRTW                     0000000180009f80 f   sfc_mex:sfc_sf.obj
 0001:00008fb0       mdlSetWorkWidths           0000000180009fb0 f   sfc_mex:sfc_sf.obj
 0001:00008fc0       mdlProcessParameters       0000000180009fc0 f   sfc_mex:sfc_sf.obj
 0001:00008fd0       mdl_start_processing       0000000180009fd0 f   sfc_mex:sfc_sf.obj
 0001:00009030       mdlStart                   000000018000a030 f   sfc_mex:sfc_sf.obj
 0001:00009140       mdlEnable                  000000018000a140 f   sfc_mex:sfc_sf.obj
 0001:00009210       mdlDisable                 000000018000a210 f   sfc_mex:sfc_sf.obj
 0001:000092c0       sf_get_chart_instance_ptr  000000018000a2c0 f   sfc_mex:sfc_sf.obj
 0001:000092e0       sf_load_rtw_optimization_info 000000018000a2e0 f   sfc_mex:sfc_sf.obj
 0001:000093b0       sf_update_buildInfo        000000018000a3b0 f   sfc_mex:sfc_sf.obj
 0001:000094b0       sf_rtw_info_uint_prop      000000018000a4b0 f   sfc_mex:sfc_sf.obj
 0001:000095f0       sf_is_chart_inlinable      000000018000a5f0 f   sfc_mex:sfc_sf.obj
 0001:00009610       sf_mark_output_events_with_multiple_callers 000000018000a610 f   sfc_mex:sfc_sf.obj
 0001:000097a0       sf_mark_chart_reusable_outputs 000000018000a7a0 f   sfc_mex:sfc_sf.obj
 0001:00009a00       sf_mark_chart_expressionable_inputs 000000018000aa00 f   sfc_mex:sfc_sf.obj
 0001:00009c60       sf_get_subchart_simstruct  000000018000ac60 f   sfc_mex:sfc_sf.obj
 0001:00009cb0       sf_get_fixpt_data_type_id  000000018000acb0 f   sfc_mex:sfc_sf.obj
 0001:00009cf0       sf_get_enum_data_type_id   000000018000acf0 f   sfc_mex:sfc_sf.obj
 0001:00009d30       sf_get_param_data_type_id  000000018000ad30 f   sfc_mex:sfc_sf.obj
 0001:00009d60       sf_mex_listen_for_ctrl_c_force 000000018000ad60 f   sfc_mex:sfc_sf.obj
 0001:00009e70       sf_mex_draw_now            000000018000ae70 f   sfc_mex:sfc_sf.obj
 0001:00009eb0       sf_mex_set_debugger_sim_status_listener_fcn 000000018000aeb0 f   sfc_mex:sfc_sf.obj
 0001:00009ec0       sf_mex_listen_for_ctrl_c   000000018000aec0 f   sfc_mex:sfc_sf.obj
 0001:00009f60       sf_mex_get_sfun_param      000000018000af60 f   sfc_mex:sfc_sf.obj
 0001:00009fb0       sf_get_runtime_param_data  000000018000afb0 f   sfc_mex:sfc_sf.obj
 0001:00009ff0       sf_call_output_fcn_call    000000018000aff0 f   sfc_mex:sfc_sf.obj
 0001:0000a130       sf_call_output_fcn_enable  000000018000b130 f   sfc_mex:sfc_sf.obj
 0001:0000a1c0       sf_call_output_fcn_disable 000000018000b1c0 f   sfc_mex:sfc_sf.obj
 0001:0000a250       sf_clear_rtw_identifier    000000018000b250 f   sfc_mex:sfc_sf.obj
 0001:0000aa30       sf_set_encoded_dwork_info  000000018000ba30 f   sfc_mex:sfc_sf.obj
 0001:0000aa80       sf_get_dwork_info_from_mat_file 000000018000ba80 f   sfc_mex:sfc_sf.obj
 0001:0000ac40       sf_set_rtw_dwork_info      000000018000bc40 f   sfc_mex:sfc_sf.obj
 0001:0000adb0       mdlOutputs                 000000018000bdb0 f   sfc_mex:sfc_sf.obj
 0001:0000afa0       sf_mex_mx_is_numeric       000000018000bfa0 f   sfc_mex:sfc_mex.obj
 0001:0000afe0       strcmp_ignore_ws           000000018000bfe0 f   sfc_mex:sfc_mex.obj
 0001:0000b120       sf_mex_duplicatearraysafe  000000018000c120 f   sfc_mex:sfc_mex.obj
 0001:0000b280       sf_set_error_debugger_context_message_fcn 000000018000c280 f   sfc_mex:sfc_mex.obj
 0001:0000b290       sf_set_debugger_matlab_error_fcn 000000018000c290 f   sfc_mex:sfc_mex.obj
 0001:0000b2d0       sf_set_error_prefix_string 000000018000c2d0 f   sfc_mex:sfc_mex.obj
 0001:0000b300       sf_get_error_prefix_string 000000018000c300 f   sfc_mex:sfc_mex.obj
 0001:0000b310       sf_mex_enter_parallel_region 000000018000c310 f   sfc_mex:sfc_mex.obj
 0001:0000b320       sf_mex_exit_parallel_region 000000018000c320 f   sfc_mex:sfc_mex.obj
 0001:0000b330       sf_get_current_jmp_buf_ptr 000000018000c330 f   sfc_mex:sfc_mex.obj
 0001:0000b340       sf_set_current_jmp_buf_ptr 000000018000c340 f   sfc_mex:sfc_mex.obj
 0001:0000b350       sf_mex_set_halt_simulation 000000018000c350 f   sfc_mex:sfc_mex.obj
 0001:0000b360       sf_mex_get_halt_simulation 000000018000c360 f   sfc_mex:sfc_mex.obj
 0001:0000b370       sf_mex_clear_error_message 000000018000c370 f   sfc_mex:sfc_mex.obj
 0001:0000b390       sf_mex_get_error_message_for_read 000000018000c390 f   sfc_mex:sfc_mex.obj
 0001:0000b3a0       sf_mex_get_error_message_buffer_length 000000018000c3a0 f   sfc_mex:sfc_mex.obj
 0001:0000b460       sf_mex_warning_message     000000018000c460 f   sfc_mex:sfc_mex.obj
 0001:0000b4b0       sf_mex_v_errbuf_createf    000000018000c4b0 f   sfc_mex:sfc_mex.obj
 0001:0000b4c0       sf_mex_errbuf_createf      000000018000c4c0 f   sfc_mex:sfc_mex.obj
 0001:0000b4f0       sf_mex_v_errbuf_catf       000000018000c4f0 f   sfc_mex:sfc_mex.obj
 0001:0000b530       sf_mex_errbuf_catf         000000018000c530 f   sfc_mex:sfc_mex.obj
 0001:0000b580       sf_mex_errbuf_copy         000000018000c580 f   sfc_mex:sfc_mex.obj
 0001:0000b590       sf_mex_errbuf_clear        000000018000c590 f   sfc_mex:sfc_mex.obj
 0001:0000b5a0       sf_mex_errbuf_isempty      000000018000c5a0 f   sfc_mex:sfc_mex.obj
 0001:0000b6a0       sf_mex_set_error_status    000000018000c6a0 f   sfc_mex:sfc_mex.obj
 0001:0000b6f0       sf_mex_error_direct_call   000000018000c6f0 f   sfc_mex:sfc_mex.obj
 0001:0000b710       sf_mex_error_message_no_long_jump 000000018000c710 f   sfc_mex:sfc_mex.obj
 0001:0000b730       sf_mex_long_jump_on_error  000000018000c730 f   sfc_mex:sfc_mex.obj
 0001:0000b760       sf_mex_call_matlab         000000018000c760 f   sfc_mex:sfc_mex.obj
 0001:0000b840       sf_mex_check_builtin       000000018000c840 f   sfc_mex:sfc_mex.obj
 0001:0000b8e0       sf_mex_check_builtin_vs    000000018000c8e0 f   sfc_mex:sfc_mex.obj
 0001:0000b9a0       sf_mex_check_enum          000000018000c9a0 f   sfc_mex:sfc_mex.obj
 0001:0000ba20       sf_mex_create_enum         000000018000ca20 f   sfc_mex:sfc_mex.obj
 0001:0000ba90       sf_mex_get_enum_element    000000018000ca90 f   sfc_mex:sfc_mex.obj
 0001:0000baa0       sf_mex_createcellarray     000000018000caa0 f   sfc_mex:sfc_mex.obj
 0001:0000bab0       sf_mex_setcell             000000018000cab0 f   sfc_mex:sfc_mex.obj
 0001:0000bac0       sf_mex_getcell             000000018000cac0 f   sfc_mex:sfc_mex.obj
 0001:0000bad0       sf_mex_dup                 000000018000cad0 f   sfc_mex:sfc_mex.obj
 0001:0000baf0       sf_mex_assign              000000018000caf0 f   sfc_mex:sfc_mex.obj
 0001:0000bb70       sf_mex_destroy             000000018000cb70 f   sfc_mex:sfc_mex.obj
 0001:0000bba0       mx_array_has_fi_type       000000018000cba0 f   sfc_mex:sfc_mex.obj
 0001:0000bbd0       sf_mex_convert_from_fi     000000018000cbd0 f   sfc_mex:sfc_mex.obj
 0001:0000bdb0       sf_mex_convert_to_double   000000018000cdb0 f   sfc_mex:sfc_mex.obj
 0001:0000bec0       sf_mex_import_fi_vs        000000018000cec0 f   sfc_mex:sfc_mex.obj
 0001:0000c0d0       sf_matrix_matrix_index_ok  000000018000d0d0 f   sfc_mex:sfc_mex.obj
 0001:0000c160       sf_vector_vector_index_ok  000000018000d160 f   sfc_mex:sfc_mex.obj
 0001:0000c190       ssGetCurrentInputPortDimensions_wrapper 000000018000d190 f   sfc_mex:sfc_mex.obj
 0001:0000c1b0       ssGetCurrentOutputPortDimensions_wrapper 000000018000d1b0 f   sfc_mex:sfc_mex.obj
 0001:0000c1d0       sf_mex_emlrt_context_is_debug_mode 000000018000d1d0 f   sfc_mex:sfc_mex.obj
 0001:0000c1e0       sf_mex_emlrt_context_set_debug_mode 000000018000d1e0 f   sfc_mex:sfc_mex.obj
 0001:0000c1f0       sf_mex_emlrtNameCapturePostProcessR2012a 000000018000d1f0 f   sfc_mex:sfc_mex.obj
 0001:0000c260       sf_clear_error_manager_info 000000018000d260 f   sfc_mex:sfc_mex.obj
 0001:0000c2c0       sf_mex_stop_simulation_abruptly_wo_error 000000018000d2c0 f   sfc_mex:sfc_mex.obj
 0001:0000c300       sf_mex_error_message       000000018000d300 f   sfc_mex:sfc_mex.obj
 0001:0000c370       sf_react_to_error_in_matlab_call 000000018000d370 f   sfc_mex:sfc_mex.obj
 0001:0000c3a0       sf_mex_addfield            000000018000d3a0 f   sfc_mex:sfc_mex.obj
 0001:0000c440       sf_mex_getfield            000000018000d440 f   sfc_mex:sfc_mex.obj
 0001:0000c7b0       sf_mex_check_class         000000018000d7b0 f   sfc_mex:sfc_mex.obj
 0001:0000c8a0       sf_mex_is_real             000000018000d8a0 f   sfc_mex:sfc_mex.obj
 0001:0000d050       sf_mex_decode_encoded_mx_cell_array 000000018000e050 f   sfc_mex:sfc_mex.obj
 0001:0000d2c0       sf_mex_decode_encoded_mx_struct_array 000000018000e2c0 f   sfc_mex:sfc_mex.obj
 0001:0000d590       lw_bounds_error            000000018000e590 f   sfc_mex:sfc_mex.obj
 0001:0000d5a0       sf_mex_lw_bounds_check     000000018000e5a0 f   sfc_mex:sfc_mex.obj
 0001:0000d5d0       sf_mex_lw_bounds_check_int64 000000018000e5d0 f   sfc_mex:sfc_mex.obj
 0001:0000d610       sf_mex_lw_size_eq_check_1d 000000018000e610 f   sfc_mex:sfc_mex.obj
 0001:0000d630       sf_mex_lw_size_eq_check_nd 000000018000e630 f   sfc_mex:sfc_mex.obj
 0001:0000d810       sf_mex_lw_dim_size_eq_check 000000018000e810 f   sfc_mex:sfc_mex.obj
 0001:0000d840       sf_mex_lw_dim_size_geq_check 000000018000e840 f   sfc_mex:sfc_mex.obj
 0001:0000d870       sf_mex_lw_sub_assign_size_check_nd 000000018000e870 f   sfc_mex:sfc_mex.obj
 0001:0000da20       sf_mex_lw_runtime_error_msgid 000000018000ea20 f   sfc_mex:sfc_mex.obj
 0001:0000db10       sf_mex_lw_matrix_matrix_index_check 000000018000eb10 f   sfc_mex:sfc_mex.obj
 0001:0000db30       sf_mex_lw_vector_vector_index_check 000000018000eb30 f   sfc_mex:sfc_mex.obj
 0001:0000db70       sf_mex_lw_for_loop_vector_check 000000018000eb70 f   sfc_mex:sfc_mex.obj
 0001:0000dbf0       sf_mex_lw_non_negative_check 000000018000ebf0 f   sfc_mex:sfc_mex.obj
 0001:0000dc30       sf_mex_overflow_error      000000018000ec30 f   sfc_mex:sfc_mex.obj
 0001:0000dc40       sf_mex_dividebyzero_error  000000018000ec40 f   sfc_mex:sfc_mex.obj
 0001:0000dc50       sf_mex_unsafe_enum_error   000000018000ec50 f   sfc_mex:sfc_mex.obj
 0001:0000dc60       sf_emlrtErrHandler         000000018000ec60 f   sfc_mex:sfc_mex.obj
 0001:0000dd20       sf_mex_size_one_check      000000018000ed20 f   sfc_mex:sfc_mex.obj
 0001:0000dd40       sf_mex_printf              000000018000ed40 f   sfc_mex:sfc_mex.obj
 0001:0000df90       sf_mex_check_size          000000018000ef90 f   sfc_mex:sfc_mex.obj
 0001:0000e2d0       sf_mex_check_struct        000000018000f2d0 f   sfc_mex:sfc_mex.obj
 0001:0000e4f0       sf_mex_check_struct_vs     000000018000f4f0 f   sfc_mex:sfc_mex.obj
 0001:0000e580       sf_mex_check_fi            000000018000f580 f   sfc_mex:sfc_mex.obj
 0001:0000e710       sf_mex_check_fi_vs         000000018000f710 f   sfc_mex:sfc_mex.obj
 0001:0000e7b0       sf_echo_expression         000000018000f7b0 f   sfc_mex:sfc_mex.obj
 0001:0000e810       sf_assertion_failed        000000018000f810 f   sfc_mex:sfc_mex.obj
 0001:0000eae0       sf_mex_evalin              000000018000fae0 f   sfc_mex:sfc_mex.obj
 0001:0000ee30       sf_mex_export              000000018000fe30 f   sfc_mex:sfc_mex.obj
 0001:0000eef0       sf_mex_get_ml_var_no_error 000000018000fef0 f   sfc_mex:sfc_mex.obj
 0001:0000f130       sf_mex_get_ml_var          0000000180010130 f   sfc_mex:sfc_mex.obj
 0001:0000f630       ml_set_element_value_in_array 0000000180010630 f   sfc_mex:sfc_mex.obj
 0001:00010fa0       sf_mex_call_impl           0000000180011fa0 f   sfc_mex:sfc_mex.obj
 0001:000113c0       sf_mex_call_debug          00000001800123c0 f   sfc_mex:sfc_mex.obj
 0001:000113f0       sf_mex_call                00000001800123f0 f   sfc_mex:sfc_mex.obj
 0001:00011b00       sf_mex_createstruct        0000000180012b00 f   sfc_mex:sfc_mex.obj
 0001:00011bf0       sf_mex_createstructarray   0000000180012bf0 f   sfc_mex:sfc_mex.obj
 0001:00011c70       sf_mex_get_mx_datatype_from_sf_datatype 0000000180012c70 f   sfc_mex:sfc_mex.obj
 0001:00011f80       sf_mex_ml_var_sub          0000000180012f80 f   sfc_mex:sfc_mex.obj
 0001:00012190       sf_mex_ml_var_subsasgn     0000000180013190 f   sfc_mex:sfc_mex.obj
 0001:00012550       sf_mex_sub                 0000000180013550 f   sfc_mex:sfc_mex.obj
 0001:00012790       sf_mex_subsasgn            0000000180013790 f   sfc_mex:sfc_mex.obj
 0001:00012c00       sf_mex_create              0000000180013c00 f   sfc_mex:sfc_mex.obj
 0001:00013570       sf_mex_import_named        0000000180014570 f   sfc_mex:sfc_mex.obj
 0001:000135d0       sf_mex_import              00000001800145d0 f   sfc_mex:sfc_mex.obj
 0001:00013620       sf_mex_import_vs           0000000180014620 f   sfc_mex:sfc_mex.obj
 0001:00013730       sf_mex_lower_fixpt_mx_array 0000000180014730 f   sfc_mex:sfc_mex.obj
 0001:00013a3a       mxGetScalar                0000000180014a3a f   libmx:libmx.dll
 0001:00013a40       mxGetPr                    0000000180014a40 f   libmx:libmx.dll
 0001:00013a46       mxCreateDoubleMatrix_730   0000000180014a46 f   libmx:libmx.dll
 0001:00013a4c       mxGetString_730            0000000180014a4c f   libmx:libmx.dll
 0001:00013a52       mxIsChar                   0000000180014a52 f   libmx:libmx.dll
 0001:00013a58       mxDestroyArray             0000000180014a58 f   libmx:libmx.dll
 0001:00013a5e       mxDuplicateArray           0000000180014a5e f   libmx:libmx.dll
 0001:00013a64       mxCreateDoubleScalar       0000000180014a64 f   libmx:libmx.dll
 0001:00013a6a       mxSetField_730             0000000180014a6a f   libmx:libmx.dll
 0001:00013a70       mxCreateString             0000000180014a70 f   libmx:libmx.dll
 0001:00013a76       mxCreateStructMatrix_730   0000000180014a76 f   libmx:libmx.dll
 0001:00013a7c       mxCreateCellMatrix_730     0000000180014a7c f   libmx:libmx.dll
 0001:00013a82       mxGetClassID               0000000180014a82 f   libmx:libmx.dll
 0001:00013a88       mxIsNumeric                0000000180014a88 f   libmx:libmx.dll
 0001:00013a8e       mxIsComplex                0000000180014a8e f   libmx:libmx.dll
 0001:00013a94       mxGetN                     0000000180014a94 f   libmx:libmx.dll
 0001:00013a9a       mxGetM                     0000000180014a9a f   libmx:libmx.dll
 0001:00013aa0       mxCalloc                   0000000180014aa0 f   libmx:libmx.dll
 0001:00013aa6       mxGetString_700            0000000180014aa6 f   libmx:libmx.dll
 0001:00013aac       mxFree                     0000000180014aac f   libmx:libmx.dll
 0001:00013ab2       mxArrayToString            0000000180014ab2 f   libmx:libmx.dll
 0001:00013ab8       mxGetNumberOfElements      0000000180014ab8 f   libmx:libmx.dll
 0001:00013abe       mxGetField_700             0000000180014abe f   libmx:libmx.dll
 0001:00013ac4       mxSetFieldByNumber_700     0000000180014ac4 f   libmx:libmx.dll
 0001:00013aca       mxCreateStructArray_700    0000000180014aca f   libmx:libmx.dll
 0001:00013ad0       mxGetData                  0000000180014ad0 f   libmx:libmx.dll
 0001:00013ad6       mxCreateNumericArray_700   0000000180014ad6 f   libmx:libmx.dll
 0001:00013adc       mxIsLogical                0000000180014adc f   libmx:libmx.dll
 0001:00013ae2       mxCreateDoubleMatrix_700   0000000180014ae2 f   libmx:libmx.dll
 0001:00013ae8       mxGetProperty_700          0000000180014ae8 f   libmx:libmx.dll
 0001:00013aee       mxCreateCellMatrix_700     0000000180014aee f   libmx:libmx.dll
 0001:00013af4       mxSetCell_700              0000000180014af4 f   libmx:libmx.dll
 0001:00013afa       mxGetCell_700              0000000180014afa f   libmx:libmx.dll
 0001:00013b00       mxGetClassName             0000000180014b00 f   libmx:libmx.dll
 0001:00013b06       mxSetField_700             0000000180014b06 f   libmx:libmx.dll
 0001:00013b0c       mxAddField                 0000000180014b0c f   libmx:libmx.dll
 0001:00013b12       mxIsStruct                 0000000180014b12 f   libmx:libmx.dll
 0001:00013b18       mxIsA                      0000000180014b18 f   libmx:libmx.dll
 0001:00013b1e       mxIsClass                  0000000180014b1e f   libmx:libmx.dll
 0001:00013b24       mxGetLogicals              0000000180014b24 f   libmx:libmx.dll
 0001:00013b2a       mxIsSparse                 0000000180014b2a f   libmx:libmx.dll
 0001:00013b30       mxIsCell                   0000000180014b30 f   libmx:libmx.dll
 0001:00013b36       mxGetFieldByNumber_700     0000000180014b36 f   libmx:libmx.dll
 0001:00013b3c       mxGetFieldNameByNumber     0000000180014b3c f   libmx:libmx.dll
 0001:00013b42       mxGetNumberOfFields        0000000180014b42 f   libmx:libmx.dll
 0001:00013b48       mxCreateStructMatrix_700   0000000180014b48 f   libmx:libmx.dll
 0001:00013b4e       mxGetFieldNumber           0000000180014b4e f   libmx:libmx.dll
 0001:00013b54       mxIsNaN                    0000000180014b54 f   libmx:libmx.dll
 0001:00013b5a       mxIsEmpty                  0000000180014b5a f   libmx:libmx.dll
 0001:00013b60       mxGetImagData              0000000180014b60 f   libmx:libmx.dll
 0001:00013b66       mxArrayClassIDName         0000000180014b66 f   libmx:libmx.dll
 0001:00013b6c       mxCreateNumericMatrix_700  0000000180014b6c f   libmx:libmx.dll
 0001:00013b72       mxCalcSingleSubscript_700  0000000180014b72 f   libmx:libmx.dll
 0001:00013b78       mxGetDimensions_700        0000000180014b78 f   libmx:libmx.dll
 0001:00013b7e       mxGetNumberOfDimensions_700 0000000180014b7e f   libmx:libmx.dll
 0001:00013b84       mxGetElementSize           0000000180014b84 f   libmx:libmx.dll
 0001:00013b8a       mxCreateStringFromNChars_700 0000000180014b8a f   libmx:libmx.dll
 0001:00013b90       mexMakeArrayPersistent     0000000180014b90 f   libmex:libmex.dll
 0001:00013b96       mexUnlock                  0000000180014b96 f   libmex:libmex.dll
 0001:00013b9c       mexIsLocked                0000000180014b9c f   libmex:libmex.dll
 0001:00013ba2       mexWarnMsgTxt              0000000180014ba2 f   libmex:libmex.dll
 0001:00013ba8       mexCallMATLAB              0000000180014ba8 f   libmex:libmex.dll
 0001:00013bae       mexErrMsgTxt               0000000180014bae f   libmex:libmex.dll
 0001:00013bb4       mexLock                    0000000180014bb4 f   libmex:libmex.dll
 0001:00013bba       mexMakeMemoryPersistent    0000000180014bba f   libmex:libmex.dll
 0001:00013bc0       mexCallMATLABWithTrap      0000000180014bc0 f   libmex:libmex.dll
 0001:00013bc6       mexPutVariable             0000000180014bc6 f   libmex:libmex.dll
 0001:00013bcc       mexGetVariable             0000000180014bcc f   libmex:libmex.dll
 0001:00013bd2       ssRegisterDataTypeFxpFSlopeFixExpBias 0000000180014bd2 f   libfixedpoint:libfixedpoint.dll
 0001:00013bd8       ssRegisterDataTypeFxpScaledDouble 0000000180014bd8 f   libfixedpoint:libfixedpoint.dll
 0001:00013bde       utMalloc                   0000000180014bde f   libut:libut.dll
 0001:00013be4       utFree                     0000000180014be4 f   libut:libut.dll
 0001:00013bea       utCPUtime                  0000000180014bea f   libut:libut.dll
 0001:00013bf0       utVSNprintf                0000000180014bf0 f   libut:libut.dll
 0001:00013bf6       emlrtCreateRootTLS         0000000180014bf6 f   libemlrt:libemlrt.dll
 0001:00013bfc       emlrtDestroyRootTLS        0000000180014bfc f   libemlrt:libemlrt.dll
 0001:00013c02       emlrtCheckBuiltInR2012b    0000000180014c02 f   libemlrt:libemlrt.dll
 0001:00013c08       emlrtCheckVsBuiltInR2012b  0000000180014c08 f   libemlrt:libemlrt.dll
 0001:00013c0e       emlrtCheckEnumR2012b       0000000180014c0e f   libemlrt:libemlrt.dll
 0001:00013c14       emlrtCreateEnumR2012b      0000000180014c14 f   libemlrt:libemlrt.dll
 0001:00013c1a       emlrtGetEnumElementR2009a  0000000180014c1a f   libemlrt:libemlrt.dll
 0001:00013c20       emlrtCreateReference       0000000180014c20 f   libemlrt:libemlrt.dll
 0001:00013c26       emlrtImportVsFiArrayR2009b 0000000180014c26 f   libemlrt:libemlrt.dll
 0001:00013c2c       emlrtNameCapturePostProcessR2012a 0000000180014c2c f   libemlrt:libemlrt.dll
 0001:00013c32       emlrtExtractMessageId      0000000180014c32 f   libemlrt:libemlrt.dll
 0001:00013c38       emlrtTranslateMessageIDtoLCPstring 0000000180014c38 f   libemlrt:libemlrt.dll
 0001:00013c3e       emlrtForLoopVectorIsValidR2011b 0000000180014c3e f   libemlrt:libemlrt.dll
 0001:00013c44       emlrtTranslateUTF16MessagetoLCPstring 0000000180014c44 f   libemlrt:libemlrt.dll
 0001:00013c4a       emlrtGetEnumUnderlyingArrayR2009a 0000000180014c4a f   libemlrt:libemlrt.dll
 0001:00013c50       emlrtIsEnumR2009a          0000000180014c50 f   libemlrt:libemlrt.dll
 0001:00013c56       emlrtInitCharArrayR2013a   0000000180014c56 f   libemlrt:libemlrt.dll
 0001:00013c5c       __GSHandlerCheckCommon     0000000180014c5c f   MSVCRT:gshandler.obj
 0001:00013cc0       __GSHandlerCheck           0000000180014cc0 f   MSVCRT:gshandler.obj
 0001:00013cde       strcmp                     0000000180014cde f   MSVCRT:MSVCR100.dll
 0001:00013d00       __security_check_cookie    0000000180014d00 f   MSVCRT:amdsecgs.obj
 0001:00013d20       memset                     0000000180014d20 f   MSVCRT:MSVCR100.dll
 0001:00013d26       free                       0000000180014d26 f   MSVCRT:MSVCR100.dll
 0001:00013d2c       sprintf                    0000000180014d2c f   MSVCRT:MSVCR100.dll
 0001:00013d32       malloc                     0000000180014d32 f   MSVCRT:MSVCR100.dll
 0001:00013d38       strlen                     0000000180014d38 f   MSVCRT:MSVCR100.dll
 0001:00013d3e       strcat                     0000000180014d3e f   MSVCRT:MSVCR100.dll
 0001:00013d44       memcpy                     0000000180014d44 f   MSVCRT:MSVCR100.dll
 0001:00013d4c       NtCurrentTeb               0000000180014d4c f i MSVCRT:crtdll.obj
 0001:00013db8       _CRT_INIT                  0000000180014db8 f   MSVCRT:crtdll.obj
 0001:00014150       _DllMainCRTStartup         0000000180015150 f   MSVCRT:crtdll.obj
 0001:0001418e       _setjmp                    000000018001518e f   MSVCRT:MSVCR100.dll
 0001:00014194       strncpy                    0000000180015194 f   MSVCRT:MSVCR100.dll
 0001:000141b0       _alloca_probe              00000001800151b0     MSVCRT:chkstk.obj
 0001:000141b0       __chkstk                   00000001800151b0 f   MSVCRT:chkstk.obj
 0001:000141fe       longjmp                    00000001800151fe f   MSVCRT:MSVCR100.dll
 0001:00014204       strncmp                    0000000180015204 f   MSVCRT:MSVCR100.dll
 0001:0001420a       ceil                       000000018001520a f   MSVCRT:MSVCR100.dll
 0001:00014210       strrchr                    0000000180015210 f   MSVCRT:MSVCR100.dll
 0001:00014218       __report_gsfailure         0000000180015218 f   MSVCRT:gs_report.obj
 0001:00014364       __clean_type_info_names    0000000180015364 f   MSVCRT:tncleanup.obj
 0001:00014370       _onexit                    0000000180015370 f   MSVCRT:atonexit.obj
 0001:00014420       atexit                     0000000180015420 f   MSVCRT:atonexit.obj
 0001:00014438       _RTC_Initialize            0000000180015438 f   MSVCRT:_initsect_.obj
 0001:00014470       _RTC_Terminate             0000000180015470 f   MSVCRT:_initsect_.obj
 0001:000144a8       _malloc_crt                00000001800154a8 f   MSVCRT:MSVCR100.dll
 0001:000144b0       _ValidateImageBase         00000001800154b0 f   MSVCRT:pesect.obj
 0001:000144e0       _FindPESection             00000001800154e0 f   MSVCRT:pesect.obj
 0001:00014530       _IsNonwritableInCurrentImage 0000000180015530 f   MSVCRT:pesect.obj
 0001:00014572       _initterm                  0000000180015572 f   MSVCRT:MSVCR100.dll
 0001:00014578       _initterm_e                0000000180015578 f   MSVCRT:MSVCR100.dll
 0001:0001457e       _encoded_null              000000018001557e f   MSVCRT:MSVCR100.dll
 0001:00014584       _amsg_exit                 0000000180015584 f   MSVCRT:MSVCR100.dll
 0001:0001458a       __C_specific_handler       000000018001558a f   MSVCRT:MSVCR100.dll
 0001:00014590       __CppXcptFilter            0000000180015590 f   MSVCRT:MSVCR100.dll
 0001:00014598       DllMain                    0000000180015598 f   MSVCRT:dllmain.obj
 0001:000145bc       __security_init_cookie     00000001800155bc f   MSVCRT:gs_support.obj
 0001:00014670       __crt_debugger_hook        0000000180015670 f   MSVCRT:MSVCR100.dll
 0001:00014676       __clean_type_info_names_internal 0000000180015676 f   MSVCRT:MSVCR100.dll
 0001:0001467c       _unlock                    000000018001567c f   MSVCRT:MSVCR100.dll
 0001:00014682       __dllonexit                0000000180015682 f   MSVCRT:MSVCR100.dll
 0001:00014688       _lock                      0000000180015688 f   MSVCRT:MSVCR100.dll
 0001:0001468e       EncodePointer              000000018001568e f   kernel32:KERNEL32.dll
 0001:00014694       DecodePointer              0000000180015694 f   kernel32:KERNEL32.dll
 0001:0001469a       Sleep                      000000018001569a f   kernel32:KERNEL32.dll
 0001:000146a0       TerminateProcess           00000001800156a0 f   kernel32:KERNEL32.dll
 0001:000146a6       GetCurrentProcess          00000001800156a6 f   kernel32:KERNEL32.dll
 0001:000146ac       UnhandledExceptionFilter   00000001800156ac f   kernel32:KERNEL32.dll
 0001:000146b2       SetUnhandledExceptionFilter 00000001800156b2 f   kernel32:KERNEL32.dll
 0001:000146b8       IsDebuggerPresent          00000001800156b8 f   kernel32:KERNEL32.dll
 0001:000146be       RtlVirtualUnwind           00000001800156be f   kernel32:KERNEL32.dll
 0001:000146c4       RtlLookupFunctionEntry     00000001800156c4 f   kernel32:KERNEL32.dll
 0001:000146ca       RtlCaptureContext          00000001800156ca f   kernel32:KERNEL32.dll
 0001:000146d0       DisableThreadLibraryCalls  00000001800156d0 f   kernel32:KERNEL32.dll
 0001:000146d6       QueryPerformanceCounter    00000001800156d6 f   kernel32:KERNEL32.dll
 0001:000146dc       GetTickCount               00000001800156dc f   kernel32:KERNEL32.dll
 0001:000146e2       GetCurrentThreadId         00000001800156e2 f   kernel32:KERNEL32.dll
 0001:000146e8       GetCurrentProcessId        00000001800156e8 f   kernel32:KERNEL32.dll
 0001:000146ee       GetSystemTimeAsFileTime    00000001800156ee f   kernel32:KERNEL32.dll
 0002:00000000       __imp_GetSystemTimeAsFileTime 0000000180016000     kernel32:KERNEL32.dll
 0002:00000008       __imp_GetCurrentProcessId  0000000180016008     kernel32:KERNEL32.dll
 0002:00000010       __imp_GetCurrentThreadId   0000000180016010     kernel32:KERNEL32.dll
 0002:00000018       __imp_GetTickCount         0000000180016018     kernel32:KERNEL32.dll
 0002:00000020       __imp_QueryPerformanceCounter 0000000180016020     kernel32:KERNEL32.dll
 0002:00000028       __imp_DisableThreadLibraryCalls 0000000180016028     kernel32:KERNEL32.dll
 0002:00000030       __imp_RtlCaptureContext    0000000180016030     kernel32:KERNEL32.dll
 0002:00000038       __imp_RtlLookupFunctionEntry 0000000180016038     kernel32:KERNEL32.dll
 0002:00000040       __imp_RtlVirtualUnwind     0000000180016040     kernel32:KERNEL32.dll
 0002:00000048       __imp_IsDebuggerPresent    0000000180016048     kernel32:KERNEL32.dll
 0002:00000050       __imp_SetUnhandledExceptionFilter 0000000180016050     kernel32:KERNEL32.dll
 0002:00000058       __imp_UnhandledExceptionFilter 0000000180016058     kernel32:KERNEL32.dll
 0002:00000060       __imp_GetCurrentProcess    0000000180016060     kernel32:KERNEL32.dll
 0002:00000068       __imp_TerminateProcess     0000000180016068     kernel32:KERNEL32.dll
 0002:00000070       __imp_Sleep                0000000180016070     kernel32:KERNEL32.dll
 0002:00000078       __imp_DecodePointer        0000000180016078     kernel32:KERNEL32.dll
 0002:00000080       __imp_EncodePointer        0000000180016080     kernel32:KERNEL32.dll
 0002:00000088       \177KERNEL32_NULL_THUNK_DATA 0000000180016088     kernel32:KERNEL32.dll
 0002:00000090       __imp__onexit              0000000180016090     MSVCRT:MSVCR100.dll
 0002:00000098       __imp__lock                0000000180016098     MSVCRT:MSVCR100.dll
 0002:000000a0       __imp___dllonexit          00000001800160a0     MSVCRT:MSVCR100.dll
 0002:000000a8       __imp__unlock              00000001800160a8     MSVCRT:MSVCR100.dll
 0002:000000b0       __imp___clean_type_info_names_internal 00000001800160b0     MSVCRT:MSVCR100.dll
 0002:000000b8       __imp___crt_debugger_hook  00000001800160b8     MSVCRT:MSVCR100.dll
 0002:000000c0       __imp___CppXcptFilter      00000001800160c0     MSVCRT:MSVCR100.dll
 0002:000000c8       __imp___C_specific_handler 00000001800160c8     MSVCRT:MSVCR100.dll
 0002:000000d0       __imp__amsg_exit           00000001800160d0     MSVCRT:MSVCR100.dll
 0002:000000d8       __imp__encoded_null        00000001800160d8     MSVCRT:MSVCR100.dll
 0002:000000e0       __imp__initterm_e          00000001800160e0     MSVCRT:MSVCR100.dll
 0002:000000e8       __imp__initterm            00000001800160e8     MSVCRT:MSVCR100.dll
 0002:000000f0       __imp__malloc_crt          00000001800160f0     MSVCRT:MSVCR100.dll
 0002:000000f8       __imp_strrchr              00000001800160f8     MSVCRT:MSVCR100.dll
 0002:00000100       __imp_ceil                 0000000180016100     MSVCRT:MSVCR100.dll
 0002:00000108       __imp_strncmp              0000000180016108     MSVCRT:MSVCR100.dll
 0002:00000110       __imp_longjmp              0000000180016110     MSVCRT:MSVCR100.dll
 0002:00000118       __imp_strncpy              0000000180016118     MSVCRT:MSVCR100.dll
 0002:00000120       __imp__setjmp              0000000180016120     MSVCRT:MSVCR100.dll
 0002:00000128       __imp_memcpy               0000000180016128     MSVCRT:MSVCR100.dll
 0002:00000130       __imp_strcat               0000000180016130     MSVCRT:MSVCR100.dll
 0002:00000138       __imp_strlen               0000000180016138     MSVCRT:MSVCR100.dll
 0002:00000140       __imp_malloc               0000000180016140     MSVCRT:MSVCR100.dll
 0002:00000148       __imp_sprintf              0000000180016148     MSVCRT:MSVCR100.dll
 0002:00000150       __imp_free                 0000000180016150     MSVCRT:MSVCR100.dll
 0002:00000158       __imp_memset               0000000180016158     MSVCRT:MSVCR100.dll
 0002:00000160       __imp_strcmp               0000000180016160     MSVCRT:MSVCR100.dll
 0002:00000168       \177MSVCR100_NULL_THUNK_DATA 0000000180016168     MSVCRT:MSVCR100.dll
 0002:00000170       __imp_emlrtInitCharArrayR2013a 0000000180016170     libemlrt:libemlrt.dll
 0002:00000178       __imp_emlrtIsEnumR2009a    0000000180016178     libemlrt:libemlrt.dll
 0002:00000180       __imp_emlrtGetEnumUnderlyingArrayR2009a 0000000180016180     libemlrt:libemlrt.dll
 0002:00000188       __imp_emlrtTranslateUTF16MessagetoLCPstring 0000000180016188     libemlrt:libemlrt.dll
 0002:00000190       __imp_emlrtForLoopVectorIsValidR2011b 0000000180016190     libemlrt:libemlrt.dll
 0002:00000198       __imp_emlrtTranslateMessageIDtoLCPstring 0000000180016198     libemlrt:libemlrt.dll
 0002:000001a0       __imp_emlrtExtractMessageId 00000001800161a0     libemlrt:libemlrt.dll
 0002:000001a8       __imp_emlrtNameCapturePostProcessR2012a 00000001800161a8     libemlrt:libemlrt.dll
 0002:000001b0       __imp_emlrtImportVsFiArrayR2009b 00000001800161b0     libemlrt:libemlrt.dll
 0002:000001b8       __imp_emlrtCreateReference 00000001800161b8     libemlrt:libemlrt.dll
 0002:000001c0       __imp_emlrtGetEnumElementR2009a 00000001800161c0     libemlrt:libemlrt.dll
 0002:000001c8       __imp_emlrtCreateEnumR2012b 00000001800161c8     libemlrt:libemlrt.dll
 0002:000001d0       __imp_emlrtCheckEnumR2012b 00000001800161d0     libemlrt:libemlrt.dll
 0002:000001d8       __imp_emlrtCheckVsBuiltInR2012b 00000001800161d8     libemlrt:libemlrt.dll
 0002:000001e0       __imp_emlrtCheckBuiltInR2012b 00000001800161e0     libemlrt:libemlrt.dll
 0002:000001e8       __imp_emlrtDestroyRootTLS  00000001800161e8     libemlrt:libemlrt.dll
 0002:000001f0       __imp_emlrtCreateRootTLS   00000001800161f0     libemlrt:libemlrt.dll
 0002:000001f8       \177libemlrt_NULL_THUNK_DATA 00000001800161f8     libemlrt:libemlrt.dll
 0002:00000200       __imp_ssRegisterDataTypeFxpScaledDouble 0000000180016200     libfixedpoint:libfixedpoint.dll
 0002:00000208       __imp_ssRegisterDataTypeFxpFSlopeFixExpBias 0000000180016208     libfixedpoint:libfixedpoint.dll
 0002:00000210       \177libfixedpoint_NULL_THUNK_DATA 0000000180016210     libfixedpoint:libfixedpoint.dll
 0002:00000218       __imp_mexPutVariable       0000000180016218     libmex:libmex.dll
 0002:00000220       __imp_mexGetVariable       0000000180016220     libmex:libmex.dll
 0002:00000228       __imp_mexCallMATLABWithTrap 0000000180016228     libmex:libmex.dll
 0002:00000230       __imp_mexMakeMemoryPersistent 0000000180016230     libmex:libmex.dll
 0002:00000238       __imp_mexLock              0000000180016238     libmex:libmex.dll
 0002:00000240       __imp_mexUnlock            0000000180016240     libmex:libmex.dll
 0002:00000248       __imp_mexIsLocked          0000000180016248     libmex:libmex.dll
 0002:00000250       __imp_mexMakeArrayPersistent 0000000180016250     libmex:libmex.dll
 0002:00000258       __imp_mexWarnMsgTxt        0000000180016258     libmex:libmex.dll
 0002:00000260       __imp_mexCallMATLAB        0000000180016260     libmex:libmex.dll
 0002:00000268       __imp_mexErrMsgTxt         0000000180016268     libmex:libmex.dll
 0002:00000270       \177libmex_NULL_THUNK_DATA 0000000180016270     libmex:libmex.dll
 0002:00000278       __imp_mxIsChar             0000000180016278     libmx:libmx.dll
 0002:00000280       __imp_mxCreateDoubleMatrix_730 0000000180016280     libmx:libmx.dll
 0002:00000288       __imp_mxGetPr              0000000180016288     libmx:libmx.dll
 0002:00000290       __imp_mxGetString_730      0000000180016290     libmx:libmx.dll
 0002:00000298       __imp_mxDestroyArray       0000000180016298     libmx:libmx.dll
 0002:000002a0       __imp_mxCreateStringFromNChars_700 00000001800162a0     libmx:libmx.dll
 0002:000002a8       __imp_mxGetElementSize     00000001800162a8     libmx:libmx.dll
 0002:000002b0       __imp_mxGetNumberOfDimensions_700 00000001800162b0     libmx:libmx.dll
 0002:000002b8       __imp_mxGetDimensions_700  00000001800162b8     libmx:libmx.dll
 0002:000002c0       __imp_mxCalcSingleSubscript_700 00000001800162c0     libmx:libmx.dll
 0002:000002c8       __imp_mxCreateNumericMatrix_700 00000001800162c8     libmx:libmx.dll
 0002:000002d0       __imp_mxArrayClassIDName   00000001800162d0     libmx:libmx.dll
 0002:000002d8       __imp_mxGetImagData        00000001800162d8     libmx:libmx.dll
 0002:000002e0       __imp_mxIsEmpty            00000001800162e0     libmx:libmx.dll
 0002:000002e8       __imp_mxIsNaN              00000001800162e8     libmx:libmx.dll
 0002:000002f0       __imp_mxGetFieldNumber     00000001800162f0     libmx:libmx.dll
 0002:000002f8       __imp_mxCreateStructMatrix_700 00000001800162f8     libmx:libmx.dll
 0002:00000300       __imp_mxGetNumberOfFields  0000000180016300     libmx:libmx.dll
 0002:00000308       __imp_mxGetFieldNameByNumber 0000000180016308     libmx:libmx.dll
 0002:00000310       __imp_mxGetFieldByNumber_700 0000000180016310     libmx:libmx.dll
 0002:00000318       __imp_mxIsCell             0000000180016318     libmx:libmx.dll
 0002:00000320       __imp_mxIsSparse           0000000180016320     libmx:libmx.dll
 0002:00000328       __imp_mxGetLogicals        0000000180016328     libmx:libmx.dll
 0002:00000330       __imp_mxIsClass            0000000180016330     libmx:libmx.dll
 0002:00000338       __imp_mxIsA                0000000180016338     libmx:libmx.dll
 0002:00000340       __imp_mxIsStruct           0000000180016340     libmx:libmx.dll
 0002:00000348       __imp_mxAddField           0000000180016348     libmx:libmx.dll
 0002:00000350       __imp_mxSetField_700       0000000180016350     libmx:libmx.dll
 0002:00000358       __imp_mxGetClassName       0000000180016358     libmx:libmx.dll
 0002:00000360       __imp_mxGetCell_700        0000000180016360     libmx:libmx.dll
 0002:00000368       __imp_mxSetCell_700        0000000180016368     libmx:libmx.dll
 0002:00000370       __imp_mxCreateCellMatrix_700 0000000180016370     libmx:libmx.dll
 0002:00000378       __imp_mxGetProperty_700    0000000180016378     libmx:libmx.dll
 0002:00000380       __imp_mxCreateDoubleMatrix_700 0000000180016380     libmx:libmx.dll
 0002:00000388       __imp_mxIsLogical          0000000180016388     libmx:libmx.dll
 0002:00000390       __imp_mxCreateNumericArray_700 0000000180016390     libmx:libmx.dll
 0002:00000398       __imp_mxGetData            0000000180016398     libmx:libmx.dll
 0002:000003a0       __imp_mxCreateStructArray_700 00000001800163a0     libmx:libmx.dll
 0002:000003a8       __imp_mxSetFieldByNumber_700 00000001800163a8     libmx:libmx.dll
 0002:000003b0       __imp_mxGetField_700       00000001800163b0     libmx:libmx.dll
 0002:000003b8       __imp_mxGetNumberOfElements 00000001800163b8     libmx:libmx.dll
 0002:000003c0       __imp_mxArrayToString      00000001800163c0     libmx:libmx.dll
 0002:000003c8       __imp_mxFree               00000001800163c8     libmx:libmx.dll
 0002:000003d0       __imp_mxGetString_700      00000001800163d0     libmx:libmx.dll
 0002:000003d8       __imp_mxCalloc             00000001800163d8     libmx:libmx.dll
 0002:000003e0       __imp_mxGetM               00000001800163e0     libmx:libmx.dll
 0002:000003e8       __imp_mxGetN               00000001800163e8     libmx:libmx.dll
 0002:000003f0       __imp_mxIsComplex          00000001800163f0     libmx:libmx.dll
 0002:000003f8       __imp_mxIsNumeric          00000001800163f8     libmx:libmx.dll
 0002:00000400       __imp_mxGetClassID         0000000180016400     libmx:libmx.dll
 0002:00000408       __imp_mxCreateCellMatrix_730 0000000180016408     libmx:libmx.dll
 0002:00000410       __imp_mxCreateStructMatrix_730 0000000180016410     libmx:libmx.dll
 0002:00000418       __imp_mxCreateString       0000000180016418     libmx:libmx.dll
 0002:00000420       __imp_mxSetField_730       0000000180016420     libmx:libmx.dll
 0002:00000428       __imp_mxCreateDoubleScalar 0000000180016428     libmx:libmx.dll
 0002:00000430       __imp_mxDuplicateArray     0000000180016430     libmx:libmx.dll
 0002:00000438       __imp_mxGetScalar          0000000180016438     libmx:libmx.dll
 0002:00000440       \177libmx_NULL_THUNK_DATA  0000000180016440     libmx:libmx.dll
 0002:00000448       __imp_utCPUtime            0000000180016448     libut:libut.dll
 0002:00000450       __imp_utFree               0000000180016450     libut:libut.dll
 0002:00000458       __imp_utMalloc             0000000180016458     libut:libut.dll
 0002:00000460       __imp_utVSNprintf          0000000180016460     libut:libut.dll
 0002:00000468       \177libut_NULL_THUNK_DATA  0000000180016468     libut:libut.dll
 0002:00000470       __xc_a                     0000000180016470     MSVCRT:cinitexe.obj
 0002:00000478       __xc_z                     0000000180016478     MSVCRT:cinitexe.obj
 0002:00000480       __xi_a                     0000000180016480     MSVCRT:cinitexe.obj
 0002:00000490       __xi_z                     0000000180016490     MSVCRT:cinitexe.obj
 0002:000004a0       __real@41d6cab7c9000000    00000001800164a0     two_tanks_sfun.obj
 0002:000004a8       __real@41e20f018f200000    00000001800164a8     two_tanks_sfun.obj
 0002:000004b0       __real@41d140429d400000    00000001800164b0     two_tanks_sfun.obj
 0002:000004b8       __real@41e5e5a2dc800000    00000001800164b8     two_tanks_sfun.obj
 0002:000004c0       __real@41d407a768000000    00000001800164c0     two_tanks_sfun.obj
 0002:000004c8       __real@41e78be1faa00000    00000001800164c8     two_tanks_sfun.obj
 0002:000004d0       __real@41e32cd025200000    00000001800164d0     two_tanks_sfun.obj
 0002:000004d8       __real@41ea6a94bd200000    00000001800164d8     two_tanks_sfun.obj
 0002:000004e0       __real@417d012510000000    00000001800164e0     two_tanks_sfun.obj
 0002:000004e8       __real@41db4d743c400000    00000001800164e8     two_tanks_sfun.obj
 0002:000004f0       __real@4181f88ff8000000    00000001800164f0     two_tanks_sfun.obj
 0002:000004f8       __real@41cb26eb00000000    00000001800164f8     two_tanks_sfun.obj
 0002:00000500       __real@41e150a61b600000    0000000180016500     two_tanks_sfun.obj
 0002:00000508       __real@41c4b34d4c000000    0000000180016508     two_tanks_sfun.obj
 0002:00000510       __real@41d49a14a1800000    0000000180016510     two_tanks_sfun.obj
 0002:00000518       __real@41d1df3d4e400000    0000000180016518     two_tanks_sfun.obj
 0002:00000520       __real@41ded10f7a800000    0000000180016520     c1_two_tanks.obj
 0002:00000528       __real@41bb26d673000000    0000000180016528     c1_two_tanks.obj
 0002:00000530       __real@41eddf12c0c00000    0000000180016530     c1_two_tanks.obj
 0002:00000538       __real@41ef546a27600000    0000000180016538     c1_two_tanks.obj
 0002:00000540       __real@4024000000000000    0000000180016540     c1_two_tanks.obj
 0002:00000548       __real@3ff0000000000000    0000000180016548     c1_two_tanks.obj
 0002:00000550       __real@4000000000000000    0000000180016550     c1_two_tanks.obj
 0002:00000558       __real@4010000000000000    0000000180016558     c1_two_tanks.obj
 0002:00000560       __real@4008000000000000    0000000180016560     c1_two_tanks.obj
 0002:00000568       __real@4014000000000000    0000000180016568     c1_two_tanks.obj
 0002:00000570       __real@bff0000000000000    0000000180016570     c1_two_tanks.obj
 0002:00000580       __mask@@NegDouble@         0000000180016580     c1_two_tanks.obj
 0002:00000590       DYNAMIC_DIMENSION_DEF      0000000180016590     two_tanks_sfun_registry.obj
 0002:000005b0       _ssBadLevel2InputAccessMsg 00000001800165b0     two_tanks_sfun_registry.obj
 0002:00000740       _ssBadLevel2DirectFeedMsg  0000000180016740     two_tanks_sfun_registry.obj
 0002:00000880       _ssBadLevel2DirectFeedSolutionMsg 0000000180016880     two_tanks_sfun_registry.obj
 0002:000008f0       _ssBadLevel2ZeroDirectFeedMsg 00000001800168f0     two_tanks_sfun_registry.obj
 0002:00000a30       _ssBadLevel2ZeroDirectFeedMsg2 0000000180016a30     two_tanks_sfun_registry.obj
 0002:00000b18       __real@0000000000000000    0000000180016b18     two_tanks_sfun_registry.obj
 0002:00000b20       __real@41602cbca0000000    0000000180016b20     two_tanks_sfun_registry.obj
 0002:00000b28       ??_C@_09GIFEIFFL@sfprivate?$AA@ 0000000180016b28     sfc_mex:sfc_sf.obj
 0002:00000b38       ??_C@_0CC@JDELABLI@get_machine_and_chart_file_numbe@ 0000000180016b38     sfc_mex:sfc_sf.obj
 0002:00000b60       ??_C@_0BO@JCKKMPIB@get_sfun_block_specialization?$AA@ 0000000180016b60     sfc_mex:sfc_sf.obj
 0002:00000b80       ??_C@_0FP@OGBKADON@The?5chart?5name?5?4?4?4?$CFs?5is?5not?5pres@ 0000000180016b80     sfc_mex:sfc_sf.obj
 0002:00000be0       ??_C@_0FM@KEMGDKHM@The?5chart?5name?5?$CFs?5is?5not?5present@ 0000000180016be0     sfc_mex:sfc_sf.obj
 0002:00000c40       ??_C@_0BD@NMFAPBEK@mdlInitializeSizes?$AA@ 0000000180016c40     sfc_mex:sfc_sf.obj
 0002:00000c54       ??_C@_06EJFCAODB@sfc_sf?$AA@ 0000000180016c54     sfc_mex:sfc_sf.obj
 0002:00000c60       ??_C@_0BJ@PBIFPMMD@mdlInitializeSampleTimes?$AA@ 0000000180016c60     sfc_mex:sfc_sf.obj
 0002:00000c80       ??_C@_0FI@CPPGBPPK@Stateflow?5Internal?5Error?3?5?6Error@ 0000000180016c80     sfc_mex:sfc_sf.obj
 0002:00000cd8       ??_C@_02GFKODMMF@sf?$AA@   0000000180016cd8     sfc_mex:sfc_sf.obj
 0002:00000ce0       ??_C@_0CN@GACCLMJH@preload_infomatman_for_rtw_optim@ 0000000180016ce0     sfc_mex:sfc_sf.obj
 0002:00000d10       ??_C@_07CFINJGKH@Private?$AA@ 0000000180016d10     sfc_mex:sfc_sf.obj
 0002:00000d20       ??_C@_0EK@MLFDFPLJ@Stateflow?5Internal?5Error?3?5?6Inter@ 0000000180016d20     sfc_mex:sfc_sf.obj
 0002:00000d70       ??_C@_0BA@OAHFHIKJ@updateBuildInfo?$AA@ 0000000180016d70     sfc_mex:sfc_sf.obj
 0002:00000d80       ??_C@_0BG@PNKGMGHF@rtw_optimization_info?$AA@ 0000000180016d80     sfc_mex:sfc_sf.obj
 0002:00000da0       ??_C@_0GC@KEKNFKIJ@Stateflow?5Internal?5Error?3?5?6rtw_o@ 0000000180016da0     sfc_mex:sfc_sf.obj
 0002:00000e08       ??_C@_0BA@PHPHFLPF@chart_inlinable?$AA@ 0000000180016e08     sfc_mex:sfc_sf.obj
 0002:00000e20       ??_C@_0MB@KGDKCEKF@Stateflow?5Internal?5Error?3?5?6Numbe@ 0000000180016e20     sfc_mex:sfc_sf.obj
 0002:00000ef0       ??_C@_0GN@DNCJEGHD@Stateflow?5Internal?5Error?3?5?6Error@ 0000000180016ef0     sfc_mex:sfc_sf.obj
 0002:00000f60       ??_C@_0CA@GOKFFBBO@outputEventsWithMultipleCallers?$AA@ 0000000180016f60     sfc_mex:sfc_sf.obj
 0002:00000f80       ??_C@_0LH@NDHODBLK@Stateflow?5Internal?5Error?3?5?6Numbe@ 0000000180016f80     sfc_mex:sfc_sf.obj
 0002:00001038       ??_C@_0BB@GEEDBOGK@reusable_outputs?$AA@ 0000000180017038     sfc_mex:sfc_sf.obj
 0002:00001050       ??_C@_0II@FEBCOBGA@Stateflow?5Internal?5Error?3?5?6Numbe@ 0000000180017050     sfc_mex:sfc_sf.obj
 0002:000010d8       ??_C@_0BG@HMMHPAKE@expressionable_inputs?$AA@ 00000001800170d8     sfc_mex:sfc_sf.obj
 0002:000010f0       ??_C@_0BB@MBBOKNEL@listen_for_ctrlc?$AA@ 00000001800170f0     sfc_mex:sfc_sf.obj
 0002:00001104       ??_C@_03LOANPFAI@mex?$AA@  0000000180017104     sfc_mex:sfc_sf.obj
 0002:00001108       ??_C@_07HLHKBCBI@sfdebug?$AA@ 0000000180017108     sfc_mex:sfc_sf.obj
 0002:00001110       ??_C@_07MFNNEMOJ@drawnow?$AA@ 0000000180017110     sfc_mex:sfc_sf.obj
 0002:00001118       __real@3fd3333333333333    0000000180017118     sfc_mex:sfc_sf.obj
 0002:00001120       ??_C@_0DG@OJBAPEMA@Internal?5Error?3?5paramsIndex?5?$DN?5?$CFd@ 0000000180017120     sfc_mex:sfc_sf.obj
 0002:00001160       ??_C@_0BAI@GPDPHGCD@Cannot?5broadcast?5function?5call?5o@ 0000000180017160     sfc_mex:sfc_sf.obj
 0002:00001270       ??_C@_0BBC@NGKHEJAF@Cannot?5enable?1disable?5function?5c@ 0000000180017270     sfc_mex:sfc_sf.obj
 0002:00001388       ??_C@_08HDNBGBNP@bitWidth?$AA@ 0000000180017388     sfc_mex:sfc_sf.obj
 0002:00001398       ??_C@_0BG@MDDFDLDC@resolveToSignalObject?$AA@ 0000000180017398     sfc_mex:sfc_sf.obj
 0002:000013b0       ??_C@_07KHBFOCMF@varName?$AA@ 00000001800173b0     sfc_mex:sfc_sf.obj
 0002:000013b8       ??_C@_09LHPHPAOE@isComplex?$AA@ 00000001800173b8     sfc_mex:sfc_sf.obj
 0002:000013c8       ??_C@_0CM@OAMAJMIG@Failed?5to?5register?5type?5?8?$CFs?8?5wit@ 00000001800173c8     sfc_mex:sfc_sf.obj
 0002:000013f8       ??_C@_08MLIGMCAH@typeSize?$AA@ 00000001800173f8     sfc_mex:sfc_sf.obj
 0002:00001404       ??_C@_05OOLPEHEB@void?$CK?$AA@ 0000000180017404     sfc_mex:sfc_sf.obj
 0002:00001410       ??_C@_0BI@OFLHAMB@vector_of_void_pointers?$AA@ 0000000180017410     sfc_mex:sfc_sf.obj
 0002:00001428       ??_C@_04NBAGBPGE@bias?$AA@ 0000000180017428     sfc_mex:sfc_sf.obj
 0002:00001430       ??_C@_08EGJNFMPO@exponent?$AA@ 0000000180017430     sfc_mex:sfc_sf.obj
 0002:0000143c       ??_C@_05LAHHKLJI@slope?$AA@ 000000018001743c     sfc_mex:sfc_sf.obj
 0002:00001448       ??_C@_0L@EMMELFNN@wordLength?$AA@ 0000000180017448     sfc_mex:sfc_sf.obj
 0002:00001458       ??_C@_08EJEJGLGA@isSigned?$AA@ 0000000180017458     sfc_mex:sfc_sf.obj
 0002:00001468       ??_C@_0P@MJIKALJF@isScaledDouble?$AA@ 0000000180017468     sfc_mex:sfc_sf.obj
 0002:00001478       ??_C@_05LFJLPLPG@fixpt?$AA@ 0000000180017478     sfc_mex:sfc_sf.obj
 0002:00001480       ??_C@_07GOBOHMJA@boolean?$AA@ 0000000180017480     sfc_mex:sfc_sf.obj
 0002:00001488       ??_C@_06PKDKHAMA@uint32?$AA@ 0000000180017488     sfc_mex:sfc_sf.obj
 0002:00001490       ??_C@_05GIMEPBJB@int32?$AA@ 0000000180017490     sfc_mex:sfc_sf.obj
 0002:00001498       ??_C@_06JNNCGBKK@uint16?$AA@ 0000000180017498     sfc_mex:sfc_sf.obj
 0002:000014a0       ??_C@_05PCMOAPL@int16?$AA@ 00000001800174a0     sfc_mex:sfc_sf.obj
 0002:000014a8       ??_C@_05BOGOCLFF@uint8?$AA@ 00000001800174a8     sfc_mex:sfc_sf.obj
 0002:000014b0       ??_C@_04DCGBOBJJ@int8?$AA@ 00000001800174b0     sfc_mex:sfc_sf.obj
 0002:000014b8       ??_C@_06EJFMBPJF@single?$AA@ 00000001800174b8     sfc_mex:sfc_sf.obj
 0002:000014c0       ??_C@_06BNJCAIGJ@double?$AA@ 00000001800174c0     sfc_mex:sfc_sf.obj
 0002:000014c8       ??_C@_04GPMDFGEJ@type?$AA@ 00000001800174c8     sfc_mex:sfc_sf.obj
 0002:000014d0       ??_C@_0O@EIPJLOAA@extModeUpload?$AA@ 00000001800174d0     sfc_mex:sfc_sf.obj
 0002:000014e0       ??_C@_04IAGNFIBA@size?$AA@ 00000001800174e0     sfc_mex:sfc_sf.obj
 0002:000014e8       __real@43e0000000000000    00000001800174e8     sfc_mex:sfc_sf.obj
 0002:000014f0       ??_C@_00CNPNBAHC@?$AA@     00000001800174f0     sfc_mex:sfc_sf.obj
 0002:000014f4       ??_C@_03PLHFFLIH@ptr?$AA@  00000001800174f4     sfc_mex:sfc_sf.obj
 0002:000014f8       ??_C@_0BC@HMCIKMPA@requiredStackSize?$AA@ 00000001800174f8     sfc_mex:sfc_sf.obj
 0002:00001510       ??_C@_0CB@OCGIMAKA@RegisterMachineParentedDataDwork@ 0000000180017510     sfc_mex:sfc_sf.obj
 0002:00001538       ??_C@_0BD@LFPAKDFC@machineDataVarInfo?$AA@ 0000000180017538     sfc_mex:sfc_sf.obj
 0002:00001550       ??_C@_09GAJBGLOB@dworkInfo?$AA@ 0000000180017550     sfc_mex:sfc_sf.obj
 0002:0000155c       ??_C@_05DGLCPCBN@?$CFsx?$CFd?$AA@ 000000018001755c     sfc_mex:sfc_mex.obj
 0002:00001564       ??_C@_02DPKJAMEF@?$CFd?$AA@ 0000000180017564     sfc_mex:sfc_mex.obj
 0002:00001568       ??_C@_0CC@DJOAOECF@Unknown?5MATLAB?5error?5encountered@ 0000000180017568     sfc_mex:sfc_mex.obj
 0002:00001590       ??_C@_0CJ@DAIIKGLI@?$CFs?5in?5?$CFs?5should?5never?5be?5called?5@ 0000000180017590     sfc_mex:sfc_mex.obj
 0002:000015c0       ??_C@_0CE@ICKLNELB@Error?5calling?5MATLAB?5function?5?8?$CF@ 00000001800175c0     sfc_mex:sfc_mex.obj
 0002:000015e4       ??_C@_02DKCKIIND@?$CFs?$AA@ 00000001800175e4     sfc_mex:sfc_mex.obj
 0002:000015e8       ??_C@_07ONPBMBOP@message?$AA@ 00000001800175e8     sfc_mex:sfc_mex.obj
 0002:000015f0       ??_C@_09HKCBALOK@embedded?4?$AA@ 00000001800175f0     sfc_mex:sfc_mex.obj
 0002:000015fc       ??_C@_06KKKLBFKN@uint64?$AA@ 00000001800175fc     sfc_mex:sfc_mex.obj
 0002:00001604       ??_C@_05DIFFJEPM@int64?$AA@ 0000000180017604     sfc_mex:sfc_mex.obj
 0002:0000160c       ??_C@_04KBDJOJNB@?$FL?$CFd?$FN?$AA@ 000000018001760c     sfc_mex:sfc_mex.obj
 0002:00001618       ??_C@_0CD@NFPEPNBJ@Cannot?5add?5field?5?$CFs?5to?5struct?5?$CFs@ 0000000180017618     sfc_mex:sfc_mex.obj
 0002:00001640       ??_C@_0CF@PLDCCEBG@Cannot?5get?5field?5?$CFs?5from?5struct?5@ 0000000180017640     sfc_mex:sfc_mex.obj
 0002:00001668       ??_C@_0CO@MFJLJCHI@Struct?5array?5?8?$CFs?8?5does?5not?5have?5@ 0000000180017668     sfc_mex:sfc_mex.obj
 0002:00001698       ??_C@_0DF@IPGEGIDM@Object?5?8?$CFs?8?5is?5not?5a?5struct?3?5can@ 0000000180017698     sfc_mex:sfc_mex.obj
 0002:000016d0       ??_C@_0BL@KEKJNNL@MATLAB?5expression?5?8?$CFs?8?5?$CFs?4?$AA@ 00000001800176d0     sfc_mex:sfc_mex.obj
 0002:000016f0       ??_C@_0GH@JOEOEBFA@Size?5mismatch?5for?5?8?$CFs?8?5on?5dimens@ 00000001800176f0     sfc_mex:sfc_mex.obj
 0002:00001758       ??_C@_0DN@DNLDLJNN@is?5not?5of?5the?5correct?5class?3?5exp@ 0000000180017758     sfc_mex:sfc_mex.obj
 0002:00001798       ??_C@_06POLMGHPK@isreal?$AA@ 0000000180017798     sfc_mex:sfc_mex.obj
 0002:000017a0       ??_C@_0CC@EDDDCJDC@is?5not?5of?5the?5correct?5complexnes@ 00000001800177a0     sfc_mex:sfc_mex.obj
 0002:000017c8       ??_C@_0CB@POBCEEOP@is?5not?5of?5the?5correct?5sparseness@ 00000001800177c8     sfc_mex:sfc_mex.obj
 0002:000017f0       ??_C@_0CC@JOFDGEBC@is?5not?5of?5the?5correct?5numerictyp@ 00000001800177f0     sfc_mex:sfc_mex.obj
 0002:00001818       ??_C@_07MIMONDDE@isequal?$AA@ 0000000180017818     sfc_mex:sfc_mex.obj
 0002:00001820       ??_C@_0M@NAPEIPJI@numerictype?$AA@ 0000000180017820     sfc_mex:sfc_mex.obj
 0002:00001830       ??_C@_0BN@IMIABIKK@is?5not?5of?5the?5correct?5fimath?$AA@ 0000000180017830     sfc_mex:sfc_mex.obj
 0002:00001850       ??_C@_06LJOKAFHF@fimath?$AA@ 0000000180017850     sfc_mex:sfc_mex.obj
 0002:00001860       ??_C@_0EN@JEJCELH@Stateflow?5Internal?5Error?3?5?6Error@ 0000000180017860     sfc_mex:sfc_mex.obj
 0002:000018b0       ??_C@_08MJJBNONC@mxDecode?$AA@ 00000001800178b0     sfc_mex:sfc_mex.obj
 0002:000018c0       ??_C@_0EP@IAFBLFNF@Stateflow?5Internal?5Error?3?5?6Error@ 00000001800178c0     sfc_mex:sfc_mex.obj
 0002:00001910       ??_C@_0GH@OOBFJADG@Simulation?5stopped?5due?5to?5out?5of@ 0000000180017910     sfc_mex:sfc_mex.obj
 0002:00001980       ??_C@_0HC@JODLBNFO@Simulation?5stopped?5due?5to?5size?5m@ 0000000180017980     sfc_mex:sfc_mex.obj
 0002:00001a00       ??_C@_0HC@PPOAOPGB@Simulation?5stopped?5due?5to?5size?5m@ 0000000180017a00     sfc_mex:sfc_mex.obj
 0002:00001a80       ??_C@_0JM@OFMOAAGL@Simulation?5stopped?5due?5to?5size?5m@ 0000000180017a80     sfc_mex:sfc_mex.obj
 0002:00001b20       ??_C@_0KC@ODCGHMPH@Simulation?5stopped?5due?5to?5size?5o@ 0000000180017b20     sfc_mex:sfc_mex.obj
 0002:00001bd0       ??_C@_0GO@BKNPNGBP@Subscripted?5assignment?5dimension@ 0000000180017bd0     sfc_mex:sfc_mex.obj
 0002:00001c40       ??_C@_0DJ@MEDANBMA@Enable?5debugging?5to?5pinpoint?5the@ 0000000180017c40     sfc_mex:sfc_mex.obj
 0002:00001c7c       ??_C@_01CLKCMJKC@?5?$AA@   0000000180017c7c     sfc_mex:sfc_mex.obj
 0002:00001c80       ??_C@_0BAO@DDKKHLGF@Matrix?$CImatrix?$CJ?5subscript?5turned?5@ 0000000180017c80     sfc_mex:sfc_mex.obj
 0002:00001d90       ??_C@_0BAO@MGKOAKHL@Vector?$CIvector?$CJ?5subscript?5turned?5@ 0000000180017d90     sfc_mex:sfc_mex.obj
 0002:00001ea0       ??_C@_0FA@KAHDAHHI@Cannot?5determine?5the?5exact?5numbe@ 0000000180017ea0     sfc_mex:sfc_mex.obj
 0002:00001ef0       ??_C@_0FC@HJKNPCCF@Negative?5value?5detected?4?5Enable?5@ 0000000180017ef0     sfc_mex:sfc_mex.obj
 0002:00001f48       ??_C@_0DK@JJKHINMK@Overflow?5detected?4?5Enable?5debugg@ 0000000180017f48     sfc_mex:sfc_mex.obj
 0002:00001f90       ??_C@_0EA@POIJMBCP@Divide?5by?5zero?5detected?4?5Enable?5@ 0000000180017f90     sfc_mex:sfc_mex.obj
 0002:00001fd0       ??_C@_0EK@CFEMECLL@Nonconforming?5enum?5value?5detecte@ 0000000180017fd0     sfc_mex:sfc_mex.obj
 0002:00002020       ??_C@_0EE@BPGAOMO@Size?5mismatch?5for?5MATLAB?5express@ 0000000180018020     sfc_mex:sfc_mex.obj
 0002:00002070       ??_C@_0EJ@KLNPHOFG@Dimension?5of?5fixed?5size?5one?5?$CI1?$CJ?5@ 0000000180018070     sfc_mex:sfc_mex.obj
 0002:000020c0       ??_C@_07JFPGMOK@fprintf?$AA@ 00000001800180c0     sfc_mex:sfc_mex.obj
 0002:000020d0       ??_C@_0FE@EHCFPDEG@In?5MATLAB?5expression?5?8?$CFs?8?0?5field@ 00000001800180d0     sfc_mex:sfc_mex.obj
 0002:00002128       ??_C@_0DE@IJIFCHLH@In?5MATLAB?5expression?5?8?$CFs?8?0?5field@ 0000000180018128     sfc_mex:sfc_mex.obj
 0002:00002160       ??_C@_0FK@JKPMKGDE@MATLAB?5expression?5?8?$CFs?8?5does?5not?5@ 0000000180018160     sfc_mex:sfc_mex.obj
 0002:000021bc       ??_C@_06PBJBIPGK@struct?$AA@ 00000001800181bc     sfc_mex:sfc_mex.obj
 0002:000021c8       ??_C@_0O@NFNPPCGN@isfimathlocal?$AA@ 00000001800181c8     sfc_mex:sfc_mex.obj
 0002:000021d8       ??_C@_0M@MLCGNPLD@embedded?4fi?$AA@ 00000001800181d8     sfc_mex:sfc_mex.obj
 0002:000021e8       ??_C@_0M@EGMNDJHO@?$CFs?5?$DN?5?$CF?415g?6?$AA@ 00000001800181e8     sfc_mex:sfc_mex.obj
 0002:000021f4       ??_C@_03OFAPEBGM@?$CFs?6?$AA@ 00000001800181f4     sfc_mex:sfc_mex.obj
 0002:000021f8       ??_C@_0CL@LLBJDFID@failed?5sf_assertion?5in?5?$CFs?5at?5lin@ 00000001800181f8     sfc_mex:sfc_mex.obj
 0002:00002230       ??_C@_0EJ@MIHEOKKA@?8?$CFs?8?3?5Array?5with?5number?5of?5dimen@ 0000000180018230     sfc_mex:sfc_mex.obj
 0002:00002280       ??_C@_0CI@KFHDHNKF@b?3?2matlab?2stateflow?2c?2mex?2src?2sf@ 0000000180018280     sfc_mex:sfc_mex.obj
 0002:000022a8       ??_C@_0O@FCFMOEOA@aNumDims?5?$DO?$DN?50?$AA@ 00000001800182a8     sfc_mex:sfc_mex.obj
 0002:000022b8       ??_C@_0CK@KDIMGCCA@?8?$CFs?8?3?5Sparse?5matrices?5are?5not?5su@ 00000001800182b8     sfc_mex:sfc_mex.obj
 0002:000022e8       ??_C@_0CI@KBLJAMNB@MATLAB?5expression?5?8?$CFs?8?5is?5not?5nu@ 00000001800182e8     sfc_mex:sfc_mex.obj
 0002:00002310       ??_C@_0P@LCMMCGDM@aSrcMx?5?$CB?$DN?5NULL?$AA@ 0000000180018310     sfc_mex:sfc_mex.obj
 0002:00002320       ??_C@_0EI@HJNNACGI@Eval?5of?5MATLAB?5expression?5?8?$CFs?8?5i@ 0000000180018320     sfc_mex:sfc_mex.obj
 0002:00002368       ??_C@_0DM@BJICAGGK@Stateflow?5currently?5only?5support@ 0000000180018368     sfc_mex:sfc_mex.obj
 0002:000023a4       ??_C@_05LAPONLG@false?$AA@ 00000001800183a4     sfc_mex:sfc_mex.obj
 0002:000023ac       ??_C@_03LHCJEHON@nan?$AA@  00000001800183ac     sfc_mex:sfc_mex.obj
 0002:000023b0       ??_C@_04BHIIPFEC@base?$AA@ 00000001800183b0     sfc_mex:sfc_mex.obj
 0002:000023b8       ??_C@_06PLMANNP@evalin?$AA@ 00000001800183b8     sfc_mex:sfc_mex.obj
 0002:000023c0       ??_C@_06GFECGKEO@caller?$AA@ 00000001800183c0     sfc_mex:sfc_mex.obj
 0002:000023c8       ??_C@_0CM@LOMLNLMC@Invalid?5workspace?5type?5for?5sf_ma@ 00000001800183c8     sfc_mex:sfc_mex.obj
 0002:000023f4       ??_C@_01GBGANLPD@0?$AA@    00000001800183f4     sfc_mex:sfc_mex.obj
 0002:000023f8       ??_C@_06FJKEMHGD@global?$AA@ 00000001800183f8     sfc_mex:sfc_mex.obj
 0002:00002400       ??_C@_08KHPDDPHG@getfield?$AA@ 0000000180018400     sfc_mex:sfc_mex.obj
 0002:0000240c       ??_C@_05LPIJGKJ@Value?$AA@ 000000018001840c     sfc_mex:sfc_mex.obj
 0002:00002418       ??_C@_0BH@HNIMIIFD@Unknown?5workspace?5type?$AA@ 0000000180018418     sfc_mex:sfc_mex.obj
 0002:00002430       ??_C@_0DA@IPMLFPJI@MATLAB?5expression?5?8?$CFs?8?5could?5not@ 0000000180018430     sfc_mex:sfc_mex.obj
 0002:00002460       __real@43f0000000000000    0000000180018460     sfc_mex:sfc_mex.obj
 0002:00002470       ??_C@_0EB@HHPLBHBA@Parameter?5value?5out?5of?5bounds?4?5?$CF@ 0000000180018470     sfc_mex:sfc_mex.obj
 0002:000024b8       ??_C@_0CB@DBMOOMDL@Unsupported?5class?5type?5?$CFs?5for?5?$CFs@ 00000001800184b8     sfc_mex:sfc_mex.obj
 0002:000024e0       ??_C@_0BI@OPNKAIOC@mxIsComplex?$CImxArrayPtr?$CJ?$AA@ 00000001800184e0     sfc_mex:sfc_mex.obj
 0002:00002500       ??_C@_0GA@OFLPCMBM@Stateflow?5Runtime?5Warning?3?5Loss?5@ 0000000180018500     sfc_mex:sfc_mex.obj
 0002:00002560       __real@3810000000000000    0000000180018560     sfc_mex:sfc_mex.obj
 0002:00002568       __real@47efffffe0000000    0000000180018568     sfc_mex:sfc_mex.obj
 0002:00002570       __real@c060000000000000    0000000180018570     sfc_mex:sfc_mex.obj
 0002:00002578       __real@405fc00000000000    0000000180018578     sfc_mex:sfc_mex.obj
 0002:00002580       __real@406fe00000000000    0000000180018580     sfc_mex:sfc_mex.obj
 0002:00002588       __real@c0e0000000000000    0000000180018588     sfc_mex:sfc_mex.obj
 0002:00002590       __real@40dfffc000000000    0000000180018590     sfc_mex:sfc_mex.obj
 0002:00002598       __real@40efffe000000000    0000000180018598     sfc_mex:sfc_mex.obj
 0002:000025a0       __real@c1e0000000000000    00000001800185a0     sfc_mex:sfc_mex.obj
 0002:000025a8       __real@41dfffffffc00000    00000001800185a8     sfc_mex:sfc_mex.obj
 0002:000025b0       __real@41efffffffe00000    00000001800185b0     sfc_mex:sfc_mex.obj
 0002:000025b8       __real@c3e0000000000000    00000001800185b8     sfc_mex:sfc_mex.obj
 0002:000025c0       ??_C@_0DO@JIJMNCAH@Class?5mismatch?5for?5variable?5?8?$CFs?8@ 00000001800185c0     sfc_mex:sfc_mex.obj
 0002:00002600       ??_C@_03BBKEAIF@?$DP?$DP?$DP?$AA@ 0000000180018600     sfc_mex:sfc_mex.obj
 0002:00002608       ??_C@_0DE@HICLJLJO@Assignment?5of?5complex?5data?5to?5no@ 0000000180018608     sfc_mex:sfc_mex.obj
 0002:00002640       ??_C@_0CF@NHFFCIEB@MATLAB?5function?5?8?$CFs?8?5returned?5NU@ 0000000180018640     sfc_mex:sfc_mex.obj
 0002:00002668       __real@5f800000            0000000180018668     sfc_mex:sfc_mex.obj
 0002:00002670       ??_C@_0GP@JPKMBIEI@Array?5bounds?5error?5in?5MATLAB?5exp@ 0000000180018670     sfc_mex:sfc_mex.obj
 0002:000026e0       ??_C@_0P@FLJFOPHI@pIndex?$FLi?$FN?5?$DO?$DN?50?$AA@ 00000001800186e0     sfc_mex:sfc_mex.obj
 0002:000026f0       ??_C@_0DI@IGEABFHB@MATLAB?5expression?5?8?$CFs?8?5has?5?$CFd?5di@ 00000001800186f0     sfc_mex:sfc_mex.obj
 0002:00002728       ??_C@_0L@EFLJKPA@mxArrayPtr?$AA@ 0000000180018728     sfc_mex:sfc_mex.obj
 0002:00002738       ??_C@_0CK@FHKKOEPH@numDims?5?$DO?$DN?50?5?$CG?$CG?5numDims?5?$DM?$DN?5MAX_D@ 0000000180018738     sfc_mex:sfc_mex.obj
 0002:00002770       ??_C@_0EM@MPIDLJBF@MATLAB?5expression?5?8?$CFs?8?5subscript@ 0000000180018770     sfc_mex:sfc_mex.obj
 0002:000027bc       ??_C@_04IGKKBJEE@?$DN?$CFg?$DL?$AA@ 00000001800187bc     sfc_mex:sfc_mex.obj
 0002:000027c4       ??_C@_01PKGAHCOL@?$CJ?$AA@ 00000001800187c4     sfc_mex:sfc_mex.obj
 0002:000027c8       ??_C@_03LEIBKMN@?0?$CFd?$AA@ 00000001800187c8     sfc_mex:sfc_mex.obj
 0002:000027cc       ??_C@_03IECKINJK@?$CI?$CFd?$AA@ 00000001800187cc     sfc_mex:sfc_mex.obj
 0002:000027d0       ??_C@_0FB@HKJNNBFK@Stateflow?5ml?5type?5data?5?8?$CFs?8?5subs@ 00000001800187d0     sfc_mex:sfc_mex.obj
 0002:00002828       ??_C@_0CN@HPHHCDPK@Stateflow?5ml?5type?5data?5?8?$CFs?8?5is?5n@ 0000000180018828     sfc_mex:sfc_mex.obj
 0002:00002858       ??_C@_0CG@JIOBALFE@Stateflow?5ml?5type?5data?5?8?$CFs?8?5is?5e@ 0000000180018858     sfc_mex:sfc_mex.obj
 0002:00002880       ??_C@_0BD@GAHDCPBG@mxArrayPtr?5?$CB?$DN?5NULL?$AA@ 0000000180018880     sfc_mex:sfc_mex.obj
 0002:00002898       ??_C@_0CF@HCINMAFF@result?5?$DN?5mxCreateDoubleScalar?$CIva@ 0000000180018898     sfc_mex:sfc_mex.obj
 0002:000028c0       ??_C@_0BK@PHCKFGOO@numDims?5?$DM?$DN?5MAX_DIMENSIONS?$AA@ 00000001800188c0     sfc_mex:sfc_mex.obj
 0002:000028e0       ??_C@_0BF@GAJKLFOH@fixpt_lower_mx_array?$AA@ 00000001800188e0     sfc_mex:sfc_mex.obj
 0002:000028f8       ??_C@_02FINOOIBE@Cg?$AA@   00000001800188f8     sfc_mex:sfc_mex.obj
 0002:00002900       _pDefaultRawDllMain        0000000180018900     MSVCRT:crtdll.obj
 0002:00002900       _pRawDllMain               0000000180018900     MSVCRT:crtdll.obj
 0002:00002918       ?ProcessDetach@NativeDll@<CrtImplementationDetails>@@0IB 0000000180018918     MSVCRT:tncleanup.obj
 0002:0000291c       ?ProcessAttach@NativeDll@<CrtImplementationDetails>@@0IB 000000018001891c     MSVCRT:tncleanup.obj
 0002:00002920       ?ThreadAttach@NativeDll@<CrtImplementationDetails>@@0IB 0000000180018920     MSVCRT:tncleanup.obj
 0002:00002924       ?ThreadDetach@NativeDll@<CrtImplementationDetails>@@0IB 0000000180018924     MSVCRT:tncleanup.obj
 0002:00002928       ?ProcessVerifier@NativeDll@<CrtImplementationDetails>@@0IB 0000000180018928     MSVCRT:tncleanup.obj
 0002:00002930       __rtc_iaa                  0000000180018930     MSVCRT:_initsect_.obj
 0002:00002938       __rtc_izz                  0000000180018938     MSVCRT:_initsect_.obj
 0002:00002940       __rtc_taa                  0000000180018940     MSVCRT:_initsect_.obj
 0002:00002948       __rtc_tzz                  0000000180018948     MSVCRT:_initsect_.obj
 0002:00003fb4       __IMPORT_DESCRIPTOR_libmx  0000000180019fb4     libmx:libmx.dll
 0002:00003fc8       __IMPORT_DESCRIPTOR_libmex 0000000180019fc8     libmex:libmex.dll
 0002:00003fdc       __IMPORT_DESCRIPTOR_libfixedpoint 0000000180019fdc     libfixedpoint:libfixedpoint.dll
 0002:00003ff0       __IMPORT_DESCRIPTOR_libut  0000000180019ff0     libut:libut.dll
 0002:00004004       __IMPORT_DESCRIPTOR_libemlrt 000000018001a004     libemlrt:libemlrt.dll
 0002:00004018       __IMPORT_DESCRIPTOR_MSVCR100 000000018001a018     MSVCRT:MSVCR100.dll
 0002:0000402c       __IMPORT_DESCRIPTOR_KERNEL32 000000018001a02c     kernel32:KERNEL32.dll
 0002:00004040       __NULL_IMPORT_DESCRIPTOR   000000018001a040     libmx:libmx.dll
 0003:000007a0       DYNAMIC_DIMENSION          000000018001b7a0     two_tanks_sfun_registry.obj
 0003:000013b0       emlrtContextGlobal         000000018001c3b0     sfc_mex:sfc_mex.obj
 0003:000013f0       __security_cookie          000000018001c3f0     MSVCRT:gs_cookie.obj
 0003:000013f8       __security_cookie_complement 000000018001c3f8     MSVCRT:gs_cookie.obj
 0003:00001400       _fltused                   000000018001c400     MSVCRT:dllsupp.obj
 0003:00001410       __native_dllmain_reason    000000018001c410     MSVCRT:natstart.obj
 0003:00001414       __native_vcclrit_reason    000000018001c414     MSVCRT:natstart.obj
 0003:00002640       emlrtRootTLSGlobal         000000018001d640     sfc_mex:sfc_mex.obj
 0003:00002bc0       ?__type_info_root_node@@3U__type_info_node@@A 000000018001dbc0     MSVCRT:tncleanup.obj
 0003:00002bd0       _sfTime_                   000000018001dbd0     <common>
 0003:00002bd8       __native_startup_state     000000018001dbd8     <common>
 0003:00002be0       __native_startup_lock      000000018001dbe0     <common>
 0003:00002be8       __onexitend                000000018001dbe8     <common>
 0003:00002bf0       __onexitbegin              000000018001dbf0     <common>
 0003:00002bf8       __dyn_tls_init_callback    000000018001dbf8     <common>

 entry point at        0001:00014150

 Static symbols

 0001:00000f40       get_sim_state_c1_two_tanks 0000000180001f40 f   c1_two_tanks.obj
 0001:00000f90       c1_emlrt_marshallOut       0000000180001f90 f   c1_two_tanks.obj
 0001:00001100       c1_b_emlrt_marshallOut     0000000180002100 f   c1_two_tanks.obj
 0001:00001180       c1_c_emlrt_marshallOut     0000000180002180 f   c1_two_tanks.obj
 0001:00001200       sf_get_sim_state_info_c1_two_tanks 0000000180002200 f   c1_two_tanks.obj
 0001:000013e0       set_sim_state_c1_two_tanks 00000001800023e0 f   c1_two_tanks.obj
 0001:00001430       c1_emlrt_marshallIn        0000000180002430 f   c1_two_tanks.obj
 0001:00001590       c1_b_emlrt_marshallIn      0000000180002590 f   c1_two_tanks.obj
 0001:00001600       c1_c_emlrt_marshallIn      0000000180002600 f   c1_two_tanks.obj
 0001:000016d0       c1_d_emlrt_marshallIn      00000001800026d0 f   c1_two_tanks.obj
 0001:00001730       c1_e_emlrt_marshallIn      0000000180002730 f   c1_two_tanks.obj
 0001:000017c0       c1_f_emlrt_marshallIn      00000001800027c0 f   c1_two_tanks.obj
 0001:00001840       c1_g_emlrt_marshallIn      0000000180002840 f   c1_two_tanks.obj
 0001:00001910       mdlProcessParameters_c1_two_tanks 0000000180002910 f   c1_two_tanks.obj
 0001:000019d0       initialize_params_c1_two_tanks 00000001800029d0 f   c1_two_tanks.obj
 0001:000019e0       mdlSetWorkWidths_c1_two_tanks 00000001800029e0 f   c1_two_tanks.obj
 0001:00001e40       sf_get_instance_specialization 0000000180002e40 f   c1_two_tanks.obj
 0001:00001e50       mdlStart_c1_two_tanks      0000000180002e50 f   c1_two_tanks.obj
 0001:00002050       init_dsm_address_info      0000000180003050 f   c1_two_tanks.obj
 0001:00002060       sf_opaque_initialize_c1_two_tanks 0000000180003060 f   c1_two_tanks.obj
 0001:00002090       initialize_c1_two_tanks    0000000180003090 f   c1_two_tanks.obj
 0001:00002260       sf_opaque_enable_c1_two_tanks 0000000180003260 f   c1_two_tanks.obj
 0001:00002280       enable_c1_two_tanks        0000000180003280 f   c1_two_tanks.obj
 0001:000022b0       sf_opaque_disable_c1_two_tanks 00000001800032b0 f   c1_two_tanks.obj
 0001:000022d0       disable_c1_two_tanks       00000001800032d0 f   c1_two_tanks.obj
 0001:00002300       sf_opaque_zeroCrossings_c1_two_tanks 0000000180003300 f   c1_two_tanks.obj
 0001:00002320       zeroCrossings_c1_two_tanks 0000000180003320 f   c1_two_tanks.obj
 0001:00002450       sf_opaque_outputs_c1_two_tanks 0000000180003450 f   c1_two_tanks.obj
 0001:00002470       outputs_c1_two_tanks       0000000180003470 f   c1_two_tanks.obj
 0001:00002570       sf_opaque_derivatives_c1_two_tanks 0000000180003570 f   c1_two_tanks.obj
 0001:00002590       derivatives_c1_two_tanks   0000000180003590 f   c1_two_tanks.obj
 0001:000026a0       sf_opaque_gateway_c1_two_tanks 00000001800036a0 f   c1_two_tanks.obj
 0001:000026c0       sf_c1_two_tanks            00000001800036c0 f   c1_two_tanks.obj
 0001:00002910       c1_set_sim_state_side_effects_c1_two_tanks 0000000180003910 f   c1_two_tanks.obj
 0001:00002940       sf_opaque_get_sim_state_c1_two_tanks 0000000180003940 f   c1_two_tanks.obj
 0001:00002960       sf_opaque_set_sim_state_c1_two_tanks 0000000180003960 f   c1_two_tanks.obj
 0001:00002990       sf_opaque_terminate_c1_two_tanks 0000000180003990 f   c1_two_tanks.obj
 0001:00002a10       finalize_c1_two_tanks      0000000180003a10 f   c1_two_tanks.obj
 0001:00002a40       sf_opaque_init_subchart_simstructs 0000000180003a40 f   c1_two_tanks.obj
 0001:00002a60       initSimStructsc1_two_tanks 0000000180003a60 f   c1_two_tanks.obj
 0001:00002a70       mdlRTW_c1_two_tanks        0000000180003a70 f   c1_two_tanks.obj
 0001:00004980       _ssFatalError              0000000180005980 f   two_tanks_sfun_registry.obj
 0001:00007a30       ProcessMexSfunctionCmdLineCall 0000000180008a30 f   two_tanks_sfun_registry.obj
 0001:00007b40       mdlGetTimeOfNextVarHit     0000000180008b40 f   two_tanks_sfun_registry.obj
 0001:00007b90       _ProcessMexSfunctionCmdLineCall 0000000180008b90 f   two_tanks_sfun_registry.obj
 0001:000082e0       _CreateSimStruct           00000001800092e0 f   two_tanks_sfun_registry.obj
 0001:00008470       _RegNumInputPortsCB        0000000180009470 f   two_tanks_sfun_registry.obj
 0001:000084f0       _RegNumOutputPortsCB       00000001800094f0 f   two_tanks_sfun_registry.obj
 0001:000085d0       sf_machine_load_sfunction_ptrs 00000001800095d0 f   two_tanks_sfun_registry.obj
 0001:000086e0       get_machine_and_chart_file_number 00000001800096e0 f   sfc_mex:sfc_sf.obj
 0001:000087d0       get_sfun_block_specialization 00000001800097d0 f   sfc_mex:sfc_sf.obj
 0001:00008880       call_sf_machine_global_method_dispatcher 0000000180009880 f   sfc_mex:sfc_sf.obj
 0001:00008ab0       mdl_zeroCrossings_processing 0000000180009ab0 f   sfc_mex:sfc_sf.obj
 0001:00008b80       mdl_derivatives_processing 0000000180009b80 f   sfc_mex:sfc_sf.obj
 0001:00008e30       mdl_outputs_continuous_legacy 0000000180009e30 f   sfc_mex:sfc_sf.obj
 0001:00008eb0       mdl_outputs_processing     0000000180009eb0 f   sfc_mex:sfc_sf.obj
 0001:00009120       mdl_enable_processing      000000018000a120 f   sfc_mex:sfc_sf.obj
 0001:000091f0       mdl_disable_processing     000000018000a1f0 f   sfc_mex:sfc_sf.obj
 0001:0000a070       sf_call_output_fcn_enable_disable 000000018000b070 f   sfc_mex:sfc_sf.obj
 0001:0000a2f0       set_dwork_information_from_mx_array 000000018000b2f0 f   sfc_mex:sfc_sf.obj
 0001:0000aba0       ptr2mxStruct               000000018000bba0 f   sfc_mex:sfc_sf.obj
 0001:0000aeb0       getThreadLocalStorage      000000018000beb0 f   sfc_mex:sfc_mex.obj
 0001:0000aef0       releaseThreadLocalStorage  000000018000bef0 f   sfc_mex:sfc_mex.obj
 0001:0000af00       SNPRINTF_WRAPPER           000000018000bf00 f   sfc_mex:sfc_mex.obj
 0001:0000af20       convert_dims_to_string     000000018000bf20 f   sfc_mex:sfc_mex.obj
 0001:0000b140       is_real_T_equal_to_double  000000018000c140 f   sfc_mex:sfc_mex.obj
 0001:0000b160       is_real32_T_equal_to_double 000000018000c160 f   sfc_mex:sfc_mex.obj
 0001:0000b170       is_mxLogical_equal_to_double 000000018000c170 f   sfc_mex:sfc_mex.obj
 0001:0000b190       is_int8_T_equal_to_double  000000018000c190 f   sfc_mex:sfc_mex.obj
 0001:0000b1b0       is_uint8_T_equal_to_double 000000018000c1b0 f   sfc_mex:sfc_mex.obj
 0001:0000b1d0       is_int16_T_equal_to_double 000000018000c1d0 f   sfc_mex:sfc_mex.obj
 0001:0000b1f0       is_uint16_T_equal_to_double 000000018000c1f0 f   sfc_mex:sfc_mex.obj
 0001:0000b210       is_int32_T_equal_to_double 000000018000c210 f   sfc_mex:sfc_mex.obj
 0001:0000b230       is_uint32_T_equal_to_double 000000018000c230 f   sfc_mex:sfc_mex.obj
 0001:0000b250       is_char_T_equal_to_double  000000018000c250 f   sfc_mex:sfc_mex.obj
 0001:0000b270       sf_zero_numeric_value      000000018000c270 f   sfc_mex:sfc_mex.obj
 0001:0000b2a0       sf_error_append_debugger_context_if_available 000000018000c2a0 f   sfc_mex:sfc_mex.obj
 0001:0000b380       sf_mex_get_error_message_for_write 000000018000c380 f   sfc_mex:sfc_mex.obj
 0001:0000b3b0       replace_single_quotes_by_doubled_quotes 000000018000c3b0 f   sfc_mex:sfc_mex.obj
 0001:0000b5b0       sf_mex_get_formatted_error_string 000000018000c5b0 f   sfc_mex:sfc_mex.obj
 0001:0000bae0       sf_mex_destroy_array       000000018000cae0 f   sfc_mex:sfc_mex.obj
 0001:0000bf10       sfrtAddSize                000000018000cf10 f   sfc_mex:sfc_mex.obj
 0001:0000bfb0       sfrtGenSizeString          000000018000cfb0 f   sfc_mex:sfc_mex.obj
 0001:0000c090       sfIsProperVector           000000018000d090 f   sfc_mex:sfc_mex.obj
 0001:0000c0c0       sfIsRowVector              000000018000d0c0 f   sfc_mex:sfc_mex.obj
 0001:0000c200       sf_ExtractMessageId        000000018000d200 f   sfc_mex:sfc_mex.obj
 0001:0000c4f0       sf_mex_err                 000000018000d4f0 f   sfc_mex:sfc_mex.obj
 0001:0000c570       sf_error_dimension_out_of_bound 000000018000d570 f   sfc_mex:sfc_mex.obj
 0001:0000c610       sf_mex_check_and_set_actual_dimensions 000000018000d610 f   sfc_mex:sfc_mex.obj
 0001:0000c9a0       sf_mex_check_complex       000000018000d9a0 f   sfc_mex:sfc_mex.obj
 0001:0000ca50       sf_mex_check_sparse        000000018000da50 f   sfc_mex:sfc_mex.obj
 0001:0000cb10       sf_mex_check_numerictype   000000018000db10 f   sfc_mex:sfc_mex.obj
 0001:0000cdb0       sf_mex_check_fimath        000000018000ddb0 f   sfc_mex:sfc_mex.obj
 0001:0000dc90       size_mismatch_error        000000018000ec90 f   sfc_mex:sfc_mex.obj
 0001:0000e850       check_array_dimensions     000000018000f850 f   sfc_mex:sfc_mex.obj
 0001:0000e8c0       check_input_mxarray        000000018000f8c0 f   sfc_mex:sfc_mex.obj
 0001:0000f170       sf_numeric_value_to_double 0000000180010170 f   sfc_mex:sfc_mex.obj
 0001:0000f1f0       ml_generic_out_of_bounds_check 00000001800101f0 f   sfc_mex:sfc_mex.obj
 0001:0000f3d0       ml_get_element_value_from_array 00000001800103d0 f   sfc_mex:sfc_mex.obj
 0001:0000f7e0       _ml_generic_castability_check 00000001800107e0 f   sfc_mex:sfc_mex.obj
 0001:00010660       ml_generic_castability_check 0000000180011660 f   sfc_mex:sfc_mex.obj
 0001:00010700       ml_check_mx_array_for_single_castability 0000000180011700 f   sfc_mex:sfc_mex.obj
 0001:000107a0       ml_check_mx_array_for_logical_castability 00000001800117a0 f   sfc_mex:sfc_mex.obj
 0001:00010840       ml_check_mx_array_for_int8_castability 0000000180011840 f   sfc_mex:sfc_mex.obj
 0001:000108f0       ml_check_mx_array_for_uint8_castability 00000001800118f0 f   sfc_mex:sfc_mex.obj
 0001:00010950       ml_check_mx_array_for_int16_castability 0000000180011950 f   sfc_mex:sfc_mex.obj
 0001:000109b0       ml_check_mx_array_for_uint16_castability 00000001800119b0 f   sfc_mex:sfc_mex.obj
 0001:00010a10       ml_check_mx_array_for_int32_castability 0000000180011a10 f   sfc_mex:sfc_mex.obj
 0001:00010a70       ml_check_mx_array_for_uint32_castability 0000000180011a70 f   sfc_mex:sfc_mex.obj
 0001:00010ad0       ml_check_mx_array_for_int64_castability 0000000180011ad0 f   sfc_mex:sfc_mex.obj
 0001:00010b30       ml_check_mx_array_for_uint64_castability 0000000180011b30 f   sfc_mex:sfc_mex.obj
 0001:00010b80       ml_check_mx_array_for_castability 0000000180011b80 f   sfc_mex:sfc_mex.obj
 0001:00011420       set_data_value             0000000180012420 f   sfc_mex:sfc_mex.obj
 0001:00011980       get_next_element_address   0000000180012980 f   sfc_mex:sfc_mex.obj
 0001:00011a50       sf_normalize_index         0000000180012a50 f   sfc_mex:sfc_mex.obj
 0001:00011dc0       ml_array_index_bound_check 0000000180012dc0 f   sfc_mex:sfc_mex.obj
 0001:00012930       mx_value                   0000000180013930 f   sfc_mex:sfc_mex.obj
 0001:00012980       sf_create_numeric_array    0000000180013980 f   sfc_mex:sfc_mex.obj
 0001:00012a20       sf_mex_assign_to_mx_array  0000000180013a20 f   sfc_mex:sfc_mex.obj
 0001:00012d00       assign_from_mx_array       0000000180013d00 f   sfc_mex:sfc_mex.obj
 0001:00013450       sf_mex_import_v            0000000180014450 f   sfc_mex:sfc_mex.obj
 0001:00013d58       pre_c_init                 0000000180014d58 f   MSVCRT:crtdll.obj
 0001:00014014       __DllMainCRTStartup        0000000180015014 f   MSVCRT:crtdll.obj
 0001:00014700       __DllMainCRTStartup$filt$0 0000000180015700 f   MSVCRT:crtdll.obj
 0001:00014730       __DllMainCRTStartup$fin$1  0000000180015730 f   MSVCRT:crtdll.obj
 0001:0001474a       _onexit$fin$0              000000018001574a f   MSVCRT:atonexit.obj
 0001:00014770       _IsNonwritableInCurrentImage$filt$0 0000000180015770 f   MSVCRT:pesect.obj
