 sf_newtons_cradle_sfun

 Timestamp is 5314e41b (Mon Mar 03 21:20:43 2014)

 Preferred load address is 0000000180000000

 Start         Length     Name                   Class
 0001:00000000 00016534H .text                   CODE
 0001:00016540 00000092H .text$x                 CODE
 0002:00000000 00000480H .idata$5                DATA
 0002:00000480 00000008H .CRT$XCA                DATA
 0002:00000488 00000008H .CRT$XCZ                DATA
 0002:00000490 00000008H .CRT$XIA                DATA
 0002:00000498 00000008H .CRT$XIAA               DATA
 0002:000004a0 00000008H .CRT$XIZ                DATA
 0002:000004b0 000024bcH .rdata                  DATA
 0002:00002970 00000008H .rtc$IAA                DATA
 0002:00002978 00000008H .rtc$IZZ                DATA
 0002:00002980 00000008H .rtc$TAA                DATA
 0002:00002988 00000008H .rtc$TZZ                DATA
 0002:00002990 00001764H .xdata                  DATA
 0002:000040f4 000000a0H .idata$2                DATA
 0002:00004194 00000014H .idata$3                DATA
 0002:000041a8 00000480H .idata$4                DATA
 0002:00004628 00000aa4H .idata$6                DATA
 0002:000050d0 0000005cH .edata                  DATA
 0003:00000000 00001a98H .data                   DATA
 0003:00001aa0 000017e0H .bss                    DATA
 0004:00000000 00001410H .pdata                  DATA

  Address         Publics by Value              Rva+Base               Lib:Object

 0000:00000000       ___safe_se_handler_table   0000000000000000     <absolute>
 0000:00000000       ___safe_se_handler_count   0000000000000000     <absolute>
 0000:00000000       __ImageBase                0000000180000000     <linker-defined>
 0001:00000000       sf_newtons_cradle_initializer 0000000180001000 f   sf_newtons_cradle_sfun.obj
 0001:00000010       sf_newtons_cradle_terminator 0000000180001010 f   sf_newtons_cradle_sfun.obj
 0001:00000020       sf_sf_newtons_cradle_method_dispatcher 0000000180001020 f   sf_newtons_cradle_sfun.obj
 0001:00000090       sf_sf_newtons_cradle_process_check_sum_call 0000000180001090 f   sf_newtons_cradle_sfun.obj
 0001:000004b0       sf_sf_newtons_cradle_autoinheritance_info 00000001800014b0 f   sf_newtons_cradle_sfun.obj
 0001:00000670       sf_sf_newtons_cradle_get_eml_resolved_functions_info 0000000180001670 f   sf_newtons_cradle_sfun.obj
 0001:000007e0       sf_sf_newtons_cradle_third_party_uses_info 00000001800017e0 f   sf_newtons_cradle_sfun.obj
 0001:00000960       sf_sf_newtons_cradle_updateBuildInfo_args_info 0000000180001960 f   sf_newtons_cradle_sfun.obj
 0001:00000ae0       sf_newtons_cradle_register_exported_symbols 0000000180001ae0 f   sf_newtons_cradle_sfun.obj
 0001:00000af0       load_sf_newtons_cradle_optimization_info 0000000180001af0 f   sf_newtons_cradle_sfun.obj
 0001:00000b40       unload_sf_newtons_cradle_optimization_info 0000000180001b40 f   sf_newtons_cradle_sfun.obj
 0001:00000b70       sf_c1_sf_newtons_cradle_get_eml_resolved_functions_info 0000000180001b70 f   c1_sf_newtons_cradle.obj
 0001:00000bf0       sf_c1_sf_newtons_cradle_get_check_sum 0000000180001bf0 f   c1_sf_newtons_cradle.obj
 0001:00000c70       sf_c1_sf_newtons_cradle_get_autoinheritance_info 0000000180001c70 f   c1_sf_newtons_cradle.obj
 0001:00001050       sf_c1_sf_newtons_cradle_third_party_uses_info 0000000180002050 f   c1_sf_newtons_cradle.obj
 0001:00001080       sf_c1_sf_newtons_cradle_updateBuildInfo_args_info 0000000180002080 f   c1_sf_newtons_cradle.obj
 0001:000010b0       sf_internal_get_sim_state_c1_sf_newtons_cradle 00000001800020b0 f   c1_sf_newtons_cradle.obj
 0001:00001670       sf_internal_set_sim_state_c1_sf_newtons_cradle 0000000180002670 f   c1_sf_newtons_cradle.obj
 0001:00001d10       c1_sf_newtons_cradle_method_dispatcher 0000000180002d10 f   c1_sf_newtons_cradle.obj
 0001:00003190       sf_c2_sf_newtons_cradle_get_eml_resolved_functions_info 0000000180004190 f   c2_sf_newtons_cradle.obj
 0001:00003210       sf_c2_sf_newtons_cradle_get_check_sum 0000000180004210 f   c2_sf_newtons_cradle.obj
 0001:00003290       sf_c2_sf_newtons_cradle_get_autoinheritance_info 0000000180004290 f   c2_sf_newtons_cradle.obj
 0001:00003530       sf_c2_sf_newtons_cradle_third_party_uses_info 0000000180004530 f   c2_sf_newtons_cradle.obj
 0001:00003560       sf_c2_sf_newtons_cradle_updateBuildInfo_args_info 0000000180004560 f   c2_sf_newtons_cradle.obj
 0001:00003590       sf_internal_get_sim_state_c2_sf_newtons_cradle 0000000180004590 f   c2_sf_newtons_cradle.obj
 0001:000038a0       sf_internal_set_sim_state_c2_sf_newtons_cradle 00000001800048a0 f   c2_sf_newtons_cradle.obj
 0001:00003c90       c2_sf_newtons_cradle_method_dispatcher 0000000180004c90 f   c2_sf_newtons_cradle.obj
 0001:000048f0       sf_process_check_sum_call  00000001800058f0 f   sf_newtons_cradle_sfun_registry.obj
 0001:00004940       sf_process_autoinheritance_call 0000000180005940 f   sf_newtons_cradle_sfun_registry.obj
 0001:00004ae0       sf_process_get_third_party_uses_info_call 0000000180005ae0 f   sf_newtons_cradle_sfun_registry.obj
 0001:00004c80       sf_process_get_updateBuildInfo_args_info_call 0000000180005c80 f   sf_newtons_cradle_sfun_registry.obj
 0001:00004e20       sf_process_get_eml_resolved_functions_info_call 0000000180005e20 f   sf_newtons_cradle_sfun_registry.obj
 0001:00004fa0       sf_mex_unlock_call         0000000180005fa0 f   sf_newtons_cradle_sfun_registry.obj
 0001:00005050       sf_machine_global_initializer_called 0000000180006050 f   sf_newtons_cradle_sfun_registry.obj
 0001:00005080       sf_machine_global_method_dispatcher 0000000180006080 f   sf_newtons_cradle_sfun_registry.obj
 0001:000050e0       sf_machine_global_terminator 00000001800060e0 f   sf_newtons_cradle_sfun_registry.obj
 0001:00005110       sf_register_machine_exported_symbols 0000000180006110 f   sf_newtons_cradle_sfun_registry.obj
 0001:00005130       callCustomFcn              0000000180006130 f   sf_newtons_cradle_sfun_registry.obj
 0001:00005140       sf_machine_global_initializer 0000000180006140 f   sf_newtons_cradle_sfun_registry.obj
 0001:000051a0       _ssSetStateAbsTol          00000001800061a0 f   sf_newtons_cradle_sfun_registry.obj
 0001:00005280       _ssGetAbsTol               0000000180006280 f   sf_newtons_cradle_sfun_registry.obj
 0001:000052f0       _ssSetInputPortMatrixDimensions 00000001800062f0 f   sf_newtons_cradle_sfun_registry.obj
 0001:00005400       _ssSetOutputPortMatrixDimensions 0000000180006400 f   sf_newtons_cradle_sfun_registry.obj
 0001:00005510       _ssSetInputPortVectorDimension 0000000180006510 f   sf_newtons_cradle_sfun_registry.obj
 0001:000055e0       _ssSetOutputPortVectorDimension 00000001800065e0 f   sf_newtons_cradle_sfun_registry.obj
 0001:000056b0       ssIsRunTimeParamTunable    00000001800066b0 f   sf_newtons_cradle_sfun_registry.obj
 0001:00005720       ssGetSFuncBlockHandle      0000000180006720 f   sf_newtons_cradle_sfun_registry.obj
 0001:00005790       _ssGetCurrentInputPortWidth 0000000180006790 f   sf_newtons_cradle_sfun_registry.obj
 0001:000058b0       _ssGetCurrentOutputPortWidth 00000001800068b0 f   sf_newtons_cradle_sfun_registry.obj
 0001:000059d0       _ssGetCallSystemNumFcnCallDestinations 00000001800069d0 f   sf_newtons_cradle_sfun_registry.obj
 0001:00005a40       ssWarning                  0000000180006a40 f   sf_newtons_cradle_sfun_registry.obj
 0001:00005b50       ssGetIsZeroCrossControlDisabled 0000000180006b50 f   sf_newtons_cradle_sfun_registry.obj
 0001:00005bc0       ssSetIsInputPortUsedForContZcSignal 0000000180006bc0 f   sf_newtons_cradle_sfun_registry.obj
 0001:00005c30       ssSetZcSignalIsZcElementDisc 0000000180006c30 f   sf_newtons_cradle_sfun_registry.obj
 0001:00005ce0       ssSetZcSignalName          0000000180006ce0 f   sf_newtons_cradle_sfun_registry.obj
 0001:00005d50       ssSetZcSignalWidth         0000000180006d50 f   sf_newtons_cradle_sfun_registry.obj
 0001:00005dc0       ssSetZcSignalZcEventType   0000000180006dc0 f   sf_newtons_cradle_sfun_registry.obj
 0001:00005e30       ssSetZcSignalType          0000000180006e30 f   sf_newtons_cradle_sfun_registry.obj
 0001:00005ea0       ssSetZcSignalZcTol         0000000180006ea0 f   sf_newtons_cradle_sfun_registry.obj
 0001:00005f10       ssSetZcSignalNeedsEventNotification 0000000180006f10 f   sf_newtons_cradle_sfun_registry.obj
 0001:00005f80       ssCreateAndAddZcSignalInfo 0000000180006f80 f   sf_newtons_cradle_sfun_registry.obj
 0001:00005ff0       ssCloneAndAddZcSignalInfo  0000000180006ff0 f   sf_newtons_cradle_sfun_registry.obj
 0001:00006060       ssGetNumZcSignals          0000000180007060 f   sf_newtons_cradle_sfun_registry.obj
 0001:000060d0       ssGetZcSignalVector        00000001800070d0 f   sf_newtons_cradle_sfun_registry.obj
 0001:00006140       ssGetZcSignalZcEvents      0000000180007140 f   sf_newtons_cradle_sfun_registry.obj
 0001:000061b0       ssGetZcSignalName          00000001800071b0 f   sf_newtons_cradle_sfun_registry.obj
 0001:00006220       ssGetZcSignalWidth         0000000180007220 f   sf_newtons_cradle_sfun_registry.obj
 0001:00006290       ssGetZcSignalZcEventType   0000000180007290 f   sf_newtons_cradle_sfun_registry.obj
 0001:00006300       ssGetZcSignalType          0000000180007300 f   sf_newtons_cradle_sfun_registry.obj
 0001:00006370       ssGetZcSignalZcTol         0000000180007370 f   sf_newtons_cradle_sfun_registry.obj
 0001:000063f0       ssGetZcSignalNeedsEventNotification 00000001800073f0 f   sf_newtons_cradle_sfun_registry.obj
 0001:00006460       ssGetZcSignalIsZcElementDisc 0000000180007460 f   sf_newtons_cradle_sfun_registry.obj
 0001:00006500       ssGetIsInputPortElementContinuous 0000000180007500 f   sf_newtons_cradle_sfun_registry.obj
 0001:000065a0       _ssGetInputPortSignalPtrsFcn 00000001800075a0 f   sf_newtons_cradle_sfun_registry.obj
 0001:00006860       _ssGetInputPortSignalFcn   0000000180007860 f   sf_newtons_cradle_sfun_registry.obj
 0001:00006a80       _ssSetInputPortDirectFeedThroughFcn 0000000180007a80 f   sf_newtons_cradle_sfun_registry.obj
 0001:00006be0       _ssSetInputPortReusableFcn 0000000180007be0 f   sf_newtons_cradle_sfun_registry.obj
 0001:00006cd0       _ssSetOutputPortReusableFcn 0000000180007cd0 f   sf_newtons_cradle_sfun_registry.obj
 0001:00006db0       ssGetDTypeIdFromMxArray    0000000180007db0 f   sf_newtons_cradle_sfun_registry.obj
 0001:00006ed0       ssWriteRTWStr              0000000180007ed0 f   sf_newtons_cradle_sfun_registry.obj
 0001:00006f30       ssWriteRTWMxVectParam      0000000180007f30 f   sf_newtons_cradle_sfun_registry.obj
 0001:00006f90       ssWriteRTWMx2dMatParam     0000000180007f90 f   sf_newtons_cradle_sfun_registry.obj
 0001:00007010       ssWriteRTWNameValuePair    0000000180008010 f   sf_newtons_cradle_sfun_registry.obj
 0001:00007500       ssWriteRTWParameters       0000000180008500 f   sf_newtons_cradle_sfun_registry.obj
 0001:00007b00       ssWriteRTWParamSettings    0000000180008b00 f   sf_newtons_cradle_sfun_registry.obj
 0001:000081d0       ssWriteRTWWorkVect         00000001800091d0 f   sf_newtons_cradle_sfun_registry.obj
 0001:000086d0       mexFunction                00000001800096d0 f   sf_newtons_cradle_sfun_registry.obj
 0001:0000a3b0       ProcessMexSfunctionEveryCall 000000018000b3b0 f   sf_newtons_cradle_sfun_registry.obj
 0001:0000a850       sim_mode_is_rtw_gen        000000018000b850 f   sfc_mex:sfc_sf.obj
 0001:0000a880       sim_mode_is_external       000000018000b880 f   sfc_mex:sfc_sf.obj
 0001:0000a890       sim_mode_is_modelref_sim   000000018000b890 f   sfc_mex:sfc_sf.obj
 0001:0000a8b0       mdlInitializeSizes         000000018000b8b0 f   sfc_mex:sfc_sf.obj
 0001:0000a8d0       mdlInitializeSampleTimes   000000018000b8d0 f   sfc_mex:sfc_sf.obj
 0001:0000a910       mdlZeroCrossings           000000018000b910 f   sfc_mex:sfc_sf.obj
 0001:0000a9f0       mdlDerivatives             000000018000b9f0 f   sfc_mex:sfc_sf.obj
 0001:0000aaa0       mdl_initialize_conditions_processing 000000018000baa0 f   sfc_mex:sfc_sf.obj
 0001:0000aad0       mdlInitializeConditions    000000018000bad0 f   sfc_mex:sfc_sf.obj
 0001:0000ab80       mdlGetSimState             000000018000bb80 f   sfc_mex:sfc_sf.obj
 0001:0000ab90       mdlSetSimState             000000018000bb90 f   sfc_mex:sfc_sf.obj
 0001:0000aba0       mdl_ext_mode_exec_processing 000000018000bba0 f   sfc_mex:sfc_sf.obj
 0001:0000abc0       mdlExtModeExec             000000018000bbc0 f   sfc_mex:sfc_sf.obj
 0001:0000ad50       mdlTerminate               000000018000bd50 f   sfc_mex:sfc_sf.obj
 0001:0000adc0       mdlRTW                     000000018000bdc0 f   sfc_mex:sfc_sf.obj
 0001:0000adf0       mdlSetWorkWidths           000000018000bdf0 f   sfc_mex:sfc_sf.obj
 0001:0000ae00       mdlProcessParameters       000000018000be00 f   sfc_mex:sfc_sf.obj
 0001:0000ae10       mdl_start_processing       000000018000be10 f   sfc_mex:sfc_sf.obj
 0001:0000ae70       mdlStart                   000000018000be70 f   sfc_mex:sfc_sf.obj
 0001:0000af80       mdlEnable                  000000018000bf80 f   sfc_mex:sfc_sf.obj
 0001:0000b050       mdlDisable                 000000018000c050 f   sfc_mex:sfc_sf.obj
 0001:0000b100       sf_get_chart_instance_ptr  000000018000c100 f   sfc_mex:sfc_sf.obj
 0001:0000b120       sf_load_rtw_optimization_info 000000018000c120 f   sfc_mex:sfc_sf.obj
 0001:0000b1f0       sf_update_buildInfo        000000018000c1f0 f   sfc_mex:sfc_sf.obj
 0001:0000b2f0       sf_rtw_info_uint_prop      000000018000c2f0 f   sfc_mex:sfc_sf.obj
 0001:0000b430       sf_is_chart_inlinable      000000018000c430 f   sfc_mex:sfc_sf.obj
 0001:0000b450       sf_mark_output_events_with_multiple_callers 000000018000c450 f   sfc_mex:sfc_sf.obj
 0001:0000b5e0       sf_mark_chart_reusable_outputs 000000018000c5e0 f   sfc_mex:sfc_sf.obj
 0001:0000b840       sf_mark_chart_expressionable_inputs 000000018000c840 f   sfc_mex:sfc_sf.obj
 0001:0000baa0       sf_get_subchart_simstruct  000000018000caa0 f   sfc_mex:sfc_sf.obj
 0001:0000baf0       sf_get_fixpt_data_type_id  000000018000caf0 f   sfc_mex:sfc_sf.obj
 0001:0000bb30       sf_get_enum_data_type_id   000000018000cb30 f   sfc_mex:sfc_sf.obj
 0001:0000bb70       sf_get_param_data_type_id  000000018000cb70 f   sfc_mex:sfc_sf.obj
 0001:0000bba0       sf_mex_listen_for_ctrl_c_force 000000018000cba0 f   sfc_mex:sfc_sf.obj
 0001:0000bcb0       sf_mex_draw_now            000000018000ccb0 f   sfc_mex:sfc_sf.obj
 0001:0000bcf0       sf_mex_set_debugger_sim_status_listener_fcn 000000018000ccf0 f   sfc_mex:sfc_sf.obj
 0001:0000bd00       sf_mex_listen_for_ctrl_c   000000018000cd00 f   sfc_mex:sfc_sf.obj
 0001:0000bda0       sf_mex_get_sfun_param      000000018000cda0 f   sfc_mex:sfc_sf.obj
 0001:0000bdf0       sf_get_runtime_param_data  000000018000cdf0 f   sfc_mex:sfc_sf.obj
 0001:0000be30       sf_call_output_fcn_call    000000018000ce30 f   sfc_mex:sfc_sf.obj
 0001:0000bf70       sf_call_output_fcn_enable  000000018000cf70 f   sfc_mex:sfc_sf.obj
 0001:0000c000       sf_call_output_fcn_disable 000000018000d000 f   sfc_mex:sfc_sf.obj
 0001:0000c090       sf_clear_rtw_identifier    000000018000d090 f   sfc_mex:sfc_sf.obj
 0001:0000c870       sf_set_encoded_dwork_info  000000018000d870 f   sfc_mex:sfc_sf.obj
 0001:0000c8c0       sf_get_dwork_info_from_mat_file 000000018000d8c0 f   sfc_mex:sfc_sf.obj
 0001:0000ca80       sf_set_rtw_dwork_info      000000018000da80 f   sfc_mex:sfc_sf.obj
 0001:0000cbf0       mdlOutputs                 000000018000dbf0 f   sfc_mex:sfc_sf.obj
 0001:0000cde0       sf_mex_mx_is_numeric       000000018000dde0 f   sfc_mex:sfc_mex.obj
 0001:0000ce20       strcmp_ignore_ws           000000018000de20 f   sfc_mex:sfc_mex.obj
 0001:0000cf60       sf_mex_duplicatearraysafe  000000018000df60 f   sfc_mex:sfc_mex.obj
 0001:0000d0c0       sf_set_error_debugger_context_message_fcn 000000018000e0c0 f   sfc_mex:sfc_mex.obj
 0001:0000d0d0       sf_set_debugger_matlab_error_fcn 000000018000e0d0 f   sfc_mex:sfc_mex.obj
 0001:0000d110       sf_set_error_prefix_string 000000018000e110 f   sfc_mex:sfc_mex.obj
 0001:0000d140       sf_get_error_prefix_string 000000018000e140 f   sfc_mex:sfc_mex.obj
 0001:0000d150       sf_mex_enter_parallel_region 000000018000e150 f   sfc_mex:sfc_mex.obj
 0001:0000d160       sf_mex_exit_parallel_region 000000018000e160 f   sfc_mex:sfc_mex.obj
 0001:0000d170       sf_get_current_jmp_buf_ptr 000000018000e170 f   sfc_mex:sfc_mex.obj
 0001:0000d180       sf_set_current_jmp_buf_ptr 000000018000e180 f   sfc_mex:sfc_mex.obj
 0001:0000d190       sf_mex_set_halt_simulation 000000018000e190 f   sfc_mex:sfc_mex.obj
 0001:0000d1a0       sf_mex_get_halt_simulation 000000018000e1a0 f   sfc_mex:sfc_mex.obj
 0001:0000d1b0       sf_mex_clear_error_message 000000018000e1b0 f   sfc_mex:sfc_mex.obj
 0001:0000d1d0       sf_mex_get_error_message_for_read 000000018000e1d0 f   sfc_mex:sfc_mex.obj
 0001:0000d1e0       sf_mex_get_error_message_buffer_length 000000018000e1e0 f   sfc_mex:sfc_mex.obj
 0001:0000d2a0       sf_mex_warning_message     000000018000e2a0 f   sfc_mex:sfc_mex.obj
 0001:0000d2f0       sf_mex_v_errbuf_createf    000000018000e2f0 f   sfc_mex:sfc_mex.obj
 0001:0000d300       sf_mex_errbuf_createf      000000018000e300 f   sfc_mex:sfc_mex.obj
 0001:0000d330       sf_mex_v_errbuf_catf       000000018000e330 f   sfc_mex:sfc_mex.obj
 0001:0000d370       sf_mex_errbuf_catf         000000018000e370 f   sfc_mex:sfc_mex.obj
 0001:0000d3c0       sf_mex_errbuf_copy         000000018000e3c0 f   sfc_mex:sfc_mex.obj
 0001:0000d3d0       sf_mex_errbuf_clear        000000018000e3d0 f   sfc_mex:sfc_mex.obj
 0001:0000d3e0       sf_mex_errbuf_isempty      000000018000e3e0 f   sfc_mex:sfc_mex.obj
 0001:0000d4e0       sf_mex_set_error_status    000000018000e4e0 f   sfc_mex:sfc_mex.obj
 0001:0000d530       sf_mex_error_direct_call   000000018000e530 f   sfc_mex:sfc_mex.obj
 0001:0000d550       sf_mex_error_message_no_long_jump 000000018000e550 f   sfc_mex:sfc_mex.obj
 0001:0000d570       sf_mex_long_jump_on_error  000000018000e570 f   sfc_mex:sfc_mex.obj
 0001:0000d5a0       sf_mex_call_matlab         000000018000e5a0 f   sfc_mex:sfc_mex.obj
 0001:0000d680       sf_mex_check_builtin       000000018000e680 f   sfc_mex:sfc_mex.obj
 0001:0000d720       sf_mex_check_builtin_vs    000000018000e720 f   sfc_mex:sfc_mex.obj
 0001:0000d7e0       sf_mex_check_enum          000000018000e7e0 f   sfc_mex:sfc_mex.obj
 0001:0000d860       sf_mex_create_enum         000000018000e860 f   sfc_mex:sfc_mex.obj
 0001:0000d8d0       sf_mex_get_enum_element    000000018000e8d0 f   sfc_mex:sfc_mex.obj
 0001:0000d8e0       sf_mex_createcellarray     000000018000e8e0 f   sfc_mex:sfc_mex.obj
 0001:0000d8f0       sf_mex_setcell             000000018000e8f0 f   sfc_mex:sfc_mex.obj
 0001:0000d900       sf_mex_getcell             000000018000e900 f   sfc_mex:sfc_mex.obj
 0001:0000d910       sf_mex_dup                 000000018000e910 f   sfc_mex:sfc_mex.obj
 0001:0000d930       sf_mex_assign              000000018000e930 f   sfc_mex:sfc_mex.obj
 0001:0000d9b0       sf_mex_destroy             000000018000e9b0 f   sfc_mex:sfc_mex.obj
 0001:0000d9e0       mx_array_has_fi_type       000000018000e9e0 f   sfc_mex:sfc_mex.obj
 0001:0000da10       sf_mex_convert_from_fi     000000018000ea10 f   sfc_mex:sfc_mex.obj
 0001:0000dbf0       sf_mex_convert_to_double   000000018000ebf0 f   sfc_mex:sfc_mex.obj
 0001:0000dd00       sf_mex_import_fi_vs        000000018000ed00 f   sfc_mex:sfc_mex.obj
 0001:0000df10       sf_matrix_matrix_index_ok  000000018000ef10 f   sfc_mex:sfc_mex.obj
 0001:0000dfa0       sf_vector_vector_index_ok  000000018000efa0 f   sfc_mex:sfc_mex.obj
 0001:0000dfd0       ssGetCurrentInputPortDimensions_wrapper 000000018000efd0 f   sfc_mex:sfc_mex.obj
 0001:0000dff0       ssGetCurrentOutputPortDimensions_wrapper 000000018000eff0 f   sfc_mex:sfc_mex.obj
 0001:0000e010       sf_mex_emlrt_context_is_debug_mode 000000018000f010 f   sfc_mex:sfc_mex.obj
 0001:0000e020       sf_mex_emlrt_context_set_debug_mode 000000018000f020 f   sfc_mex:sfc_mex.obj
 0001:0000e030       sf_mex_emlrtNameCapturePostProcessR2012a 000000018000f030 f   sfc_mex:sfc_mex.obj
 0001:0000e0a0       sf_clear_error_manager_info 000000018000f0a0 f   sfc_mex:sfc_mex.obj
 0001:0000e100       sf_mex_stop_simulation_abruptly_wo_error 000000018000f100 f   sfc_mex:sfc_mex.obj
 0001:0000e140       sf_mex_error_message       000000018000f140 f   sfc_mex:sfc_mex.obj
 0001:0000e1b0       sf_react_to_error_in_matlab_call 000000018000f1b0 f   sfc_mex:sfc_mex.obj
 0001:0000e1e0       sf_mex_addfield            000000018000f1e0 f   sfc_mex:sfc_mex.obj
 0001:0000e280       sf_mex_getfield            000000018000f280 f   sfc_mex:sfc_mex.obj
 0001:0000e5f0       sf_mex_check_class         000000018000f5f0 f   sfc_mex:sfc_mex.obj
 0001:0000e6e0       sf_mex_is_real             000000018000f6e0 f   sfc_mex:sfc_mex.obj
 0001:0000ee90       sf_mex_decode_encoded_mx_cell_array 000000018000fe90 f   sfc_mex:sfc_mex.obj
 0001:0000f100       sf_mex_decode_encoded_mx_struct_array 0000000180010100 f   sfc_mex:sfc_mex.obj
 0001:0000f3d0       lw_bounds_error            00000001800103d0 f   sfc_mex:sfc_mex.obj
 0001:0000f3e0       sf_mex_lw_bounds_check     00000001800103e0 f   sfc_mex:sfc_mex.obj
 0001:0000f410       sf_mex_lw_bounds_check_int64 0000000180010410 f   sfc_mex:sfc_mex.obj
 0001:0000f450       sf_mex_lw_size_eq_check_1d 0000000180010450 f   sfc_mex:sfc_mex.obj
 0001:0000f470       sf_mex_lw_size_eq_check_nd 0000000180010470 f   sfc_mex:sfc_mex.obj
 0001:0000f650       sf_mex_lw_dim_size_eq_check 0000000180010650 f   sfc_mex:sfc_mex.obj
 0001:0000f680       sf_mex_lw_dim_size_geq_check 0000000180010680 f   sfc_mex:sfc_mex.obj
 0001:0000f6b0       sf_mex_lw_sub_assign_size_check_nd 00000001800106b0 f   sfc_mex:sfc_mex.obj
 0001:0000f860       sf_mex_lw_runtime_error_msgid 0000000180010860 f   sfc_mex:sfc_mex.obj
 0001:0000f950       sf_mex_lw_matrix_matrix_index_check 0000000180010950 f   sfc_mex:sfc_mex.obj
 0001:0000f970       sf_mex_lw_vector_vector_index_check 0000000180010970 f   sfc_mex:sfc_mex.obj
 0001:0000f9b0       sf_mex_lw_for_loop_vector_check 00000001800109b0 f   sfc_mex:sfc_mex.obj
 0001:0000fa30       sf_mex_lw_non_negative_check 0000000180010a30 f   sfc_mex:sfc_mex.obj
 0001:0000fa70       sf_mex_overflow_error      0000000180010a70 f   sfc_mex:sfc_mex.obj
 0001:0000fa80       sf_mex_dividebyzero_error  0000000180010a80 f   sfc_mex:sfc_mex.obj
 0001:0000fa90       sf_mex_unsafe_enum_error   0000000180010a90 f   sfc_mex:sfc_mex.obj
 0001:0000faa0       sf_emlrtErrHandler         0000000180010aa0 f   sfc_mex:sfc_mex.obj
 0001:0000fb60       sf_mex_size_one_check      0000000180010b60 f   sfc_mex:sfc_mex.obj
 0001:0000fb80       sf_mex_printf              0000000180010b80 f   sfc_mex:sfc_mex.obj
 0001:0000fdd0       sf_mex_check_size          0000000180010dd0 f   sfc_mex:sfc_mex.obj
 0001:00010110       sf_mex_check_struct        0000000180011110 f   sfc_mex:sfc_mex.obj
 0001:00010330       sf_mex_check_struct_vs     0000000180011330 f   sfc_mex:sfc_mex.obj
 0001:000103c0       sf_mex_check_fi            00000001800113c0 f   sfc_mex:sfc_mex.obj
 0001:00010550       sf_mex_check_fi_vs         0000000180011550 f   sfc_mex:sfc_mex.obj
 0001:000105f0       sf_echo_expression         00000001800115f0 f   sfc_mex:sfc_mex.obj
 0001:00010650       sf_assertion_failed        0000000180011650 f   sfc_mex:sfc_mex.obj
 0001:00010920       sf_mex_evalin              0000000180011920 f   sfc_mex:sfc_mex.obj
 0001:00010c70       sf_mex_export              0000000180011c70 f   sfc_mex:sfc_mex.obj
 0001:00010d30       sf_mex_get_ml_var_no_error 0000000180011d30 f   sfc_mex:sfc_mex.obj
 0001:00010f70       sf_mex_get_ml_var          0000000180011f70 f   sfc_mex:sfc_mex.obj
 0001:00011470       ml_set_element_value_in_array 0000000180012470 f   sfc_mex:sfc_mex.obj
 0001:00012de0       sf_mex_call_impl           0000000180013de0 f   sfc_mex:sfc_mex.obj
 0001:00013200       sf_mex_call_debug          0000000180014200 f   sfc_mex:sfc_mex.obj
 0001:00013230       sf_mex_call                0000000180014230 f   sfc_mex:sfc_mex.obj
 0001:00013940       sf_mex_createstruct        0000000180014940 f   sfc_mex:sfc_mex.obj
 0001:00013a30       sf_mex_createstructarray   0000000180014a30 f   sfc_mex:sfc_mex.obj
 0001:00013ab0       sf_mex_get_mx_datatype_from_sf_datatype 0000000180014ab0 f   sfc_mex:sfc_mex.obj
 0001:00013dc0       sf_mex_ml_var_sub          0000000180014dc0 f   sfc_mex:sfc_mex.obj
 0001:00013fd0       sf_mex_ml_var_subsasgn     0000000180014fd0 f   sfc_mex:sfc_mex.obj
 0001:00014390       sf_mex_sub                 0000000180015390 f   sfc_mex:sfc_mex.obj
 0001:000145d0       sf_mex_subsasgn            00000001800155d0 f   sfc_mex:sfc_mex.obj
 0001:00014a40       sf_mex_create              0000000180015a40 f   sfc_mex:sfc_mex.obj
 0001:000153b0       sf_mex_import_named        00000001800163b0 f   sfc_mex:sfc_mex.obj
 0001:00015410       sf_mex_import              0000000180016410 f   sfc_mex:sfc_mex.obj
 0001:00015460       sf_mex_import_vs           0000000180016460 f   sfc_mex:sfc_mex.obj
 0001:00015570       sf_mex_lower_fixpt_mx_array 0000000180016570 f   sfc_mex:sfc_mex.obj
 0001:0001587a       mxGetScalar                000000018001687a f   libmx:libmx.dll
 0001:00015880       mxGetPr                    0000000180016880 f   libmx:libmx.dll
 0001:00015886       mxCreateDoubleMatrix_730   0000000180016886 f   libmx:libmx.dll
 0001:0001588c       mxGetString_730            000000018001688c f   libmx:libmx.dll
 0001:00015892       mxIsChar                   0000000180016892 f   libmx:libmx.dll
 0001:00015898       mxDestroyArray             0000000180016898 f   libmx:libmx.dll
 0001:0001589e       mxDuplicateArray           000000018001689e f   libmx:libmx.dll
 0001:000158a4       mxCreateDoubleScalar       00000001800168a4 f   libmx:libmx.dll
 0001:000158aa       mxSetField_730             00000001800168aa f   libmx:libmx.dll
 0001:000158b0       mxCreateString             00000001800168b0 f   libmx:libmx.dll
 0001:000158b6       mxCreateStructMatrix_730   00000001800168b6 f   libmx:libmx.dll
 0001:000158bc       mxCreateCellMatrix_730     00000001800168bc f   libmx:libmx.dll
 0001:000158c2       mxGetClassID               00000001800168c2 f   libmx:libmx.dll
 0001:000158c8       mxIsNumeric                00000001800168c8 f   libmx:libmx.dll
 0001:000158ce       mxIsComplex                00000001800168ce f   libmx:libmx.dll
 0001:000158d4       mxGetN                     00000001800168d4 f   libmx:libmx.dll
 0001:000158da       mxGetM                     00000001800168da f   libmx:libmx.dll
 0001:000158e0       mxCalloc                   00000001800168e0 f   libmx:libmx.dll
 0001:000158e6       mxGetString_700            00000001800168e6 f   libmx:libmx.dll
 0001:000158ec       mxFree                     00000001800168ec f   libmx:libmx.dll
 0001:000158f2       mxArrayToString            00000001800168f2 f   libmx:libmx.dll
 0001:000158f8       mxGetNumberOfElements      00000001800168f8 f   libmx:libmx.dll
 0001:000158fe       mxGetField_700             00000001800168fe f   libmx:libmx.dll
 0001:00015904       mxSetFieldByNumber_700     0000000180016904 f   libmx:libmx.dll
 0001:0001590a       mxCreateStructArray_700    000000018001690a f   libmx:libmx.dll
 0001:00015910       mxGetData                  0000000180016910 f   libmx:libmx.dll
 0001:00015916       mxCreateNumericArray_700   0000000180016916 f   libmx:libmx.dll
 0001:0001591c       mxIsLogical                000000018001691c f   libmx:libmx.dll
 0001:00015922       mxCreateDoubleMatrix_700   0000000180016922 f   libmx:libmx.dll
 0001:00015928       mxGetProperty_700          0000000180016928 f   libmx:libmx.dll
 0001:0001592e       mxCreateCellMatrix_700     000000018001692e f   libmx:libmx.dll
 0001:00015934       mxSetCell_700              0000000180016934 f   libmx:libmx.dll
 0001:0001593a       mxGetCell_700              000000018001693a f   libmx:libmx.dll
 0001:00015940       mxGetClassName             0000000180016940 f   libmx:libmx.dll
 0001:00015946       mxSetField_700             0000000180016946 f   libmx:libmx.dll
 0001:0001594c       mxAddField                 000000018001694c f   libmx:libmx.dll
 0001:00015952       mxIsStruct                 0000000180016952 f   libmx:libmx.dll
 0001:00015958       mxIsA                      0000000180016958 f   libmx:libmx.dll
 0001:0001595e       mxIsClass                  000000018001695e f   libmx:libmx.dll
 0001:00015964       mxGetLogicals              0000000180016964 f   libmx:libmx.dll
 0001:0001596a       mxIsSparse                 000000018001696a f   libmx:libmx.dll
 0001:00015970       mxIsCell                   0000000180016970 f   libmx:libmx.dll
 0001:00015976       mxGetFieldByNumber_700     0000000180016976 f   libmx:libmx.dll
 0001:0001597c       mxGetFieldNameByNumber     000000018001697c f   libmx:libmx.dll
 0001:00015982       mxGetNumberOfFields        0000000180016982 f   libmx:libmx.dll
 0001:00015988       mxCreateStructMatrix_700   0000000180016988 f   libmx:libmx.dll
 0001:0001598e       mxGetFieldNumber           000000018001698e f   libmx:libmx.dll
 0001:00015994       mxIsNaN                    0000000180016994 f   libmx:libmx.dll
 0001:0001599a       mxIsEmpty                  000000018001699a f   libmx:libmx.dll
 0001:000159a0       mxGetImagData              00000001800169a0 f   libmx:libmx.dll
 0001:000159a6       mxArrayClassIDName         00000001800169a6 f   libmx:libmx.dll
 0001:000159ac       mxCreateNumericMatrix_700  00000001800169ac f   libmx:libmx.dll
 0001:000159b2       mxCalcSingleSubscript_700  00000001800169b2 f   libmx:libmx.dll
 0001:000159b8       mxGetDimensions_700        00000001800169b8 f   libmx:libmx.dll
 0001:000159be       mxGetNumberOfDimensions_700 00000001800169be f   libmx:libmx.dll
 0001:000159c4       mxGetElementSize           00000001800169c4 f   libmx:libmx.dll
 0001:000159ca       mxCreateStringFromNChars_700 00000001800169ca f   libmx:libmx.dll
 0001:000159d0       mexMakeArrayPersistent     00000001800169d0 f   libmex:libmex.dll
 0001:000159d6       mexUnlock                  00000001800169d6 f   libmex:libmex.dll
 0001:000159dc       mexIsLocked                00000001800169dc f   libmex:libmex.dll
 0001:000159e2       mexWarnMsgTxt              00000001800169e2 f   libmex:libmex.dll
 0001:000159e8       mexCallMATLAB              00000001800169e8 f   libmex:libmex.dll
 0001:000159ee       mexErrMsgTxt               00000001800169ee f   libmex:libmex.dll
 0001:000159f4       mexLock                    00000001800169f4 f   libmex:libmex.dll
 0001:000159fa       mexMakeMemoryPersistent    00000001800169fa f   libmex:libmex.dll
 0001:00015a00       mexCallMATLABWithTrap      0000000180016a00 f   libmex:libmex.dll
 0001:00015a06       mexPutVariable             0000000180016a06 f   libmex:libmex.dll
 0001:00015a0c       mexGetVariable             0000000180016a0c f   libmex:libmex.dll
 0001:00015a12       ssRegisterDataTypeFxpFSlopeFixExpBias 0000000180016a12 f   libfixedpoint:libfixedpoint.dll
 0001:00015a18       ssRegisterDataTypeFxpScaledDouble 0000000180016a18 f   libfixedpoint:libfixedpoint.dll
 0001:00015a1e       utMalloc                   0000000180016a1e f   libut:libut.dll
 0001:00015a24       utFree                     0000000180016a24 f   libut:libut.dll
 0001:00015a2a       utCPUtime                  0000000180016a2a f   libut:libut.dll
 0001:00015a30       utVSNprintf                0000000180016a30 f   libut:libut.dll
 0001:00015a36       muDoubleScalarSin          0000000180016a36 f   libmwmathutil:libmwmathutil.dll
 0001:00015a3c       emlrtCreateRootTLS         0000000180016a3c f   libemlrt:libemlrt.dll
 0001:00015a42       emlrtDestroyRootTLS        0000000180016a42 f   libemlrt:libemlrt.dll
 0001:00015a48       emlrtCheckBuiltInR2012b    0000000180016a48 f   libemlrt:libemlrt.dll
 0001:00015a4e       emlrtCheckVsBuiltInR2012b  0000000180016a4e f   libemlrt:libemlrt.dll
 0001:00015a54       emlrtCheckEnumR2012b       0000000180016a54 f   libemlrt:libemlrt.dll
 0001:00015a5a       emlrtCreateEnumR2012b      0000000180016a5a f   libemlrt:libemlrt.dll
 0001:00015a60       emlrtGetEnumElementR2009a  0000000180016a60 f   libemlrt:libemlrt.dll
 0001:00015a66       emlrtCreateReference       0000000180016a66 f   libemlrt:libemlrt.dll
 0001:00015a6c       emlrtImportVsFiArrayR2009b 0000000180016a6c f   libemlrt:libemlrt.dll
 0001:00015a72       emlrtNameCapturePostProcessR2012a 0000000180016a72 f   libemlrt:libemlrt.dll
 0001:00015a78       emlrtExtractMessageId      0000000180016a78 f   libemlrt:libemlrt.dll
 0001:00015a7e       emlrtTranslateMessageIDtoLCPstring 0000000180016a7e f   libemlrt:libemlrt.dll
 0001:00015a84       emlrtForLoopVectorIsValidR2011b 0000000180016a84 f   libemlrt:libemlrt.dll
 0001:00015a8a       emlrtTranslateUTF16MessagetoLCPstring 0000000180016a8a f   libemlrt:libemlrt.dll
 0001:00015a90       emlrtGetEnumUnderlyingArrayR2009a 0000000180016a90 f   libemlrt:libemlrt.dll
 0001:00015a96       emlrtIsEnumR2009a          0000000180016a96 f   libemlrt:libemlrt.dll
 0001:00015a9c       emlrtInitCharArrayR2013a   0000000180016a9c f   libemlrt:libemlrt.dll
 0001:00015aa4       __GSHandlerCheckCommon     0000000180016aa4 f   MSVCRT:gshandler.obj
 0001:00015b08       __GSHandlerCheck           0000000180016b08 f   MSVCRT:gshandler.obj
 0001:00015b26       strcmp                     0000000180016b26 f   MSVCRT:MSVCR100.dll
 0001:00015b40       __security_check_cookie    0000000180016b40 f   MSVCRT:amdsecgs.obj
 0001:00015b60       memset                     0000000180016b60 f   MSVCRT:MSVCR100.dll
 0001:00015b66       free                       0000000180016b66 f   MSVCRT:MSVCR100.dll
 0001:00015b6c       sprintf                    0000000180016b6c f   MSVCRT:MSVCR100.dll
 0001:00015b72       malloc                     0000000180016b72 f   MSVCRT:MSVCR100.dll
 0001:00015b78       strlen                     0000000180016b78 f   MSVCRT:MSVCR100.dll
 0001:00015b7e       strcat                     0000000180016b7e f   MSVCRT:MSVCR100.dll
 0001:00015b84       memcpy                     0000000180016b84 f   MSVCRT:MSVCR100.dll
 0001:00015b8c       NtCurrentTeb               0000000180016b8c f i MSVCRT:crtdll.obj
 0001:00015bf8       _CRT_INIT                  0000000180016bf8 f   MSVCRT:crtdll.obj
 0001:00015f90       _DllMainCRTStartup         0000000180016f90 f   MSVCRT:crtdll.obj
 0001:00015fce       _setjmp                    0000000180016fce f   MSVCRT:MSVCR100.dll
 0001:00015fd4       strncpy                    0000000180016fd4 f   MSVCRT:MSVCR100.dll
 0001:00015ff0       __chkstk                   0000000180016ff0 f   MSVCRT:chkstk.obj
 0001:00015ff0       _alloca_probe              0000000180016ff0     MSVCRT:chkstk.obj
 0001:0001603e       longjmp                    000000018001703e f   MSVCRT:MSVCR100.dll
 0001:00016044       strncmp                    0000000180017044 f   MSVCRT:MSVCR100.dll
 0001:0001604a       ceil                       000000018001704a f   MSVCRT:MSVCR100.dll
 0001:00016050       strrchr                    0000000180017050 f   MSVCRT:MSVCR100.dll
 0001:00016058       __report_gsfailure         0000000180017058 f   MSVCRT:gs_report.obj
 0001:000161a4       __clean_type_info_names    00000001800171a4 f   MSVCRT:tncleanup.obj
 0001:000161b0       _onexit                    00000001800171b0 f   MSVCRT:atonexit.obj
 0001:00016260       atexit                     0000000180017260 f   MSVCRT:atonexit.obj
 0001:00016278       _RTC_Initialize            0000000180017278 f   MSVCRT:_initsect_.obj
 0001:000162b0       _RTC_Terminate             00000001800172b0 f   MSVCRT:_initsect_.obj
 0001:000162e8       _malloc_crt                00000001800172e8 f   MSVCRT:MSVCR100.dll
 0001:000162f0       _ValidateImageBase         00000001800172f0 f   MSVCRT:pesect.obj
 0001:00016320       _FindPESection             0000000180017320 f   MSVCRT:pesect.obj
 0001:00016370       _IsNonwritableInCurrentImage 0000000180017370 f   MSVCRT:pesect.obj
 0001:000163b2       _initterm                  00000001800173b2 f   MSVCRT:MSVCR100.dll
 0001:000163b8       _initterm_e                00000001800173b8 f   MSVCRT:MSVCR100.dll
 0001:000163be       _encoded_null              00000001800173be f   MSVCRT:MSVCR100.dll
 0001:000163c4       _amsg_exit                 00000001800173c4 f   MSVCRT:MSVCR100.dll
 0001:000163ca       __C_specific_handler       00000001800173ca f   MSVCRT:MSVCR100.dll
 0001:000163d0       __CppXcptFilter            00000001800173d0 f   MSVCRT:MSVCR100.dll
 0001:000163d8       DllMain                    00000001800173d8 f   MSVCRT:dllmain.obj
 0001:000163fc       __security_init_cookie     00000001800173fc f   MSVCRT:gs_support.obj
 0001:000164b0       __crt_debugger_hook        00000001800174b0 f   MSVCRT:MSVCR100.dll
 0001:000164b6       __clean_type_info_names_internal 00000001800174b6 f   MSVCRT:MSVCR100.dll
 0001:000164bc       _unlock                    00000001800174bc f   MSVCRT:MSVCR100.dll
 0001:000164c2       __dllonexit                00000001800174c2 f   MSVCRT:MSVCR100.dll
 0001:000164c8       _lock                      00000001800174c8 f   MSVCRT:MSVCR100.dll
 0001:000164ce       EncodePointer              00000001800174ce f   kernel32:KERNEL32.dll
 0001:000164d4       DecodePointer              00000001800174d4 f   kernel32:KERNEL32.dll
 0001:000164da       Sleep                      00000001800174da f   kernel32:KERNEL32.dll
 0001:000164e0       TerminateProcess           00000001800174e0 f   kernel32:KERNEL32.dll
 0001:000164e6       GetCurrentProcess          00000001800174e6 f   kernel32:KERNEL32.dll
 0001:000164ec       UnhandledExceptionFilter   00000001800174ec f   kernel32:KERNEL32.dll
 0001:000164f2       SetUnhandledExceptionFilter 00000001800174f2 f   kernel32:KERNEL32.dll
 0001:000164f8       IsDebuggerPresent          00000001800174f8 f   kernel32:KERNEL32.dll
 0001:000164fe       RtlVirtualUnwind           00000001800174fe f   kernel32:KERNEL32.dll
 0001:00016504       RtlLookupFunctionEntry     0000000180017504 f   kernel32:KERNEL32.dll
 0001:0001650a       RtlCaptureContext          000000018001750a f   kernel32:KERNEL32.dll
 0001:00016510       DisableThreadLibraryCalls  0000000180017510 f   kernel32:KERNEL32.dll
 0001:00016516       QueryPerformanceCounter    0000000180017516 f   kernel32:KERNEL32.dll
 0001:0001651c       GetTickCount               000000018001751c f   kernel32:KERNEL32.dll
 0001:00016522       GetCurrentThreadId         0000000180017522 f   kernel32:KERNEL32.dll
 0001:00016528       GetCurrentProcessId        0000000180017528 f   kernel32:KERNEL32.dll
 0001:0001652e       GetSystemTimeAsFileTime    000000018001752e f   kernel32:KERNEL32.dll
 0002:00000000       __imp_GetSystemTimeAsFileTime 0000000180018000     kernel32:KERNEL32.dll
 0002:00000008       __imp_GetCurrentProcessId  0000000180018008     kernel32:KERNEL32.dll
 0002:00000010       __imp_GetCurrentThreadId   0000000180018010     kernel32:KERNEL32.dll
 0002:00000018       __imp_GetTickCount         0000000180018018     kernel32:KERNEL32.dll
 0002:00000020       __imp_QueryPerformanceCounter 0000000180018020     kernel32:KERNEL32.dll
 0002:00000028       __imp_DisableThreadLibraryCalls 0000000180018028     kernel32:KERNEL32.dll
 0002:00000030       __imp_RtlCaptureContext    0000000180018030     kernel32:KERNEL32.dll
 0002:00000038       __imp_RtlLookupFunctionEntry 0000000180018038     kernel32:KERNEL32.dll
 0002:00000040       __imp_RtlVirtualUnwind     0000000180018040     kernel32:KERNEL32.dll
 0002:00000048       __imp_IsDebuggerPresent    0000000180018048     kernel32:KERNEL32.dll
 0002:00000050       __imp_SetUnhandledExceptionFilter 0000000180018050     kernel32:KERNEL32.dll
 0002:00000058       __imp_UnhandledExceptionFilter 0000000180018058     kernel32:KERNEL32.dll
 0002:00000060       __imp_GetCurrentProcess    0000000180018060     kernel32:KERNEL32.dll
 0002:00000068       __imp_TerminateProcess     0000000180018068     kernel32:KERNEL32.dll
 0002:00000070       __imp_Sleep                0000000180018070     kernel32:KERNEL32.dll
 0002:00000078       __imp_DecodePointer        0000000180018078     kernel32:KERNEL32.dll
 0002:00000080       __imp_EncodePointer        0000000180018080     kernel32:KERNEL32.dll
 0002:00000088       \177KERNEL32_NULL_THUNK_DATA 0000000180018088     kernel32:KERNEL32.dll
 0002:00000090       __imp__onexit              0000000180018090     MSVCRT:MSVCR100.dll
 0002:00000098       __imp__lock                0000000180018098     MSVCRT:MSVCR100.dll
 0002:000000a0       __imp___dllonexit          00000001800180a0     MSVCRT:MSVCR100.dll
 0002:000000a8       __imp__unlock              00000001800180a8     MSVCRT:MSVCR100.dll
 0002:000000b0       __imp___clean_type_info_names_internal 00000001800180b0     MSVCRT:MSVCR100.dll
 0002:000000b8       __imp___crt_debugger_hook  00000001800180b8     MSVCRT:MSVCR100.dll
 0002:000000c0       __imp___CppXcptFilter      00000001800180c0     MSVCRT:MSVCR100.dll
 0002:000000c8       __imp___C_specific_handler 00000001800180c8     MSVCRT:MSVCR100.dll
 0002:000000d0       __imp__amsg_exit           00000001800180d0     MSVCRT:MSVCR100.dll
 0002:000000d8       __imp__encoded_null        00000001800180d8     MSVCRT:MSVCR100.dll
 0002:000000e0       __imp__initterm_e          00000001800180e0     MSVCRT:MSVCR100.dll
 0002:000000e8       __imp__initterm            00000001800180e8     MSVCRT:MSVCR100.dll
 0002:000000f0       __imp__malloc_crt          00000001800180f0     MSVCRT:MSVCR100.dll
 0002:000000f8       __imp_strrchr              00000001800180f8     MSVCRT:MSVCR100.dll
 0002:00000100       __imp_ceil                 0000000180018100     MSVCRT:MSVCR100.dll
 0002:00000108       __imp_strncmp              0000000180018108     MSVCRT:MSVCR100.dll
 0002:00000110       __imp_longjmp              0000000180018110     MSVCRT:MSVCR100.dll
 0002:00000118       __imp_strncpy              0000000180018118     MSVCRT:MSVCR100.dll
 0002:00000120       __imp__setjmp              0000000180018120     MSVCRT:MSVCR100.dll
 0002:00000128       __imp_memcpy               0000000180018128     MSVCRT:MSVCR100.dll
 0002:00000130       __imp_strcat               0000000180018130     MSVCRT:MSVCR100.dll
 0002:00000138       __imp_strlen               0000000180018138     MSVCRT:MSVCR100.dll
 0002:00000140       __imp_malloc               0000000180018140     MSVCRT:MSVCR100.dll
 0002:00000148       __imp_sprintf              0000000180018148     MSVCRT:MSVCR100.dll
 0002:00000150       __imp_free                 0000000180018150     MSVCRT:MSVCR100.dll
 0002:00000158       __imp_memset               0000000180018158     MSVCRT:MSVCR100.dll
 0002:00000160       __imp_strcmp               0000000180018160     MSVCRT:MSVCR100.dll
 0002:00000168       \177MSVCR100_NULL_THUNK_DATA 0000000180018168     MSVCRT:MSVCR100.dll
 0002:00000170       __imp_emlrtInitCharArrayR2013a 0000000180018170     libemlrt:libemlrt.dll
 0002:00000178       __imp_emlrtIsEnumR2009a    0000000180018178     libemlrt:libemlrt.dll
 0002:00000180       __imp_emlrtGetEnumUnderlyingArrayR2009a 0000000180018180     libemlrt:libemlrt.dll
 0002:00000188       __imp_emlrtTranslateUTF16MessagetoLCPstring 0000000180018188     libemlrt:libemlrt.dll
 0002:00000190       __imp_emlrtForLoopVectorIsValidR2011b 0000000180018190     libemlrt:libemlrt.dll
 0002:00000198       __imp_emlrtTranslateMessageIDtoLCPstring 0000000180018198     libemlrt:libemlrt.dll
 0002:000001a0       __imp_emlrtExtractMessageId 00000001800181a0     libemlrt:libemlrt.dll
 0002:000001a8       __imp_emlrtNameCapturePostProcessR2012a 00000001800181a8     libemlrt:libemlrt.dll
 0002:000001b0       __imp_emlrtImportVsFiArrayR2009b 00000001800181b0     libemlrt:libemlrt.dll
 0002:000001b8       __imp_emlrtCreateReference 00000001800181b8     libemlrt:libemlrt.dll
 0002:000001c0       __imp_emlrtGetEnumElementR2009a 00000001800181c0     libemlrt:libemlrt.dll
 0002:000001c8       __imp_emlrtCreateEnumR2012b 00000001800181c8     libemlrt:libemlrt.dll
 0002:000001d0       __imp_emlrtCheckEnumR2012b 00000001800181d0     libemlrt:libemlrt.dll
 0002:000001d8       __imp_emlrtCheckVsBuiltInR2012b 00000001800181d8     libemlrt:libemlrt.dll
 0002:000001e0       __imp_emlrtCheckBuiltInR2012b 00000001800181e0     libemlrt:libemlrt.dll
 0002:000001e8       __imp_emlrtDestroyRootTLS  00000001800181e8     libemlrt:libemlrt.dll
 0002:000001f0       __imp_emlrtCreateRootTLS   00000001800181f0     libemlrt:libemlrt.dll
 0002:000001f8       \177libemlrt_NULL_THUNK_DATA 00000001800181f8     libemlrt:libemlrt.dll
 0002:00000200       __imp_ssRegisterDataTypeFxpScaledDouble 0000000180018200     libfixedpoint:libfixedpoint.dll
 0002:00000208       __imp_ssRegisterDataTypeFxpFSlopeFixExpBias 0000000180018208     libfixedpoint:libfixedpoint.dll
 0002:00000210       \177libfixedpoint_NULL_THUNK_DATA 0000000180018210     libfixedpoint:libfixedpoint.dll
 0002:00000218       __imp_mexPutVariable       0000000180018218     libmex:libmex.dll
 0002:00000220       __imp_mexGetVariable       0000000180018220     libmex:libmex.dll
 0002:00000228       __imp_mexCallMATLABWithTrap 0000000180018228     libmex:libmex.dll
 0002:00000230       __imp_mexMakeMemoryPersistent 0000000180018230     libmex:libmex.dll
 0002:00000238       __imp_mexLock              0000000180018238     libmex:libmex.dll
 0002:00000240       __imp_mexUnlock            0000000180018240     libmex:libmex.dll
 0002:00000248       __imp_mexIsLocked          0000000180018248     libmex:libmex.dll
 0002:00000250       __imp_mexWarnMsgTxt        0000000180018250     libmex:libmex.dll
 0002:00000258       __imp_mexMakeArrayPersistent 0000000180018258     libmex:libmex.dll
 0002:00000260       __imp_mexCallMATLAB        0000000180018260     libmex:libmex.dll
 0002:00000268       __imp_mexErrMsgTxt         0000000180018268     libmex:libmex.dll
 0002:00000270       \177libmex_NULL_THUNK_DATA 0000000180018270     libmex:libmex.dll
 0002:00000278       __imp_muDoubleScalarSin    0000000180018278     libmwmathutil:libmwmathutil.dll
 0002:00000280       \177libmwmathutil_NULL_THUNK_DATA 0000000180018280     libmwmathutil:libmwmathutil.dll
 0002:00000288       __imp_mxGetString_730      0000000180018288     libmx:libmx.dll
 0002:00000290       __imp_mxCreateDoubleMatrix_730 0000000180018290     libmx:libmx.dll
 0002:00000298       __imp_mxGetPr              0000000180018298     libmx:libmx.dll
 0002:000002a0       __imp_mxIsChar             00000001800182a0     libmx:libmx.dll
 0002:000002a8       __imp_mxDestroyArray       00000001800182a8     libmx:libmx.dll
 0002:000002b0       __imp_mxCreateStringFromNChars_700 00000001800182b0     libmx:libmx.dll
 0002:000002b8       __imp_mxGetElementSize     00000001800182b8     libmx:libmx.dll
 0002:000002c0       __imp_mxGetNumberOfDimensions_700 00000001800182c0     libmx:libmx.dll
 0002:000002c8       __imp_mxGetDimensions_700  00000001800182c8     libmx:libmx.dll
 0002:000002d0       __imp_mxCalcSingleSubscript_700 00000001800182d0     libmx:libmx.dll
 0002:000002d8       __imp_mxCreateNumericMatrix_700 00000001800182d8     libmx:libmx.dll
 0002:000002e0       __imp_mxArrayClassIDName   00000001800182e0     libmx:libmx.dll
 0002:000002e8       __imp_mxGetImagData        00000001800182e8     libmx:libmx.dll
 0002:000002f0       __imp_mxIsEmpty            00000001800182f0     libmx:libmx.dll
 0002:000002f8       __imp_mxIsNaN              00000001800182f8     libmx:libmx.dll
 0002:00000300       __imp_mxGetFieldNumber     0000000180018300     libmx:libmx.dll
 0002:00000308       __imp_mxCreateStructMatrix_700 0000000180018308     libmx:libmx.dll
 0002:00000310       __imp_mxGetNumberOfFields  0000000180018310     libmx:libmx.dll
 0002:00000318       __imp_mxGetFieldNameByNumber 0000000180018318     libmx:libmx.dll
 0002:00000320       __imp_mxGetFieldByNumber_700 0000000180018320     libmx:libmx.dll
 0002:00000328       __imp_mxIsCell             0000000180018328     libmx:libmx.dll
 0002:00000330       __imp_mxIsSparse           0000000180018330     libmx:libmx.dll
 0002:00000338       __imp_mxGetLogicals        0000000180018338     libmx:libmx.dll
 0002:00000340       __imp_mxIsClass            0000000180018340     libmx:libmx.dll
 0002:00000348       __imp_mxIsA                0000000180018348     libmx:libmx.dll
 0002:00000350       __imp_mxIsStruct           0000000180018350     libmx:libmx.dll
 0002:00000358       __imp_mxAddField           0000000180018358     libmx:libmx.dll
 0002:00000360       __imp_mxSetField_700       0000000180018360     libmx:libmx.dll
 0002:00000368       __imp_mxGetClassName       0000000180018368     libmx:libmx.dll
 0002:00000370       __imp_mxGetCell_700        0000000180018370     libmx:libmx.dll
 0002:00000378       __imp_mxSetCell_700        0000000180018378     libmx:libmx.dll
 0002:00000380       __imp_mxCreateCellMatrix_700 0000000180018380     libmx:libmx.dll
 0002:00000388       __imp_mxGetProperty_700    0000000180018388     libmx:libmx.dll
 0002:00000390       __imp_mxCreateDoubleMatrix_700 0000000180018390     libmx:libmx.dll
 0002:00000398       __imp_mxIsLogical          0000000180018398     libmx:libmx.dll
 0002:000003a0       __imp_mxCreateNumericArray_700 00000001800183a0     libmx:libmx.dll
 0002:000003a8       __imp_mxGetData            00000001800183a8     libmx:libmx.dll
 0002:000003b0       __imp_mxCreateStructArray_700 00000001800183b0     libmx:libmx.dll
 0002:000003b8       __imp_mxSetFieldByNumber_700 00000001800183b8     libmx:libmx.dll
 0002:000003c0       __imp_mxGetField_700       00000001800183c0     libmx:libmx.dll
 0002:000003c8       __imp_mxGetNumberOfElements 00000001800183c8     libmx:libmx.dll
 0002:000003d0       __imp_mxArrayToString      00000001800183d0     libmx:libmx.dll
 0002:000003d8       __imp_mxFree               00000001800183d8     libmx:libmx.dll
 0002:000003e0       __imp_mxGetString_700      00000001800183e0     libmx:libmx.dll
 0002:000003e8       __imp_mxCalloc             00000001800183e8     libmx:libmx.dll
 0002:000003f0       __imp_mxGetM               00000001800183f0     libmx:libmx.dll
 0002:000003f8       __imp_mxGetN               00000001800183f8     libmx:libmx.dll
 0002:00000400       __imp_mxIsComplex          0000000180018400     libmx:libmx.dll
 0002:00000408       __imp_mxIsNumeric          0000000180018408     libmx:libmx.dll
 0002:00000410       __imp_mxGetClassID         0000000180018410     libmx:libmx.dll
 0002:00000418       __imp_mxCreateCellMatrix_730 0000000180018418     libmx:libmx.dll
 0002:00000420       __imp_mxCreateStructMatrix_730 0000000180018420     libmx:libmx.dll
 0002:00000428       __imp_mxCreateString       0000000180018428     libmx:libmx.dll
 0002:00000430       __imp_mxSetField_730       0000000180018430     libmx:libmx.dll
 0002:00000438       __imp_mxCreateDoubleScalar 0000000180018438     libmx:libmx.dll
 0002:00000440       __imp_mxDuplicateArray     0000000180018440     libmx:libmx.dll
 0002:00000448       __imp_mxGetScalar          0000000180018448     libmx:libmx.dll
 0002:00000450       \177libmx_NULL_THUNK_DATA  0000000180018450     libmx:libmx.dll
 0002:00000458       __imp_utCPUtime            0000000180018458     libut:libut.dll
 0002:00000460       __imp_utFree               0000000180018460     libut:libut.dll
 0002:00000468       __imp_utMalloc             0000000180018468     libut:libut.dll
 0002:00000470       __imp_utVSNprintf          0000000180018470     libut:libut.dll
 0002:00000478       \177libut_NULL_THUNK_DATA  0000000180018478     libut:libut.dll
 0002:00000480       __xc_a                     0000000180018480     MSVCRT:cinitexe.obj
 0002:00000488       __xc_z                     0000000180018488     MSVCRT:cinitexe.obj
 0002:00000490       __xi_a                     0000000180018490     MSVCRT:cinitexe.obj
 0002:000004a0       __xi_z                     00000001800184a0     MSVCRT:cinitexe.obj
 0002:000004b0       __real@41a47c47da000000    00000001800184b0     sf_newtons_cradle_sfun.obj
 0002:000004b8       __real@41ed366758200000    00000001800184b8     sf_newtons_cradle_sfun.obj
 0002:000004c0       __real@41e10ac758600000    00000001800184c0     sf_newtons_cradle_sfun.obj
 0002:000004c8       __real@41e3d54df4200000    00000001800184c8     sf_newtons_cradle_sfun.obj
 0002:000004d0       __real@41d407a768000000    00000001800184d0     sf_newtons_cradle_sfun.obj
 0002:000004d8       __real@41e78be1faa00000    00000001800184d8     sf_newtons_cradle_sfun.obj
 0002:000004e0       __real@41e32cd025200000    00000001800184e0     sf_newtons_cradle_sfun.obj
 0002:000004e8       __real@41ea6a94bd200000    00000001800184e8     sf_newtons_cradle_sfun.obj
 0002:000004f0       __real@41e61ed6f9800000    00000001800184f0     sf_newtons_cradle_sfun.obj
 0002:000004f8       __real@41eec4b404200000    00000001800184f8     sf_newtons_cradle_sfun.obj
 0002:00000500       __real@41c500240a800000    0000000180018500     sf_newtons_cradle_sfun.obj
 0002:00000508       __real@41ee4a9836c00000    0000000180018508     sf_newtons_cradle_sfun.obj
 0002:00000510       __real@41e8ac8856000000    0000000180018510     sf_newtons_cradle_sfun.obj
 0002:00000518       __real@41e406bc0bc00000    0000000180018518     sf_newtons_cradle_sfun.obj
 0002:00000520       __real@41bdfe64ef000000    0000000180018520     sf_newtons_cradle_sfun.obj
 0002:00000528       __real@41c489cc80800000    0000000180018528     sf_newtons_cradle_sfun.obj
 0002:00000530       __real@41c6b3d7e2800000    0000000180018530     c1_sf_newtons_cradle.obj
 0002:00000538       __real@41e6deb24dc00000    0000000180018538     c1_sf_newtons_cradle.obj
 0002:00000540       __real@41dfda0a8e400000    0000000180018540     c1_sf_newtons_cradle.obj
 0002:00000548       __real@41ef71a704a00000    0000000180018548     c1_sf_newtons_cradle.obj
 0002:00000550       __real@4024000000000000    0000000180018550     c1_sf_newtons_cradle.obj
 0002:00000558       __real@3ff0000000000000    0000000180018558     c1_sf_newtons_cradle.obj
 0002:00000560       __real@401c000000000000    0000000180018560     c1_sf_newtons_cradle.obj
 0002:00000568       __real@3fe0c083126e978d    0000000180018568     c1_sf_newtons_cradle.obj
 0002:00000570       __real@3fd920c49ba5e354    0000000180018570     c1_sf_newtons_cradle.obj
 0002:00000578       __real@400920c49ba5e354    0000000180018578     c1_sf_newtons_cradle.obj
 0002:00000580       __real@40239eb851eb851f    0000000180018580     c1_sf_newtons_cradle.obj
 0002:00000588       __real@bff0000000000000    0000000180018588     c1_sf_newtons_cradle.obj
 0002:00000590       __real@c0239eb851eb851f    0000000180018590     c1_sf_newtons_cradle.obj
 0002:00000598       __real@41ec791132c00000    0000000180018598     c2_sf_newtons_cradle.obj
 0002:000005a0       __real@41ec61cd19e00000    00000001800185a0     c2_sf_newtons_cradle.obj
 0002:000005a8       __real@41e6cb635ea00000    00000001800185a8     c2_sf_newtons_cradle.obj
 0002:000005b0       __real@41e847a5ac600000    00000001800185b0     c2_sf_newtons_cradle.obj
 0002:000005c0       DYNAMIC_DIMENSION_DEF      00000001800185c0     sf_newtons_cradle_sfun_registry.obj
 0002:000005e0       _ssBadLevel2InputAccessMsg 00000001800185e0     sf_newtons_cradle_sfun_registry.obj
 0002:00000770       _ssBadLevel2DirectFeedMsg  0000000180018770     sf_newtons_cradle_sfun_registry.obj
 0002:000008b0       _ssBadLevel2DirectFeedSolutionMsg 00000001800188b0     sf_newtons_cradle_sfun_registry.obj
 0002:00000920       _ssBadLevel2ZeroDirectFeedMsg 0000000180018920     sf_newtons_cradle_sfun_registry.obj
 0002:00000a60       _ssBadLevel2ZeroDirectFeedMsg2 0000000180018a60     sf_newtons_cradle_sfun_registry.obj
 0002:00000b48       __real@0000000000000000    0000000180018b48     sf_newtons_cradle_sfun_registry.obj
 0002:00000b50       __real@41602cbca0000000    0000000180018b50     sf_newtons_cradle_sfun_registry.obj
 0002:00000b58       ??_C@_09GIFEIFFL@sfprivate?$AA@ 0000000180018b58     sfc_mex:sfc_sf.obj
 0002:00000b68       ??_C@_0CC@JDELABLI@get_machine_and_chart_file_numbe@ 0000000180018b68     sfc_mex:sfc_sf.obj
 0002:00000b90       ??_C@_0BO@JCKKMPIB@get_sfun_block_specialization?$AA@ 0000000180018b90     sfc_mex:sfc_sf.obj
 0002:00000bb0       ??_C@_0FP@OGBKADON@The?5chart?5name?5?4?4?4?$CFs?5is?5not?5pres@ 0000000180018bb0     sfc_mex:sfc_sf.obj
 0002:00000c10       ??_C@_0FM@KEMGDKHM@The?5chart?5name?5?$CFs?5is?5not?5present@ 0000000180018c10     sfc_mex:sfc_sf.obj
 0002:00000c70       ??_C@_0BD@NMFAPBEK@mdlInitializeSizes?$AA@ 0000000180018c70     sfc_mex:sfc_sf.obj
 0002:00000c84       ??_C@_06EJFCAODB@sfc_sf?$AA@ 0000000180018c84     sfc_mex:sfc_sf.obj
 0002:00000c90       ??_C@_0BJ@PBIFPMMD@mdlInitializeSampleTimes?$AA@ 0000000180018c90     sfc_mex:sfc_sf.obj
 0002:00000cb0       ??_C@_0FI@CPPGBPPK@Stateflow?5Internal?5Error?3?5?6Error@ 0000000180018cb0     sfc_mex:sfc_sf.obj
 0002:00000d08       ??_C@_02GFKODMMF@sf?$AA@   0000000180018d08     sfc_mex:sfc_sf.obj
 0002:00000d10       ??_C@_0CN@GACCLMJH@preload_infomatman_for_rtw_optim@ 0000000180018d10     sfc_mex:sfc_sf.obj
 0002:00000d40       ??_C@_07CFINJGKH@Private?$AA@ 0000000180018d40     sfc_mex:sfc_sf.obj
 0002:00000d50       ??_C@_0EK@MLFDFPLJ@Stateflow?5Internal?5Error?3?5?6Inter@ 0000000180018d50     sfc_mex:sfc_sf.obj
 0002:00000da0       ??_C@_0BA@OAHFHIKJ@updateBuildInfo?$AA@ 0000000180018da0     sfc_mex:sfc_sf.obj
 0002:00000db0       ??_C@_0BG@PNKGMGHF@rtw_optimization_info?$AA@ 0000000180018db0     sfc_mex:sfc_sf.obj
 0002:00000dd0       ??_C@_0GC@KEKNFKIJ@Stateflow?5Internal?5Error?3?5?6rtw_o@ 0000000180018dd0     sfc_mex:sfc_sf.obj
 0002:00000e38       ??_C@_0BA@PHPHFLPF@chart_inlinable?$AA@ 0000000180018e38     sfc_mex:sfc_sf.obj
 0002:00000e50       ??_C@_0MB@KGDKCEKF@Stateflow?5Internal?5Error?3?5?6Numbe@ 0000000180018e50     sfc_mex:sfc_sf.obj
 0002:00000f20       ??_C@_0GN@DNCJEGHD@Stateflow?5Internal?5Error?3?5?6Error@ 0000000180018f20     sfc_mex:sfc_sf.obj
 0002:00000f90       ??_C@_0CA@GOKFFBBO@outputEventsWithMultipleCallers?$AA@ 0000000180018f90     sfc_mex:sfc_sf.obj
 0002:00000fb0       ??_C@_0LH@NDHODBLK@Stateflow?5Internal?5Error?3?5?6Numbe@ 0000000180018fb0     sfc_mex:sfc_sf.obj
 0002:00001068       ??_C@_0BB@GEEDBOGK@reusable_outputs?$AA@ 0000000180019068     sfc_mex:sfc_sf.obj
 0002:00001080       ??_C@_0II@FEBCOBGA@Stateflow?5Internal?5Error?3?5?6Numbe@ 0000000180019080     sfc_mex:sfc_sf.obj
 0002:00001108       ??_C@_0BG@HMMHPAKE@expressionable_inputs?$AA@ 0000000180019108     sfc_mex:sfc_sf.obj
 0002:00001120       ??_C@_0BB@MBBOKNEL@listen_for_ctrlc?$AA@ 0000000180019120     sfc_mex:sfc_sf.obj
 0002:00001134       ??_C@_03LOANPFAI@mex?$AA@  0000000180019134     sfc_mex:sfc_sf.obj
 0002:00001138       ??_C@_07HLHKBCBI@sfdebug?$AA@ 0000000180019138     sfc_mex:sfc_sf.obj
 0002:00001140       ??_C@_07MFNNEMOJ@drawnow?$AA@ 0000000180019140     sfc_mex:sfc_sf.obj
 0002:00001148       __real@3fd3333333333333    0000000180019148     sfc_mex:sfc_sf.obj
 0002:00001150       ??_C@_0DG@OJBAPEMA@Internal?5Error?3?5paramsIndex?5?$DN?5?$CFd@ 0000000180019150     sfc_mex:sfc_sf.obj
 0002:00001190       ??_C@_0BAI@GPDPHGCD@Cannot?5broadcast?5function?5call?5o@ 0000000180019190     sfc_mex:sfc_sf.obj
 0002:000012a0       ??_C@_0BBC@NGKHEJAF@Cannot?5enable?1disable?5function?5c@ 00000001800192a0     sfc_mex:sfc_sf.obj
 0002:000013b8       ??_C@_08HDNBGBNP@bitWidth?$AA@ 00000001800193b8     sfc_mex:sfc_sf.obj
 0002:000013c8       ??_C@_0BG@MDDFDLDC@resolveToSignalObject?$AA@ 00000001800193c8     sfc_mex:sfc_sf.obj
 0002:000013e0       ??_C@_07KHBFOCMF@varName?$AA@ 00000001800193e0     sfc_mex:sfc_sf.obj
 0002:000013e8       ??_C@_09LHPHPAOE@isComplex?$AA@ 00000001800193e8     sfc_mex:sfc_sf.obj
 0002:000013f8       ??_C@_0CM@OAMAJMIG@Failed?5to?5register?5type?5?8?$CFs?8?5wit@ 00000001800193f8     sfc_mex:sfc_sf.obj
 0002:00001428       ??_C@_08MLIGMCAH@typeSize?$AA@ 0000000180019428     sfc_mex:sfc_sf.obj
 0002:00001434       ??_C@_05OOLPEHEB@void?$CK?$AA@ 0000000180019434     sfc_mex:sfc_sf.obj
 0002:00001440       ??_C@_0BI@OFLHAMB@vector_of_void_pointers?$AA@ 0000000180019440     sfc_mex:sfc_sf.obj
 0002:00001458       ??_C@_04NBAGBPGE@bias?$AA@ 0000000180019458     sfc_mex:sfc_sf.obj
 0002:00001460       ??_C@_08EGJNFMPO@exponent?$AA@ 0000000180019460     sfc_mex:sfc_sf.obj
 0002:0000146c       ??_C@_05LAHHKLJI@slope?$AA@ 000000018001946c     sfc_mex:sfc_sf.obj
 0002:00001478       ??_C@_0L@EMMELFNN@wordLength?$AA@ 0000000180019478     sfc_mex:sfc_sf.obj
 0002:00001488       ??_C@_08EJEJGLGA@isSigned?$AA@ 0000000180019488     sfc_mex:sfc_sf.obj
 0002:00001498       ??_C@_0P@MJIKALJF@isScaledDouble?$AA@ 0000000180019498     sfc_mex:sfc_sf.obj
 0002:000014a8       ??_C@_05LFJLPLPG@fixpt?$AA@ 00000001800194a8     sfc_mex:sfc_sf.obj
 0002:000014b0       ??_C@_07GOBOHMJA@boolean?$AA@ 00000001800194b0     sfc_mex:sfc_sf.obj
 0002:000014b8       ??_C@_06PKDKHAMA@uint32?$AA@ 00000001800194b8     sfc_mex:sfc_sf.obj
 0002:000014c0       ??_C@_05GIMEPBJB@int32?$AA@ 00000001800194c0     sfc_mex:sfc_sf.obj
 0002:000014c8       ??_C@_06JNNCGBKK@uint16?$AA@ 00000001800194c8     sfc_mex:sfc_sf.obj
 0002:000014d0       ??_C@_05PCMOAPL@int16?$AA@ 00000001800194d0     sfc_mex:sfc_sf.obj
 0002:000014d8       ??_C@_05BOGOCLFF@uint8?$AA@ 00000001800194d8     sfc_mex:sfc_sf.obj
 0002:000014e0       ??_C@_04DCGBOBJJ@int8?$AA@ 00000001800194e0     sfc_mex:sfc_sf.obj
 0002:000014e8       ??_C@_06EJFMBPJF@single?$AA@ 00000001800194e8     sfc_mex:sfc_sf.obj
 0002:000014f0       ??_C@_06BNJCAIGJ@double?$AA@ 00000001800194f0     sfc_mex:sfc_sf.obj
 0002:000014f8       ??_C@_04GPMDFGEJ@type?$AA@ 00000001800194f8     sfc_mex:sfc_sf.obj
 0002:00001500       ??_C@_0O@EIPJLOAA@extModeUpload?$AA@ 0000000180019500     sfc_mex:sfc_sf.obj
 0002:00001510       ??_C@_04IAGNFIBA@size?$AA@ 0000000180019510     sfc_mex:sfc_sf.obj
 0002:00001518       __real@43e0000000000000    0000000180019518     sfc_mex:sfc_sf.obj
 0002:00001520       ??_C@_00CNPNBAHC@?$AA@     0000000180019520     sfc_mex:sfc_sf.obj
 0002:00001524       ??_C@_03PLHFFLIH@ptr?$AA@  0000000180019524     sfc_mex:sfc_sf.obj
 0002:00001528       ??_C@_0BC@HMCIKMPA@requiredStackSize?$AA@ 0000000180019528     sfc_mex:sfc_sf.obj
 0002:00001540       ??_C@_0CB@OCGIMAKA@RegisterMachineParentedDataDwork@ 0000000180019540     sfc_mex:sfc_sf.obj
 0002:00001568       ??_C@_0BD@LFPAKDFC@machineDataVarInfo?$AA@ 0000000180019568     sfc_mex:sfc_sf.obj
 0002:00001580       ??_C@_09GAJBGLOB@dworkInfo?$AA@ 0000000180019580     sfc_mex:sfc_sf.obj
 0002:0000158c       ??_C@_05DGLCPCBN@?$CFsx?$CFd?$AA@ 000000018001958c     sfc_mex:sfc_mex.obj
 0002:00001594       ??_C@_02DPKJAMEF@?$CFd?$AA@ 0000000180019594     sfc_mex:sfc_mex.obj
 0002:00001598       ??_C@_0CC@DJOAOECF@Unknown?5MATLAB?5error?5encountered@ 0000000180019598     sfc_mex:sfc_mex.obj
 0002:000015c0       ??_C@_0CJ@DAIIKGLI@?$CFs?5in?5?$CFs?5should?5never?5be?5called?5@ 00000001800195c0     sfc_mex:sfc_mex.obj
 0002:000015f0       ??_C@_0CE@ICKLNELB@Error?5calling?5MATLAB?5function?5?8?$CF@ 00000001800195f0     sfc_mex:sfc_mex.obj
 0002:00001614       ??_C@_02DKCKIIND@?$CFs?$AA@ 0000000180019614     sfc_mex:sfc_mex.obj
 0002:00001618       ??_C@_07ONPBMBOP@message?$AA@ 0000000180019618     sfc_mex:sfc_mex.obj
 0002:00001620       ??_C@_09HKCBALOK@embedded?4?$AA@ 0000000180019620     sfc_mex:sfc_mex.obj
 0002:0000162c       ??_C@_06KKKLBFKN@uint64?$AA@ 000000018001962c     sfc_mex:sfc_mex.obj
 0002:00001634       ??_C@_05DIFFJEPM@int64?$AA@ 0000000180019634     sfc_mex:sfc_mex.obj
 0002:0000163c       ??_C@_04KBDJOJNB@?$FL?$CFd?$FN?$AA@ 000000018001963c     sfc_mex:sfc_mex.obj
 0002:00001648       ??_C@_0CD@NFPEPNBJ@Cannot?5add?5field?5?$CFs?5to?5struct?5?$CFs@ 0000000180019648     sfc_mex:sfc_mex.obj
 0002:00001670       ??_C@_0CF@PLDCCEBG@Cannot?5get?5field?5?$CFs?5from?5struct?5@ 0000000180019670     sfc_mex:sfc_mex.obj
 0002:00001698       ??_C@_0CO@MFJLJCHI@Struct?5array?5?8?$CFs?8?5does?5not?5have?5@ 0000000180019698     sfc_mex:sfc_mex.obj
 0002:000016c8       ??_C@_0DF@IPGEGIDM@Object?5?8?$CFs?8?5is?5not?5a?5struct?3?5can@ 00000001800196c8     sfc_mex:sfc_mex.obj
 0002:00001700       ??_C@_0BL@KEKJNNL@MATLAB?5expression?5?8?$CFs?8?5?$CFs?4?$AA@ 0000000180019700     sfc_mex:sfc_mex.obj
 0002:00001720       ??_C@_0GH@JOEOEBFA@Size?5mismatch?5for?5?8?$CFs?8?5on?5dimens@ 0000000180019720     sfc_mex:sfc_mex.obj
 0002:00001788       ??_C@_0DN@DNLDLJNN@is?5not?5of?5the?5correct?5class?3?5exp@ 0000000180019788     sfc_mex:sfc_mex.obj
 0002:000017c8       ??_C@_06POLMGHPK@isreal?$AA@ 00000001800197c8     sfc_mex:sfc_mex.obj
 0002:000017d0       ??_C@_0CC@EDDDCJDC@is?5not?5of?5the?5correct?5complexnes@ 00000001800197d0     sfc_mex:sfc_mex.obj
 0002:000017f8       ??_C@_0CB@POBCEEOP@is?5not?5of?5the?5correct?5sparseness@ 00000001800197f8     sfc_mex:sfc_mex.obj
 0002:00001820       ??_C@_0CC@JOFDGEBC@is?5not?5of?5the?5correct?5numerictyp@ 0000000180019820     sfc_mex:sfc_mex.obj
 0002:00001848       ??_C@_07MIMONDDE@isequal?$AA@ 0000000180019848     sfc_mex:sfc_mex.obj
 0002:00001850       ??_C@_0M@NAPEIPJI@numerictype?$AA@ 0000000180019850     sfc_mex:sfc_mex.obj
 0002:00001860       ??_C@_0BN@IMIABIKK@is?5not?5of?5the?5correct?5fimath?$AA@ 0000000180019860     sfc_mex:sfc_mex.obj
 0002:00001880       ??_C@_06LJOKAFHF@fimath?$AA@ 0000000180019880     sfc_mex:sfc_mex.obj
 0002:00001890       ??_C@_0EN@JEJCELH@Stateflow?5Internal?5Error?3?5?6Error@ 0000000180019890     sfc_mex:sfc_mex.obj
 0002:000018e0       ??_C@_08MJJBNONC@mxDecode?$AA@ 00000001800198e0     sfc_mex:sfc_mex.obj
 0002:000018f0       ??_C@_0EP@IAFBLFNF@Stateflow?5Internal?5Error?3?5?6Error@ 00000001800198f0     sfc_mex:sfc_mex.obj
 0002:00001940       ??_C@_0GH@OOBFJADG@Simulation?5stopped?5due?5to?5out?5of@ 0000000180019940     sfc_mex:sfc_mex.obj
 0002:000019b0       ??_C@_0HC@JODLBNFO@Simulation?5stopped?5due?5to?5size?5m@ 00000001800199b0     sfc_mex:sfc_mex.obj
 0002:00001a30       ??_C@_0HC@PPOAOPGB@Simulation?5stopped?5due?5to?5size?5m@ 0000000180019a30     sfc_mex:sfc_mex.obj
 0002:00001ab0       ??_C@_0JM@OFMOAAGL@Simulation?5stopped?5due?5to?5size?5m@ 0000000180019ab0     sfc_mex:sfc_mex.obj
 0002:00001b50       ??_C@_0KC@ODCGHMPH@Simulation?5stopped?5due?5to?5size?5o@ 0000000180019b50     sfc_mex:sfc_mex.obj
 0002:00001c00       ??_C@_0GO@BKNPNGBP@Subscripted?5assignment?5dimension@ 0000000180019c00     sfc_mex:sfc_mex.obj
 0002:00001c70       ??_C@_0DJ@MEDANBMA@Enable?5debugging?5to?5pinpoint?5the@ 0000000180019c70     sfc_mex:sfc_mex.obj
 0002:00001cac       ??_C@_01CLKCMJKC@?5?$AA@   0000000180019cac     sfc_mex:sfc_mex.obj
 0002:00001cb0       ??_C@_0BAO@DDKKHLGF@Matrix?$CImatrix?$CJ?5subscript?5turned?5@ 0000000180019cb0     sfc_mex:sfc_mex.obj
 0002:00001dc0       ??_C@_0BAO@MGKOAKHL@Vector?$CIvector?$CJ?5subscript?5turned?5@ 0000000180019dc0     sfc_mex:sfc_mex.obj
 0002:00001ed0       ??_C@_0FA@KAHDAHHI@Cannot?5determine?5the?5exact?5numbe@ 0000000180019ed0     sfc_mex:sfc_mex.obj
 0002:00001f20       ??_C@_0FC@HJKNPCCF@Negative?5value?5detected?4?5Enable?5@ 0000000180019f20     sfc_mex:sfc_mex.obj
 0002:00001f78       ??_C@_0DK@JJKHINMK@Overflow?5detected?4?5Enable?5debugg@ 0000000180019f78     sfc_mex:sfc_mex.obj
 0002:00001fc0       ??_C@_0EA@POIJMBCP@Divide?5by?5zero?5detected?4?5Enable?5@ 0000000180019fc0     sfc_mex:sfc_mex.obj
 0002:00002000       ??_C@_0EK@CFEMECLL@Nonconforming?5enum?5value?5detecte@ 000000018001a000     sfc_mex:sfc_mex.obj
 0002:00002050       ??_C@_0EE@BPGAOMO@Size?5mismatch?5for?5MATLAB?5express@ 000000018001a050     sfc_mex:sfc_mex.obj
 0002:000020a0       ??_C@_0EJ@KLNPHOFG@Dimension?5of?5fixed?5size?5one?5?$CI1?$CJ?5@ 000000018001a0a0     sfc_mex:sfc_mex.obj
 0002:000020f0       ??_C@_07JFPGMOK@fprintf?$AA@ 000000018001a0f0     sfc_mex:sfc_mex.obj
 0002:00002100       ??_C@_0FE@EHCFPDEG@In?5MATLAB?5expression?5?8?$CFs?8?0?5field@ 000000018001a100     sfc_mex:sfc_mex.obj
 0002:00002158       ??_C@_0DE@IJIFCHLH@In?5MATLAB?5expression?5?8?$CFs?8?0?5field@ 000000018001a158     sfc_mex:sfc_mex.obj
 0002:00002190       ??_C@_0FK@JKPMKGDE@MATLAB?5expression?5?8?$CFs?8?5does?5not?5@ 000000018001a190     sfc_mex:sfc_mex.obj
 0002:000021ec       ??_C@_06PBJBIPGK@struct?$AA@ 000000018001a1ec     sfc_mex:sfc_mex.obj
 0002:000021f8       ??_C@_0O@NFNPPCGN@isfimathlocal?$AA@ 000000018001a1f8     sfc_mex:sfc_mex.obj
 0002:00002208       ??_C@_0M@MLCGNPLD@embedded?4fi?$AA@ 000000018001a208     sfc_mex:sfc_mex.obj
 0002:00002218       ??_C@_0M@EGMNDJHO@?$CFs?5?$DN?5?$CF?415g?6?$AA@ 000000018001a218     sfc_mex:sfc_mex.obj
 0002:00002224       ??_C@_03OFAPEBGM@?$CFs?6?$AA@ 000000018001a224     sfc_mex:sfc_mex.obj
 0002:00002228       ??_C@_0CL@LLBJDFID@failed?5sf_assertion?5in?5?$CFs?5at?5lin@ 000000018001a228     sfc_mex:sfc_mex.obj
 0002:00002260       ??_C@_0EJ@MIHEOKKA@?8?$CFs?8?3?5Array?5with?5number?5of?5dimen@ 000000018001a260     sfc_mex:sfc_mex.obj
 0002:000022b0       ??_C@_0CI@KFHDHNKF@b?3?2matlab?2stateflow?2c?2mex?2src?2sf@ 000000018001a2b0     sfc_mex:sfc_mex.obj
 0002:000022d8       ??_C@_0O@FCFMOEOA@aNumDims?5?$DO?$DN?50?$AA@ 000000018001a2d8     sfc_mex:sfc_mex.obj
 0002:000022e8       ??_C@_0CK@KDIMGCCA@?8?$CFs?8?3?5Sparse?5matrices?5are?5not?5su@ 000000018001a2e8     sfc_mex:sfc_mex.obj
 0002:00002318       ??_C@_0CI@KBLJAMNB@MATLAB?5expression?5?8?$CFs?8?5is?5not?5nu@ 000000018001a318     sfc_mex:sfc_mex.obj
 0002:00002340       ??_C@_0P@LCMMCGDM@aSrcMx?5?$CB?$DN?5NULL?$AA@ 000000018001a340     sfc_mex:sfc_mex.obj
 0002:00002350       ??_C@_0EI@HJNNACGI@Eval?5of?5MATLAB?5expression?5?8?$CFs?8?5i@ 000000018001a350     sfc_mex:sfc_mex.obj
 0002:00002398       ??_C@_0DM@BJICAGGK@Stateflow?5currently?5only?5support@ 000000018001a398     sfc_mex:sfc_mex.obj
 0002:000023d4       ??_C@_05LAPONLG@false?$AA@ 000000018001a3d4     sfc_mex:sfc_mex.obj
 0002:000023dc       ??_C@_03LHCJEHON@nan?$AA@  000000018001a3dc     sfc_mex:sfc_mex.obj
 0002:000023e0       ??_C@_04BHIIPFEC@base?$AA@ 000000018001a3e0     sfc_mex:sfc_mex.obj
 0002:000023e8       ??_C@_06PLMANNP@evalin?$AA@ 000000018001a3e8     sfc_mex:sfc_mex.obj
 0002:000023f0       ??_C@_06GFECGKEO@caller?$AA@ 000000018001a3f0     sfc_mex:sfc_mex.obj
 0002:000023f8       ??_C@_0CM@LOMLNLMC@Invalid?5workspace?5type?5for?5sf_ma@ 000000018001a3f8     sfc_mex:sfc_mex.obj
 0002:00002424       ??_C@_01GBGANLPD@0?$AA@    000000018001a424     sfc_mex:sfc_mex.obj
 0002:00002428       ??_C@_06FJKEMHGD@global?$AA@ 000000018001a428     sfc_mex:sfc_mex.obj
 0002:00002430       ??_C@_08KHPDDPHG@getfield?$AA@ 000000018001a430     sfc_mex:sfc_mex.obj
 0002:0000243c       ??_C@_05LPIJGKJ@Value?$AA@ 000000018001a43c     sfc_mex:sfc_mex.obj
 0002:00002448       ??_C@_0BH@HNIMIIFD@Unknown?5workspace?5type?$AA@ 000000018001a448     sfc_mex:sfc_mex.obj
 0002:00002460       ??_C@_0DA@IPMLFPJI@MATLAB?5expression?5?8?$CFs?8?5could?5not@ 000000018001a460     sfc_mex:sfc_mex.obj
 0002:00002490       __real@43f0000000000000    000000018001a490     sfc_mex:sfc_mex.obj
 0002:000024a0       ??_C@_0EB@HHPLBHBA@Parameter?5value?5out?5of?5bounds?4?5?$CF@ 000000018001a4a0     sfc_mex:sfc_mex.obj
 0002:000024f0       __mask@@NegDouble@         000000018001a4f0     sfc_mex:sfc_mex.obj
 0002:00002500       ??_C@_0CB@DBMOOMDL@Unsupported?5class?5type?5?$CFs?5for?5?$CFs@ 000000018001a500     sfc_mex:sfc_mex.obj
 0002:00002528       ??_C@_0BI@OPNKAIOC@mxIsComplex?$CImxArrayPtr?$CJ?$AA@ 000000018001a528     sfc_mex:sfc_mex.obj
 0002:00002540       ??_C@_0GA@OFLPCMBM@Stateflow?5Runtime?5Warning?3?5Loss?5@ 000000018001a540     sfc_mex:sfc_mex.obj
 0002:000025a0       __real@3810000000000000    000000018001a5a0     sfc_mex:sfc_mex.obj
 0002:000025a8       __real@47efffffe0000000    000000018001a5a8     sfc_mex:sfc_mex.obj
 0002:000025b0       __real@c060000000000000    000000018001a5b0     sfc_mex:sfc_mex.obj
 0002:000025b8       __real@405fc00000000000    000000018001a5b8     sfc_mex:sfc_mex.obj
 0002:000025c0       __real@406fe00000000000    000000018001a5c0     sfc_mex:sfc_mex.obj
 0002:000025c8       __real@c0e0000000000000    000000018001a5c8     sfc_mex:sfc_mex.obj
 0002:000025d0       __real@40dfffc000000000    000000018001a5d0     sfc_mex:sfc_mex.obj
 0002:000025d8       __real@40efffe000000000    000000018001a5d8     sfc_mex:sfc_mex.obj
 0002:000025e0       __real@c1e0000000000000    000000018001a5e0     sfc_mex:sfc_mex.obj
 0002:000025e8       __real@41dfffffffc00000    000000018001a5e8     sfc_mex:sfc_mex.obj
 0002:000025f0       __real@41efffffffe00000    000000018001a5f0     sfc_mex:sfc_mex.obj
 0002:000025f8       __real@c3e0000000000000    000000018001a5f8     sfc_mex:sfc_mex.obj
 0002:00002600       ??_C@_0DO@JIJMNCAH@Class?5mismatch?5for?5variable?5?8?$CFs?8@ 000000018001a600     sfc_mex:sfc_mex.obj
 0002:00002640       ??_C@_03BBKEAIF@?$DP?$DP?$DP?$AA@ 000000018001a640     sfc_mex:sfc_mex.obj
 0002:00002648       ??_C@_0DE@HICLJLJO@Assignment?5of?5complex?5data?5to?5no@ 000000018001a648     sfc_mex:sfc_mex.obj
 0002:00002680       ??_C@_0CF@NHFFCIEB@MATLAB?5function?5?8?$CFs?8?5returned?5NU@ 000000018001a680     sfc_mex:sfc_mex.obj
 0002:000026a8       __real@5f800000            000000018001a6a8     sfc_mex:sfc_mex.obj
 0002:000026b0       ??_C@_0GP@JPKMBIEI@Array?5bounds?5error?5in?5MATLAB?5exp@ 000000018001a6b0     sfc_mex:sfc_mex.obj
 0002:00002720       ??_C@_0P@FLJFOPHI@pIndex?$FLi?$FN?5?$DO?$DN?50?$AA@ 000000018001a720     sfc_mex:sfc_mex.obj
 0002:00002730       ??_C@_0DI@IGEABFHB@MATLAB?5expression?5?8?$CFs?8?5has?5?$CFd?5di@ 000000018001a730     sfc_mex:sfc_mex.obj
 0002:00002768       ??_C@_0L@EFLJKPA@mxArrayPtr?$AA@ 000000018001a768     sfc_mex:sfc_mex.obj
 0002:00002778       ??_C@_0CK@FHKKOEPH@numDims?5?$DO?$DN?50?5?$CG?$CG?5numDims?5?$DM?$DN?5MAX_D@ 000000018001a778     sfc_mex:sfc_mex.obj
 0002:000027b0       ??_C@_0EM@MPIDLJBF@MATLAB?5expression?5?8?$CFs?8?5subscript@ 000000018001a7b0     sfc_mex:sfc_mex.obj
 0002:000027fc       ??_C@_04IGKKBJEE@?$DN?$CFg?$DL?$AA@ 000000018001a7fc     sfc_mex:sfc_mex.obj
 0002:00002804       ??_C@_01PKGAHCOL@?$CJ?$AA@ 000000018001a804     sfc_mex:sfc_mex.obj
 0002:00002808       ??_C@_03LEIBKMN@?0?$CFd?$AA@ 000000018001a808     sfc_mex:sfc_mex.obj
 0002:0000280c       ??_C@_03IECKINJK@?$CI?$CFd?$AA@ 000000018001a80c     sfc_mex:sfc_mex.obj
 0002:00002810       ??_C@_0FB@HKJNNBFK@Stateflow?5ml?5type?5data?5?8?$CFs?8?5subs@ 000000018001a810     sfc_mex:sfc_mex.obj
 0002:00002868       ??_C@_0CN@HPHHCDPK@Stateflow?5ml?5type?5data?5?8?$CFs?8?5is?5n@ 000000018001a868     sfc_mex:sfc_mex.obj
 0002:00002898       ??_C@_0CG@JIOBALFE@Stateflow?5ml?5type?5data?5?8?$CFs?8?5is?5e@ 000000018001a898     sfc_mex:sfc_mex.obj
 0002:000028c0       ??_C@_0BD@GAHDCPBG@mxArrayPtr?5?$CB?$DN?5NULL?$AA@ 000000018001a8c0     sfc_mex:sfc_mex.obj
 0002:000028d8       ??_C@_0CF@HCINMAFF@result?5?$DN?5mxCreateDoubleScalar?$CIva@ 000000018001a8d8     sfc_mex:sfc_mex.obj
 0002:00002900       ??_C@_0BK@PHCKFGOO@numDims?5?$DM?$DN?5MAX_DIMENSIONS?$AA@ 000000018001a900     sfc_mex:sfc_mex.obj
 0002:00002920       ??_C@_0BF@GAJKLFOH@fixpt_lower_mx_array?$AA@ 000000018001a920     sfc_mex:sfc_mex.obj
 0002:00002938       ??_C@_02FINOOIBE@Cg?$AA@   000000018001a938     sfc_mex:sfc_mex.obj
 0002:00002940       _pRawDllMain               000000018001a940     MSVCRT:crtdll.obj
 0002:00002940       _pDefaultRawDllMain        000000018001a940     MSVCRT:crtdll.obj
 0002:00002958       ?ProcessDetach@NativeDll@<CrtImplementationDetails>@@0IB 000000018001a958     MSVCRT:tncleanup.obj
 0002:0000295c       ?ProcessAttach@NativeDll@<CrtImplementationDetails>@@0IB 000000018001a95c     MSVCRT:tncleanup.obj
 0002:00002960       ?ThreadAttach@NativeDll@<CrtImplementationDetails>@@0IB 000000018001a960     MSVCRT:tncleanup.obj
 0002:00002964       ?ThreadDetach@NativeDll@<CrtImplementationDetails>@@0IB 000000018001a964     MSVCRT:tncleanup.obj
 0002:00002968       ?ProcessVerifier@NativeDll@<CrtImplementationDetails>@@0IB 000000018001a968     MSVCRT:tncleanup.obj
 0002:00002970       __rtc_iaa                  000000018001a970     MSVCRT:_initsect_.obj
 0002:00002978       __rtc_izz                  000000018001a978     MSVCRT:_initsect_.obj
 0002:00002980       __rtc_taa                  000000018001a980     MSVCRT:_initsect_.obj
 0002:00002988       __rtc_tzz                  000000018001a988     MSVCRT:_initsect_.obj
 0002:000040f4       __IMPORT_DESCRIPTOR_libmx  000000018001c0f4     libmx:libmx.dll
 0002:00004108       __IMPORT_DESCRIPTOR_libmex 000000018001c108     libmex:libmex.dll
 0002:0000411c       __IMPORT_DESCRIPTOR_libfixedpoint 000000018001c11c     libfixedpoint:libfixedpoint.dll
 0002:00004130       __IMPORT_DESCRIPTOR_libut  000000018001c130     libut:libut.dll
 0002:00004144       __IMPORT_DESCRIPTOR_libmwmathutil 000000018001c144     libmwmathutil:libmwmathutil.dll
 0002:00004158       __IMPORT_DESCRIPTOR_libemlrt 000000018001c158     libemlrt:libemlrt.dll
 0002:0000416c       __IMPORT_DESCRIPTOR_MSVCR100 000000018001c16c     MSVCRT:MSVCR100.dll
 0002:00004180       __IMPORT_DESCRIPTOR_KERNEL32 000000018001c180     kernel32:KERNEL32.dll
 0002:00004194       __NULL_IMPORT_DESCRIPTOR   000000018001c194     libmx:libmx.dll
 0003:00000e18       DYNAMIC_DIMENSION          000000018001ee18     sf_newtons_cradle_sfun_registry.obj
 0003:00001a30       emlrtContextGlobal         000000018001fa30     sfc_mex:sfc_mex.obj
 0003:00001a70       __security_cookie          000000018001fa70     MSVCRT:gs_cookie.obj
 0003:00001a78       __security_cookie_complement 000000018001fa78     MSVCRT:gs_cookie.obj
 0003:00001a80       _fltused                   000000018001fa80     MSVCRT:dllsupp.obj
 0003:00001a90       __native_dllmain_reason    000000018001fa90     MSVCRT:natstart.obj
 0003:00001a94       __native_vcclrit_reason    000000018001fa94     MSVCRT:natstart.obj
 0003:00002cc0       emlrtRootTLSGlobal         0000000180020cc0     sfc_mex:sfc_mex.obj
 0003:00003240       ?__type_info_root_node@@3U__type_info_node@@A 0000000180021240     MSVCRT:tncleanup.obj
 0003:00003250       _sfTime_                   0000000180021250     <common>
 0003:00003258       __native_startup_state     0000000180021258     <common>
 0003:00003260       __native_startup_lock      0000000180021260     <common>
 0003:00003268       __onexitend                0000000180021268     <common>
 0003:00003270       __onexitbegin              0000000180021270     <common>
 0003:00003278       __dyn_tls_init_callback    0000000180021278     <common>

 entry point at        0001:00015f90

 Static symbols

 0001:000011a0       get_sim_state_c1_sf_newtons_cradle 00000001800021a0 f   c1_sf_newtons_cradle.obj
 0001:000011f0       c1_emlrt_marshallOut       00000001800021f0 f   c1_sf_newtons_cradle.obj
 0001:000014b0       c1_b_emlrt_marshallOut     00000001800024b0 f   c1_sf_newtons_cradle.obj
 0001:00001530       c1_c_emlrt_marshallOut     0000000180002530 f   c1_sf_newtons_cradle.obj
 0001:000015b0       sf_get_sim_state_info_c1_sf_newtons_cradle 00000001800025b0 f   c1_sf_newtons_cradle.obj
 0001:00001790       set_sim_state_c1_sf_newtons_cradle 0000000180002790 f   c1_sf_newtons_cradle.obj
 0001:000017e0       c1_emlrt_marshallIn        00000001800027e0 f   c1_sf_newtons_cradle.obj
 0001:000019d0       c1_b_emlrt_marshallIn      00000001800029d0 f   c1_sf_newtons_cradle.obj
 0001:00001a40       c1_c_emlrt_marshallIn      0000000180002a40 f   c1_sf_newtons_cradle.obj
 0001:00001b40       c1_d_emlrt_marshallIn      0000000180002b40 f   c1_sf_newtons_cradle.obj
 0001:00001ba0       c1_e_emlrt_marshallIn      0000000180002ba0 f   c1_sf_newtons_cradle.obj
 0001:00001c30       c1_f_emlrt_marshallIn      0000000180002c30 f   c1_sf_newtons_cradle.obj
 0001:00001cb0       c1_g_emlrt_marshallIn      0000000180002cb0 f   c1_sf_newtons_cradle.obj
 0001:00001d80       mdlProcessParameters_c1_sf_newtons_cradle 0000000180002d80 f   c1_sf_newtons_cradle.obj
 0001:00001e40       initialize_params_c1_sf_newtons_cradle 0000000180002e40 f   c1_sf_newtons_cradle.obj
 0001:00001e50       mdlSetWorkWidths_c1_sf_newtons_cradle 0000000180002e50 f   c1_sf_newtons_cradle.obj
 0001:000022b0       sf_get_instance_specialization 00000001800032b0 f   c1_sf_newtons_cradle.obj
 0001:000022c0       mdlStart_c1_sf_newtons_cradle 00000001800032c0 f   c1_sf_newtons_cradle.obj
 0001:000024c0       init_dsm_address_info      00000001800034c0 f   c1_sf_newtons_cradle.obj
 0001:000024d0       sf_opaque_initialize_c1_sf_newtons_cradle 00000001800034d0 f   c1_sf_newtons_cradle.obj
 0001:00002500       initialize_c1_sf_newtons_cradle 0000000180003500 f   c1_sf_newtons_cradle.obj
 0001:000027a0       sf_opaque_enable_c1_sf_newtons_cradle 00000001800037a0 f   c1_sf_newtons_cradle.obj
 0001:000027c0       enable_c1_sf_newtons_cradle 00000001800037c0 f   c1_sf_newtons_cradle.obj
 0001:000027f0       sf_opaque_disable_c1_sf_newtons_cradle 00000001800037f0 f   c1_sf_newtons_cradle.obj
 0001:00002810       disable_c1_sf_newtons_cradle 0000000180003810 f   c1_sf_newtons_cradle.obj
 0001:00002840       sf_opaque_zeroCrossings_c1_sf_newtons_cradle 0000000180003840 f   c1_sf_newtons_cradle.obj
 0001:00002860       zeroCrossings_c1_sf_newtons_cradle 0000000180003860 f   c1_sf_newtons_cradle.obj
 0001:000029b0       sf_opaque_outputs_c1_sf_newtons_cradle 00000001800039b0 f   c1_sf_newtons_cradle.obj
 0001:000029d0       outputs_c1_sf_newtons_cradle 00000001800039d0 f   c1_sf_newtons_cradle.obj
 0001:00002ac0       sf_opaque_derivatives_c1_sf_newtons_cradle 0000000180003ac0 f   c1_sf_newtons_cradle.obj
 0001:00002ae0       derivatives_c1_sf_newtons_cradle 0000000180003ae0 f   c1_sf_newtons_cradle.obj
 0001:00002c40       sf_opaque_gateway_c1_sf_newtons_cradle 0000000180003c40 f   c1_sf_newtons_cradle.obj
 0001:00002c60       sf_c1_sf_newtons_cradle    0000000180003c60 f   c1_sf_newtons_cradle.obj
 0001:00002ff0       c1_set_sim_state_side_effects_c1_sf_newtons_cradle 0000000180003ff0 f   c1_sf_newtons_cradle.obj
 0001:00003020       sf_opaque_get_sim_state_c1_sf_newtons_cradle 0000000180004020 f   c1_sf_newtons_cradle.obj
 0001:00003040       sf_opaque_set_sim_state_c1_sf_newtons_cradle 0000000180004040 f   c1_sf_newtons_cradle.obj
 0001:00003070       sf_opaque_terminate_c1_sf_newtons_cradle 0000000180004070 f   c1_sf_newtons_cradle.obj
 0001:000030f0       finalize_c1_sf_newtons_cradle 00000001800040f0 f   c1_sf_newtons_cradle.obj
 0001:00003120       sf_opaque_init_subchart_simstructs 0000000180004120 f   c1_sf_newtons_cradle.obj
 0001:00003140       initSimStructsc1_sf_newtons_cradle 0000000180004140 f   c1_sf_newtons_cradle.obj
 0001:00003150       mdlRTW_c1_sf_newtons_cradle 0000000180004150 f   c1_sf_newtons_cradle.obj
 0001:00003680       get_sim_state_c2_sf_newtons_cradle 0000000180004680 f   c2_sf_newtons_cradle.obj
 0001:000037e0       sf_get_sim_state_info_c2_sf_newtons_cradle 00000001800047e0 f   c2_sf_newtons_cradle.obj
 0001:000039c0       set_sim_state_c2_sf_newtons_cradle 00000001800049c0 f   c2_sf_newtons_cradle.obj
 0001:00003ac0       c2_emlrt_marshallIn        0000000180004ac0 f   c2_sf_newtons_cradle.obj
 0001:00003b20       c2_b_emlrt_marshallIn      0000000180004b20 f   c2_sf_newtons_cradle.obj
 0001:00003bb0       c2_c_emlrt_marshallIn      0000000180004bb0 f   c2_sf_newtons_cradle.obj
 0001:00003c30       c2_d_emlrt_marshallIn      0000000180004c30 f   c2_sf_newtons_cradle.obj
 0001:00003d00       mdlProcessParameters_c2_sf_newtons_cradle 0000000180004d00 f   c2_sf_newtons_cradle.obj
 0001:00003dc0       initialize_params_c2_sf_newtons_cradle 0000000180004dc0 f   c2_sf_newtons_cradle.obj
 0001:00003dd0       mdlSetWorkWidths_c2_sf_newtons_cradle 0000000180004dd0 f   c2_sf_newtons_cradle.obj
 0001:000042a0       sf_get_instance_specialization 00000001800052a0 f   c2_sf_newtons_cradle.obj
 0001:000042b0       mdlStart_c2_sf_newtons_cradle 00000001800052b0 f   c2_sf_newtons_cradle.obj
 0001:000044a0       init_dsm_address_info      00000001800054a0 f   c2_sf_newtons_cradle.obj
 0001:000044b0       sf_opaque_initialize_c2_sf_newtons_cradle 00000001800054b0 f   c2_sf_newtons_cradle.obj
 0001:000044e0       initialize_c2_sf_newtons_cradle 00000001800054e0 f   c2_sf_newtons_cradle.obj
 0001:00004540       sf_opaque_enable_c2_sf_newtons_cradle 0000000180005540 f   c2_sf_newtons_cradle.obj
 0001:00004560       enable_c2_sf_newtons_cradle 0000000180005560 f   c2_sf_newtons_cradle.obj
 0001:00004590       sf_opaque_disable_c2_sf_newtons_cradle 0000000180005590 f   c2_sf_newtons_cradle.obj
 0001:000045b0       disable_c2_sf_newtons_cradle 00000001800055b0 f   c2_sf_newtons_cradle.obj
 0001:000045e0       sf_opaque_gateway_c2_sf_newtons_cradle 00000001800055e0 f   c2_sf_newtons_cradle.obj
 0001:00004600       sf_c2_sf_newtons_cradle    0000000180005600 f   c2_sf_newtons_cradle.obj
 0001:00004750       c2_set_sim_state_side_effects_c2_sf_newtons_cradle 0000000180005750 f   c2_sf_newtons_cradle.obj
 0001:00004780       sf_opaque_get_sim_state_c2_sf_newtons_cradle 0000000180005780 f   c2_sf_newtons_cradle.obj
 0001:000047a0       sf_opaque_set_sim_state_c2_sf_newtons_cradle 00000001800057a0 f   c2_sf_newtons_cradle.obj
 0001:000047d0       sf_opaque_terminate_c2_sf_newtons_cradle 00000001800057d0 f   c2_sf_newtons_cradle.obj
 0001:00004850       finalize_c2_sf_newtons_cradle 0000000180005850 f   c2_sf_newtons_cradle.obj
 0001:00004880       sf_opaque_init_subchart_simstructs 0000000180005880 f   c2_sf_newtons_cradle.obj
 0001:000048a0       initSimStructsc2_sf_newtons_cradle 00000001800058a0 f   c2_sf_newtons_cradle.obj
 0001:000048b0       mdlRTW_c2_sf_newtons_cradle 00000001800058b0 f   c2_sf_newtons_cradle.obj
 0001:000067c0       _ssFatalError              00000001800077c0 f   sf_newtons_cradle_sfun_registry.obj
 0001:00009870       ProcessMexSfunctionCmdLineCall 000000018000a870 f   sf_newtons_cradle_sfun_registry.obj
 0001:00009980       mdlGetTimeOfNextVarHit     000000018000a980 f   sf_newtons_cradle_sfun_registry.obj
 0001:000099d0       _ProcessMexSfunctionCmdLineCall 000000018000a9d0 f   sf_newtons_cradle_sfun_registry.obj
 0001:0000a120       _CreateSimStruct           000000018000b120 f   sf_newtons_cradle_sfun_registry.obj
 0001:0000a2b0       _RegNumInputPortsCB        000000018000b2b0 f   sf_newtons_cradle_sfun_registry.obj
 0001:0000a330       _RegNumOutputPortsCB       000000018000b330 f   sf_newtons_cradle_sfun_registry.obj
 0001:0000a410       sf_machine_load_sfunction_ptrs 000000018000b410 f   sf_newtons_cradle_sfun_registry.obj
 0001:0000a520       get_machine_and_chart_file_number 000000018000b520 f   sfc_mex:sfc_sf.obj
 0001:0000a610       get_sfun_block_specialization 000000018000b610 f   sfc_mex:sfc_sf.obj
 0001:0000a6c0       call_sf_machine_global_method_dispatcher 000000018000b6c0 f   sfc_mex:sfc_sf.obj
 0001:0000a8f0       mdl_zeroCrossings_processing 000000018000b8f0 f   sfc_mex:sfc_sf.obj
 0001:0000a9c0       mdl_derivatives_processing 000000018000b9c0 f   sfc_mex:sfc_sf.obj
 0001:0000ac70       mdl_outputs_continuous_legacy 000000018000bc70 f   sfc_mex:sfc_sf.obj
 0001:0000acf0       mdl_outputs_processing     000000018000bcf0 f   sfc_mex:sfc_sf.obj
 0001:0000af60       mdl_enable_processing      000000018000bf60 f   sfc_mex:sfc_sf.obj
 0001:0000b030       mdl_disable_processing     000000018000c030 f   sfc_mex:sfc_sf.obj
 0001:0000beb0       sf_call_output_fcn_enable_disable 000000018000ceb0 f   sfc_mex:sfc_sf.obj
 0001:0000c130       set_dwork_information_from_mx_array 000000018000d130 f   sfc_mex:sfc_sf.obj
 0001:0000c9e0       ptr2mxStruct               000000018000d9e0 f   sfc_mex:sfc_sf.obj
 0001:0000ccf0       getThreadLocalStorage      000000018000dcf0 f   sfc_mex:sfc_mex.obj
 0001:0000cd30       releaseThreadLocalStorage  000000018000dd30 f   sfc_mex:sfc_mex.obj
 0001:0000cd40       SNPRINTF_WRAPPER           000000018000dd40 f   sfc_mex:sfc_mex.obj
 0001:0000cd60       convert_dims_to_string     000000018000dd60 f   sfc_mex:sfc_mex.obj
 0001:0000cf80       is_real_T_equal_to_double  000000018000df80 f   sfc_mex:sfc_mex.obj
 0001:0000cfa0       is_real32_T_equal_to_double 000000018000dfa0 f   sfc_mex:sfc_mex.obj
 0001:0000cfb0       is_mxLogical_equal_to_double 000000018000dfb0 f   sfc_mex:sfc_mex.obj
 0001:0000cfd0       is_int8_T_equal_to_double  000000018000dfd0 f   sfc_mex:sfc_mex.obj
 0001:0000cff0       is_uint8_T_equal_to_double 000000018000dff0 f   sfc_mex:sfc_mex.obj
 0001:0000d010       is_int16_T_equal_to_double 000000018000e010 f   sfc_mex:sfc_mex.obj
 0001:0000d030       is_uint16_T_equal_to_double 000000018000e030 f   sfc_mex:sfc_mex.obj
 0001:0000d050       is_int32_T_equal_to_double 000000018000e050 f   sfc_mex:sfc_mex.obj
 0001:0000d070       is_uint32_T_equal_to_double 000000018000e070 f   sfc_mex:sfc_mex.obj
 0001:0000d090       is_char_T_equal_to_double  000000018000e090 f   sfc_mex:sfc_mex.obj
 0001:0000d0b0       sf_zero_numeric_value      000000018000e0b0 f   sfc_mex:sfc_mex.obj
 0001:0000d0e0       sf_error_append_debugger_context_if_available 000000018000e0e0 f   sfc_mex:sfc_mex.obj
 0001:0000d1c0       sf_mex_get_error_message_for_write 000000018000e1c0 f   sfc_mex:sfc_mex.obj
 0001:0000d1f0       replace_single_quotes_by_doubled_quotes 000000018000e1f0 f   sfc_mex:sfc_mex.obj
 0001:0000d3f0       sf_mex_get_formatted_error_string 000000018000e3f0 f   sfc_mex:sfc_mex.obj
 0001:0000d920       sf_mex_destroy_array       000000018000e920 f   sfc_mex:sfc_mex.obj
 0001:0000dd50       sfrtAddSize                000000018000ed50 f   sfc_mex:sfc_mex.obj
 0001:0000ddf0       sfrtGenSizeString          000000018000edf0 f   sfc_mex:sfc_mex.obj
 0001:0000ded0       sfIsProperVector           000000018000eed0 f   sfc_mex:sfc_mex.obj
 0001:0000df00       sfIsRowVector              000000018000ef00 f   sfc_mex:sfc_mex.obj
 0001:0000e040       sf_ExtractMessageId        000000018000f040 f   sfc_mex:sfc_mex.obj
 0001:0000e330       sf_mex_err                 000000018000f330 f   sfc_mex:sfc_mex.obj
 0001:0000e3b0       sf_error_dimension_out_of_bound 000000018000f3b0 f   sfc_mex:sfc_mex.obj
 0001:0000e450       sf_mex_check_and_set_actual_dimensions 000000018000f450 f   sfc_mex:sfc_mex.obj
 0001:0000e7e0       sf_mex_check_complex       000000018000f7e0 f   sfc_mex:sfc_mex.obj
 0001:0000e890       sf_mex_check_sparse        000000018000f890 f   sfc_mex:sfc_mex.obj
 0001:0000e950       sf_mex_check_numerictype   000000018000f950 f   sfc_mex:sfc_mex.obj
 0001:0000ebf0       sf_mex_check_fimath        000000018000fbf0 f   sfc_mex:sfc_mex.obj
 0001:0000fad0       size_mismatch_error        0000000180010ad0 f   sfc_mex:sfc_mex.obj
 0001:00010690       check_array_dimensions     0000000180011690 f   sfc_mex:sfc_mex.obj
 0001:00010700       check_input_mxarray        0000000180011700 f   sfc_mex:sfc_mex.obj
 0001:00010fb0       sf_numeric_value_to_double 0000000180011fb0 f   sfc_mex:sfc_mex.obj
 0001:00011030       ml_generic_out_of_bounds_check 0000000180012030 f   sfc_mex:sfc_mex.obj
 0001:00011210       ml_get_element_value_from_array 0000000180012210 f   sfc_mex:sfc_mex.obj
 0001:00011620       _ml_generic_castability_check 0000000180012620 f   sfc_mex:sfc_mex.obj
 0001:000124a0       ml_generic_castability_check 00000001800134a0 f   sfc_mex:sfc_mex.obj
 0001:00012540       ml_check_mx_array_for_single_castability 0000000180013540 f   sfc_mex:sfc_mex.obj
 0001:000125e0       ml_check_mx_array_for_logical_castability 00000001800135e0 f   sfc_mex:sfc_mex.obj
 0001:00012680       ml_check_mx_array_for_int8_castability 0000000180013680 f   sfc_mex:sfc_mex.obj
 0001:00012730       ml_check_mx_array_for_uint8_castability 0000000180013730 f   sfc_mex:sfc_mex.obj
 0001:00012790       ml_check_mx_array_for_int16_castability 0000000180013790 f   sfc_mex:sfc_mex.obj
 0001:000127f0       ml_check_mx_array_for_uint16_castability 00000001800137f0 f   sfc_mex:sfc_mex.obj
 0001:00012850       ml_check_mx_array_for_int32_castability 0000000180013850 f   sfc_mex:sfc_mex.obj
 0001:000128b0       ml_check_mx_array_for_uint32_castability 00000001800138b0 f   sfc_mex:sfc_mex.obj
 0001:00012910       ml_check_mx_array_for_int64_castability 0000000180013910 f   sfc_mex:sfc_mex.obj
 0001:00012970       ml_check_mx_array_for_uint64_castability 0000000180013970 f   sfc_mex:sfc_mex.obj
 0001:000129c0       ml_check_mx_array_for_castability 00000001800139c0 f   sfc_mex:sfc_mex.obj
 0001:00013260       set_data_value             0000000180014260 f   sfc_mex:sfc_mex.obj
 0001:000137c0       get_next_element_address   00000001800147c0 f   sfc_mex:sfc_mex.obj
 0001:00013890       sf_normalize_index         0000000180014890 f   sfc_mex:sfc_mex.obj
 0001:00013c00       ml_array_index_bound_check 0000000180014c00 f   sfc_mex:sfc_mex.obj
 0001:00014770       mx_value                   0000000180015770 f   sfc_mex:sfc_mex.obj
 0001:000147c0       sf_create_numeric_array    00000001800157c0 f   sfc_mex:sfc_mex.obj
 0001:00014860       sf_mex_assign_to_mx_array  0000000180015860 f   sfc_mex:sfc_mex.obj
 0001:00014b40       assign_from_mx_array       0000000180015b40 f   sfc_mex:sfc_mex.obj
 0001:00015290       sf_mex_import_v            0000000180016290 f   sfc_mex:sfc_mex.obj
 0001:00015b98       pre_c_init                 0000000180016b98 f   MSVCRT:crtdll.obj
 0001:00015e54       __DllMainCRTStartup        0000000180016e54 f   MSVCRT:crtdll.obj
 0001:00016540       __DllMainCRTStartup$filt$0 0000000180017540 f   MSVCRT:crtdll.obj
 0001:00016570       __DllMainCRTStartup$fin$1  0000000180017570 f   MSVCRT:crtdll.obj
 0001:0001658a       _onexit$fin$0              000000018001758a f   MSVCRT:atonexit.obj
 0001:000165b0       _IsNonwritableInCurrentImage$filt$0 00000001800175b0 f   MSVCRT:pesect.obj
