 newtons_cradle_sfun

 Timestamp is 53154fbc (Tue Mar 04 04:59:56 2014)

 Preferred load address is 0000000180000000

 Start         Length     Name                   Class
 0001:00000000 000164d4H .text                   CODE
 0001:000164e0 00000092H .text$x                 CODE
 0002:00000000 00000480H .idata$5                DATA
 0002:00000480 00000008H .CRT$XCA                DATA
 0002:00000488 00000008H .CRT$XCZ                DATA
 0002:00000490 00000008H .CRT$XIA                DATA
 0002:00000498 00000008H .CRT$XIAA               DATA
 0002:000004a0 00000008H .CRT$XIZ                DATA
 0002:000004b0 000024acH .rdata                  DATA
 0002:00002960 00000008H .rtc$IAA                DATA
 0002:00002968 00000008H .rtc$IZZ                DATA
 0002:00002970 00000008H .rtc$TAA                DATA
 0002:00002978 00000008H .rtc$TZZ                DATA
 0002:00002980 00001764H .xdata                  DATA
 0002:000040e4 000000a0H .idata$2                DATA
 0002:00004184 00000014H .idata$3                DATA
 0002:00004198 00000480H .idata$4                DATA
 0002:00004618 00000aa4H .idata$6                DATA
 0002:000050c0 00000059H .edata                  DATA
 0003:00000000 00001a48H .data                   DATA
 0003:00001a50 000017e0H .bss                    DATA
 0004:00000000 00001410H .pdata                  DATA

  Address         Publics by Value              Rva+Base               Lib:Object

 0000:00000000       ___safe_se_handler_table   0000000000000000     <absolute>
 0000:00000000       ___safe_se_handler_count   0000000000000000     <absolute>
 0000:00000000       __ImageBase                0000000180000000     <linker-defined>
 0001:00000000       newtons_cradle_initializer 0000000180001000 f   newtons_cradle_sfun.obj
 0001:00000010       newtons_cradle_terminator  0000000180001010 f   newtons_cradle_sfun.obj
 0001:00000020       sf_newtons_cradle_method_dispatcher 0000000180001020 f   newtons_cradle_sfun.obj
 0001:00000090       sf_newtons_cradle_process_check_sum_call 0000000180001090 f   newtons_cradle_sfun.obj
 0001:000004b0       sf_newtons_cradle_autoinheritance_info 00000001800014b0 f   newtons_cradle_sfun.obj
 0001:00000670       sf_newtons_cradle_get_eml_resolved_functions_info 0000000180001670 f   newtons_cradle_sfun.obj
 0001:000007e0       sf_newtons_cradle_third_party_uses_info 00000001800017e0 f   newtons_cradle_sfun.obj
 0001:00000960       sf_newtons_cradle_updateBuildInfo_args_info 0000000180001960 f   newtons_cradle_sfun.obj
 0001:00000ae0       newtons_cradle_register_exported_symbols 0000000180001ae0 f   newtons_cradle_sfun.obj
 0001:00000af0       load_newtons_cradle_optimization_info 0000000180001af0 f   newtons_cradle_sfun.obj
 0001:00000b40       unload_newtons_cradle_optimization_info 0000000180001b40 f   newtons_cradle_sfun.obj
 0001:00000b70       sf_c1_newtons_cradle_get_eml_resolved_functions_info 0000000180001b70 f   c1_newtons_cradle.obj
 0001:00000bf0       sf_c1_newtons_cradle_get_check_sum 0000000180001bf0 f   c1_newtons_cradle.obj
 0001:00000c70       sf_c1_newtons_cradle_get_autoinheritance_info 0000000180001c70 f   c1_newtons_cradle.obj
 0001:00001050       sf_c1_newtons_cradle_third_party_uses_info 0000000180002050 f   c1_newtons_cradle.obj
 0001:00001080       sf_c1_newtons_cradle_updateBuildInfo_args_info 0000000180002080 f   c1_newtons_cradle.obj
 0001:000010b0       sf_internal_get_sim_state_c1_newtons_cradle 00000001800020b0 f   c1_newtons_cradle.obj
 0001:00001640       sf_internal_set_sim_state_c1_newtons_cradle 0000000180002640 f   c1_newtons_cradle.obj
 0001:00001cd0       c1_newtons_cradle_method_dispatcher 0000000180002cd0 f   c1_newtons_cradle.obj
 0001:00003140       sf_c2_newtons_cradle_get_eml_resolved_functions_info 0000000180004140 f   c2_newtons_cradle.obj
 0001:000031c0       sf_c2_newtons_cradle_get_check_sum 00000001800041c0 f   c2_newtons_cradle.obj
 0001:00003240       sf_c2_newtons_cradle_get_autoinheritance_info 0000000180004240 f   c2_newtons_cradle.obj
 0001:000034e0       sf_c2_newtons_cradle_third_party_uses_info 00000001800044e0 f   c2_newtons_cradle.obj
 0001:00003510       sf_c2_newtons_cradle_updateBuildInfo_args_info 0000000180004510 f   c2_newtons_cradle.obj
 0001:00003540       sf_internal_get_sim_state_c2_newtons_cradle 0000000180004540 f   c2_newtons_cradle.obj
 0001:00003850       sf_internal_set_sim_state_c2_newtons_cradle 0000000180004850 f   c2_newtons_cradle.obj
 0001:00003c40       c2_newtons_cradle_method_dispatcher 0000000180004c40 f   c2_newtons_cradle.obj
 0001:00004890       sf_process_check_sum_call  0000000180005890 f   newtons_cradle_sfun_registry.obj
 0001:000048e0       sf_process_autoinheritance_call 00000001800058e0 f   newtons_cradle_sfun_registry.obj
 0001:00004a80       sf_process_get_third_party_uses_info_call 0000000180005a80 f   newtons_cradle_sfun_registry.obj
 0001:00004c20       sf_process_get_updateBuildInfo_args_info_call 0000000180005c20 f   newtons_cradle_sfun_registry.obj
 0001:00004dc0       sf_process_get_eml_resolved_functions_info_call 0000000180005dc0 f   newtons_cradle_sfun_registry.obj
 0001:00004f40       sf_mex_unlock_call         0000000180005f40 f   newtons_cradle_sfun_registry.obj
 0001:00004ff0       sf_machine_global_initializer_called 0000000180005ff0 f   newtons_cradle_sfun_registry.obj
 0001:00005020       sf_machine_global_method_dispatcher 0000000180006020 f   newtons_cradle_sfun_registry.obj
 0001:00005080       sf_machine_global_terminator 0000000180006080 f   newtons_cradle_sfun_registry.obj
 0001:000050b0       sf_register_machine_exported_symbols 00000001800060b0 f   newtons_cradle_sfun_registry.obj
 0001:000050d0       callCustomFcn              00000001800060d0 f   newtons_cradle_sfun_registry.obj
 0001:000050e0       sf_machine_global_initializer 00000001800060e0 f   newtons_cradle_sfun_registry.obj
 0001:00005140       _ssSetStateAbsTol          0000000180006140 f   newtons_cradle_sfun_registry.obj
 0001:00005220       _ssGetAbsTol               0000000180006220 f   newtons_cradle_sfun_registry.obj
 0001:00005290       _ssSetInputPortMatrixDimensions 0000000180006290 f   newtons_cradle_sfun_registry.obj
 0001:000053a0       _ssSetOutputPortMatrixDimensions 00000001800063a0 f   newtons_cradle_sfun_registry.obj
 0001:000054b0       _ssSetInputPortVectorDimension 00000001800064b0 f   newtons_cradle_sfun_registry.obj
 0001:00005580       _ssSetOutputPortVectorDimension 0000000180006580 f   newtons_cradle_sfun_registry.obj
 0001:00005650       ssIsRunTimeParamTunable    0000000180006650 f   newtons_cradle_sfun_registry.obj
 0001:000056c0       ssGetSFuncBlockHandle      00000001800066c0 f   newtons_cradle_sfun_registry.obj
 0001:00005730       _ssGetCurrentInputPortWidth 0000000180006730 f   newtons_cradle_sfun_registry.obj
 0001:00005850       _ssGetCurrentOutputPortWidth 0000000180006850 f   newtons_cradle_sfun_registry.obj
 0001:00005970       _ssGetCallSystemNumFcnCallDestinations 0000000180006970 f   newtons_cradle_sfun_registry.obj
 0001:000059e0       ssWarning                  00000001800069e0 f   newtons_cradle_sfun_registry.obj
 0001:00005af0       ssGetIsZeroCrossControlDisabled 0000000180006af0 f   newtons_cradle_sfun_registry.obj
 0001:00005b60       ssSetIsInputPortUsedForContZcSignal 0000000180006b60 f   newtons_cradle_sfun_registry.obj
 0001:00005bd0       ssSetZcSignalIsZcElementDisc 0000000180006bd0 f   newtons_cradle_sfun_registry.obj
 0001:00005c80       ssSetZcSignalName          0000000180006c80 f   newtons_cradle_sfun_registry.obj
 0001:00005cf0       ssSetZcSignalWidth         0000000180006cf0 f   newtons_cradle_sfun_registry.obj
 0001:00005d60       ssSetZcSignalZcEventType   0000000180006d60 f   newtons_cradle_sfun_registry.obj
 0001:00005dd0       ssSetZcSignalType          0000000180006dd0 f   newtons_cradle_sfun_registry.obj
 0001:00005e40       ssSetZcSignalZcTol         0000000180006e40 f   newtons_cradle_sfun_registry.obj
 0001:00005eb0       ssSetZcSignalNeedsEventNotification 0000000180006eb0 f   newtons_cradle_sfun_registry.obj
 0001:00005f20       ssCreateAndAddZcSignalInfo 0000000180006f20 f   newtons_cradle_sfun_registry.obj
 0001:00005f90       ssCloneAndAddZcSignalInfo  0000000180006f90 f   newtons_cradle_sfun_registry.obj
 0001:00006000       ssGetNumZcSignals          0000000180007000 f   newtons_cradle_sfun_registry.obj
 0001:00006070       ssGetZcSignalVector        0000000180007070 f   newtons_cradle_sfun_registry.obj
 0001:000060e0       ssGetZcSignalZcEvents      00000001800070e0 f   newtons_cradle_sfun_registry.obj
 0001:00006150       ssGetZcSignalName          0000000180007150 f   newtons_cradle_sfun_registry.obj
 0001:000061c0       ssGetZcSignalWidth         00000001800071c0 f   newtons_cradle_sfun_registry.obj
 0001:00006230       ssGetZcSignalZcEventType   0000000180007230 f   newtons_cradle_sfun_registry.obj
 0001:000062a0       ssGetZcSignalType          00000001800072a0 f   newtons_cradle_sfun_registry.obj
 0001:00006310       ssGetZcSignalZcTol         0000000180007310 f   newtons_cradle_sfun_registry.obj
 0001:00006390       ssGetZcSignalNeedsEventNotification 0000000180007390 f   newtons_cradle_sfun_registry.obj
 0001:00006400       ssGetZcSignalIsZcElementDisc 0000000180007400 f   newtons_cradle_sfun_registry.obj
 0001:000064a0       ssGetIsInputPortElementContinuous 00000001800074a0 f   newtons_cradle_sfun_registry.obj
 0001:00006540       _ssGetInputPortSignalPtrsFcn 0000000180007540 f   newtons_cradle_sfun_registry.obj
 0001:00006800       _ssGetInputPortSignalFcn   0000000180007800 f   newtons_cradle_sfun_registry.obj
 0001:00006a20       _ssSetInputPortDirectFeedThroughFcn 0000000180007a20 f   newtons_cradle_sfun_registry.obj
 0001:00006b80       _ssSetInputPortReusableFcn 0000000180007b80 f   newtons_cradle_sfun_registry.obj
 0001:00006c70       _ssSetOutputPortReusableFcn 0000000180007c70 f   newtons_cradle_sfun_registry.obj
 0001:00006d50       ssGetDTypeIdFromMxArray    0000000180007d50 f   newtons_cradle_sfun_registry.obj
 0001:00006e70       ssWriteRTWStr              0000000180007e70 f   newtons_cradle_sfun_registry.obj
 0001:00006ed0       ssWriteRTWMxVectParam      0000000180007ed0 f   newtons_cradle_sfun_registry.obj
 0001:00006f30       ssWriteRTWMx2dMatParam     0000000180007f30 f   newtons_cradle_sfun_registry.obj
 0001:00006fb0       ssWriteRTWNameValuePair    0000000180007fb0 f   newtons_cradle_sfun_registry.obj
 0001:000074a0       ssWriteRTWParameters       00000001800084a0 f   newtons_cradle_sfun_registry.obj
 0001:00007aa0       ssWriteRTWParamSettings    0000000180008aa0 f   newtons_cradle_sfun_registry.obj
 0001:00008170       ssWriteRTWWorkVect         0000000180009170 f   newtons_cradle_sfun_registry.obj
 0001:00008670       mexFunction                0000000180009670 f   newtons_cradle_sfun_registry.obj
 0001:0000a350       ProcessMexSfunctionEveryCall 000000018000b350 f   newtons_cradle_sfun_registry.obj
 0001:0000a7f0       sim_mode_is_rtw_gen        000000018000b7f0 f   sfc_mex:sfc_sf.obj
 0001:0000a820       sim_mode_is_external       000000018000b820 f   sfc_mex:sfc_sf.obj
 0001:0000a830       sim_mode_is_modelref_sim   000000018000b830 f   sfc_mex:sfc_sf.obj
 0001:0000a850       mdlInitializeSizes         000000018000b850 f   sfc_mex:sfc_sf.obj
 0001:0000a870       mdlInitializeSampleTimes   000000018000b870 f   sfc_mex:sfc_sf.obj
 0001:0000a8b0       mdlZeroCrossings           000000018000b8b0 f   sfc_mex:sfc_sf.obj
 0001:0000a990       mdlDerivatives             000000018000b990 f   sfc_mex:sfc_sf.obj
 0001:0000aa40       mdl_initialize_conditions_processing 000000018000ba40 f   sfc_mex:sfc_sf.obj
 0001:0000aa70       mdlInitializeConditions    000000018000ba70 f   sfc_mex:sfc_sf.obj
 0001:0000ab20       mdlGetSimState             000000018000bb20 f   sfc_mex:sfc_sf.obj
 0001:0000ab30       mdlSetSimState             000000018000bb30 f   sfc_mex:sfc_sf.obj
 0001:0000ab40       mdl_ext_mode_exec_processing 000000018000bb40 f   sfc_mex:sfc_sf.obj
 0001:0000ab60       mdlExtModeExec             000000018000bb60 f   sfc_mex:sfc_sf.obj
 0001:0000acf0       mdlTerminate               000000018000bcf0 f   sfc_mex:sfc_sf.obj
 0001:0000ad60       mdlRTW                     000000018000bd60 f   sfc_mex:sfc_sf.obj
 0001:0000ad90       mdlSetWorkWidths           000000018000bd90 f   sfc_mex:sfc_sf.obj
 0001:0000ada0       mdlProcessParameters       000000018000bda0 f   sfc_mex:sfc_sf.obj
 0001:0000adb0       mdl_start_processing       000000018000bdb0 f   sfc_mex:sfc_sf.obj
 0001:0000ae10       mdlStart                   000000018000be10 f   sfc_mex:sfc_sf.obj
 0001:0000af20       mdlEnable                  000000018000bf20 f   sfc_mex:sfc_sf.obj
 0001:0000aff0       mdlDisable                 000000018000bff0 f   sfc_mex:sfc_sf.obj
 0001:0000b0a0       sf_get_chart_instance_ptr  000000018000c0a0 f   sfc_mex:sfc_sf.obj
 0001:0000b0c0       sf_load_rtw_optimization_info 000000018000c0c0 f   sfc_mex:sfc_sf.obj
 0001:0000b190       sf_update_buildInfo        000000018000c190 f   sfc_mex:sfc_sf.obj
 0001:0000b290       sf_rtw_info_uint_prop      000000018000c290 f   sfc_mex:sfc_sf.obj
 0001:0000b3d0       sf_is_chart_inlinable      000000018000c3d0 f   sfc_mex:sfc_sf.obj
 0001:0000b3f0       sf_mark_output_events_with_multiple_callers 000000018000c3f0 f   sfc_mex:sfc_sf.obj
 0001:0000b580       sf_mark_chart_reusable_outputs 000000018000c580 f   sfc_mex:sfc_sf.obj
 0001:0000b7e0       sf_mark_chart_expressionable_inputs 000000018000c7e0 f   sfc_mex:sfc_sf.obj
 0001:0000ba40       sf_get_subchart_simstruct  000000018000ca40 f   sfc_mex:sfc_sf.obj
 0001:0000ba90       sf_get_fixpt_data_type_id  000000018000ca90 f   sfc_mex:sfc_sf.obj
 0001:0000bad0       sf_get_enum_data_type_id   000000018000cad0 f   sfc_mex:sfc_sf.obj
 0001:0000bb10       sf_get_param_data_type_id  000000018000cb10 f   sfc_mex:sfc_sf.obj
 0001:0000bb40       sf_mex_listen_for_ctrl_c_force 000000018000cb40 f   sfc_mex:sfc_sf.obj
 0001:0000bc50       sf_mex_draw_now            000000018000cc50 f   sfc_mex:sfc_sf.obj
 0001:0000bc90       sf_mex_set_debugger_sim_status_listener_fcn 000000018000cc90 f   sfc_mex:sfc_sf.obj
 0001:0000bca0       sf_mex_listen_for_ctrl_c   000000018000cca0 f   sfc_mex:sfc_sf.obj
 0001:0000bd40       sf_mex_get_sfun_param      000000018000cd40 f   sfc_mex:sfc_sf.obj
 0001:0000bd90       sf_get_runtime_param_data  000000018000cd90 f   sfc_mex:sfc_sf.obj
 0001:0000bdd0       sf_call_output_fcn_call    000000018000cdd0 f   sfc_mex:sfc_sf.obj
 0001:0000bf10       sf_call_output_fcn_enable  000000018000cf10 f   sfc_mex:sfc_sf.obj
 0001:0000bfa0       sf_call_output_fcn_disable 000000018000cfa0 f   sfc_mex:sfc_sf.obj
 0001:0000c030       sf_clear_rtw_identifier    000000018000d030 f   sfc_mex:sfc_sf.obj
 0001:0000c810       sf_set_encoded_dwork_info  000000018000d810 f   sfc_mex:sfc_sf.obj
 0001:0000c860       sf_get_dwork_info_from_mat_file 000000018000d860 f   sfc_mex:sfc_sf.obj
 0001:0000ca20       sf_set_rtw_dwork_info      000000018000da20 f   sfc_mex:sfc_sf.obj
 0001:0000cb90       mdlOutputs                 000000018000db90 f   sfc_mex:sfc_sf.obj
 0001:0000cd80       sf_mex_mx_is_numeric       000000018000dd80 f   sfc_mex:sfc_mex.obj
 0001:0000cdc0       strcmp_ignore_ws           000000018000ddc0 f   sfc_mex:sfc_mex.obj
 0001:0000cf00       sf_mex_duplicatearraysafe  000000018000df00 f   sfc_mex:sfc_mex.obj
 0001:0000d060       sf_set_error_debugger_context_message_fcn 000000018000e060 f   sfc_mex:sfc_mex.obj
 0001:0000d070       sf_set_debugger_matlab_error_fcn 000000018000e070 f   sfc_mex:sfc_mex.obj
 0001:0000d0b0       sf_set_error_prefix_string 000000018000e0b0 f   sfc_mex:sfc_mex.obj
 0001:0000d0e0       sf_get_error_prefix_string 000000018000e0e0 f   sfc_mex:sfc_mex.obj
 0001:0000d0f0       sf_mex_enter_parallel_region 000000018000e0f0 f   sfc_mex:sfc_mex.obj
 0001:0000d100       sf_mex_exit_parallel_region 000000018000e100 f   sfc_mex:sfc_mex.obj
 0001:0000d110       sf_get_current_jmp_buf_ptr 000000018000e110 f   sfc_mex:sfc_mex.obj
 0001:0000d120       sf_set_current_jmp_buf_ptr 000000018000e120 f   sfc_mex:sfc_mex.obj
 0001:0000d130       sf_mex_set_halt_simulation 000000018000e130 f   sfc_mex:sfc_mex.obj
 0001:0000d140       sf_mex_get_halt_simulation 000000018000e140 f   sfc_mex:sfc_mex.obj
 0001:0000d150       sf_mex_clear_error_message 000000018000e150 f   sfc_mex:sfc_mex.obj
 0001:0000d170       sf_mex_get_error_message_for_read 000000018000e170 f   sfc_mex:sfc_mex.obj
 0001:0000d180       sf_mex_get_error_message_buffer_length 000000018000e180 f   sfc_mex:sfc_mex.obj
 0001:0000d240       sf_mex_warning_message     000000018000e240 f   sfc_mex:sfc_mex.obj
 0001:0000d290       sf_mex_v_errbuf_createf    000000018000e290 f   sfc_mex:sfc_mex.obj
 0001:0000d2a0       sf_mex_errbuf_createf      000000018000e2a0 f   sfc_mex:sfc_mex.obj
 0001:0000d2d0       sf_mex_v_errbuf_catf       000000018000e2d0 f   sfc_mex:sfc_mex.obj
 0001:0000d310       sf_mex_errbuf_catf         000000018000e310 f   sfc_mex:sfc_mex.obj
 0001:0000d360       sf_mex_errbuf_copy         000000018000e360 f   sfc_mex:sfc_mex.obj
 0001:0000d370       sf_mex_errbuf_clear        000000018000e370 f   sfc_mex:sfc_mex.obj
 0001:0000d380       sf_mex_errbuf_isempty      000000018000e380 f   sfc_mex:sfc_mex.obj
 0001:0000d480       sf_mex_set_error_status    000000018000e480 f   sfc_mex:sfc_mex.obj
 0001:0000d4d0       sf_mex_error_direct_call   000000018000e4d0 f   sfc_mex:sfc_mex.obj
 0001:0000d4f0       sf_mex_error_message_no_long_jump 000000018000e4f0 f   sfc_mex:sfc_mex.obj
 0001:0000d510       sf_mex_long_jump_on_error  000000018000e510 f   sfc_mex:sfc_mex.obj
 0001:0000d540       sf_mex_call_matlab         000000018000e540 f   sfc_mex:sfc_mex.obj
 0001:0000d620       sf_mex_check_builtin       000000018000e620 f   sfc_mex:sfc_mex.obj
 0001:0000d6c0       sf_mex_check_builtin_vs    000000018000e6c0 f   sfc_mex:sfc_mex.obj
 0001:0000d780       sf_mex_check_enum          000000018000e780 f   sfc_mex:sfc_mex.obj
 0001:0000d800       sf_mex_create_enum         000000018000e800 f   sfc_mex:sfc_mex.obj
 0001:0000d870       sf_mex_get_enum_element    000000018000e870 f   sfc_mex:sfc_mex.obj
 0001:0000d880       sf_mex_createcellarray     000000018000e880 f   sfc_mex:sfc_mex.obj
 0001:0000d890       sf_mex_setcell             000000018000e890 f   sfc_mex:sfc_mex.obj
 0001:0000d8a0       sf_mex_getcell             000000018000e8a0 f   sfc_mex:sfc_mex.obj
 0001:0000d8b0       sf_mex_dup                 000000018000e8b0 f   sfc_mex:sfc_mex.obj
 0001:0000d8d0       sf_mex_assign              000000018000e8d0 f   sfc_mex:sfc_mex.obj
 0001:0000d950       sf_mex_destroy             000000018000e950 f   sfc_mex:sfc_mex.obj
 0001:0000d980       mx_array_has_fi_type       000000018000e980 f   sfc_mex:sfc_mex.obj
 0001:0000d9b0       sf_mex_convert_from_fi     000000018000e9b0 f   sfc_mex:sfc_mex.obj
 0001:0000db90       sf_mex_convert_to_double   000000018000eb90 f   sfc_mex:sfc_mex.obj
 0001:0000dca0       sf_mex_import_fi_vs        000000018000eca0 f   sfc_mex:sfc_mex.obj
 0001:0000deb0       sf_matrix_matrix_index_ok  000000018000eeb0 f   sfc_mex:sfc_mex.obj
 0001:0000df40       sf_vector_vector_index_ok  000000018000ef40 f   sfc_mex:sfc_mex.obj
 0001:0000df70       ssGetCurrentInputPortDimensions_wrapper 000000018000ef70 f   sfc_mex:sfc_mex.obj
 0001:0000df90       ssGetCurrentOutputPortDimensions_wrapper 000000018000ef90 f   sfc_mex:sfc_mex.obj
 0001:0000dfb0       sf_mex_emlrt_context_is_debug_mode 000000018000efb0 f   sfc_mex:sfc_mex.obj
 0001:0000dfc0       sf_mex_emlrt_context_set_debug_mode 000000018000efc0 f   sfc_mex:sfc_mex.obj
 0001:0000dfd0       sf_mex_emlrtNameCapturePostProcessR2012a 000000018000efd0 f   sfc_mex:sfc_mex.obj
 0001:0000e040       sf_clear_error_manager_info 000000018000f040 f   sfc_mex:sfc_mex.obj
 0001:0000e0a0       sf_mex_stop_simulation_abruptly_wo_error 000000018000f0a0 f   sfc_mex:sfc_mex.obj
 0001:0000e0e0       sf_mex_error_message       000000018000f0e0 f   sfc_mex:sfc_mex.obj
 0001:0000e150       sf_react_to_error_in_matlab_call 000000018000f150 f   sfc_mex:sfc_mex.obj
 0001:0000e180       sf_mex_addfield            000000018000f180 f   sfc_mex:sfc_mex.obj
 0001:0000e220       sf_mex_getfield            000000018000f220 f   sfc_mex:sfc_mex.obj
 0001:0000e590       sf_mex_check_class         000000018000f590 f   sfc_mex:sfc_mex.obj
 0001:0000e680       sf_mex_is_real             000000018000f680 f   sfc_mex:sfc_mex.obj
 0001:0000ee30       sf_mex_decode_encoded_mx_cell_array 000000018000fe30 f   sfc_mex:sfc_mex.obj
 0001:0000f0a0       sf_mex_decode_encoded_mx_struct_array 00000001800100a0 f   sfc_mex:sfc_mex.obj
 0001:0000f370       lw_bounds_error            0000000180010370 f   sfc_mex:sfc_mex.obj
 0001:0000f380       sf_mex_lw_bounds_check     0000000180010380 f   sfc_mex:sfc_mex.obj
 0001:0000f3b0       sf_mex_lw_bounds_check_int64 00000001800103b0 f   sfc_mex:sfc_mex.obj
 0001:0000f3f0       sf_mex_lw_size_eq_check_1d 00000001800103f0 f   sfc_mex:sfc_mex.obj
 0001:0000f410       sf_mex_lw_size_eq_check_nd 0000000180010410 f   sfc_mex:sfc_mex.obj
 0001:0000f5f0       sf_mex_lw_dim_size_eq_check 00000001800105f0 f   sfc_mex:sfc_mex.obj
 0001:0000f620       sf_mex_lw_dim_size_geq_check 0000000180010620 f   sfc_mex:sfc_mex.obj
 0001:0000f650       sf_mex_lw_sub_assign_size_check_nd 0000000180010650 f   sfc_mex:sfc_mex.obj
 0001:0000f800       sf_mex_lw_runtime_error_msgid 0000000180010800 f   sfc_mex:sfc_mex.obj
 0001:0000f8f0       sf_mex_lw_matrix_matrix_index_check 00000001800108f0 f   sfc_mex:sfc_mex.obj
 0001:0000f910       sf_mex_lw_vector_vector_index_check 0000000180010910 f   sfc_mex:sfc_mex.obj
 0001:0000f950       sf_mex_lw_for_loop_vector_check 0000000180010950 f   sfc_mex:sfc_mex.obj
 0001:0000f9d0       sf_mex_lw_non_negative_check 00000001800109d0 f   sfc_mex:sfc_mex.obj
 0001:0000fa10       sf_mex_overflow_error      0000000180010a10 f   sfc_mex:sfc_mex.obj
 0001:0000fa20       sf_mex_dividebyzero_error  0000000180010a20 f   sfc_mex:sfc_mex.obj
 0001:0000fa30       sf_mex_unsafe_enum_error   0000000180010a30 f   sfc_mex:sfc_mex.obj
 0001:0000fa40       sf_emlrtErrHandler         0000000180010a40 f   sfc_mex:sfc_mex.obj
 0001:0000fb00       sf_mex_size_one_check      0000000180010b00 f   sfc_mex:sfc_mex.obj
 0001:0000fb20       sf_mex_printf              0000000180010b20 f   sfc_mex:sfc_mex.obj
 0001:0000fd70       sf_mex_check_size          0000000180010d70 f   sfc_mex:sfc_mex.obj
 0001:000100b0       sf_mex_check_struct        00000001800110b0 f   sfc_mex:sfc_mex.obj
 0001:000102d0       sf_mex_check_struct_vs     00000001800112d0 f   sfc_mex:sfc_mex.obj
 0001:00010360       sf_mex_check_fi            0000000180011360 f   sfc_mex:sfc_mex.obj
 0001:000104f0       sf_mex_check_fi_vs         00000001800114f0 f   sfc_mex:sfc_mex.obj
 0001:00010590       sf_echo_expression         0000000180011590 f   sfc_mex:sfc_mex.obj
 0001:000105f0       sf_assertion_failed        00000001800115f0 f   sfc_mex:sfc_mex.obj
 0001:000108c0       sf_mex_evalin              00000001800118c0 f   sfc_mex:sfc_mex.obj
 0001:00010c10       sf_mex_export              0000000180011c10 f   sfc_mex:sfc_mex.obj
 0001:00010cd0       sf_mex_get_ml_var_no_error 0000000180011cd0 f   sfc_mex:sfc_mex.obj
 0001:00010f10       sf_mex_get_ml_var          0000000180011f10 f   sfc_mex:sfc_mex.obj
 0001:00011410       ml_set_element_value_in_array 0000000180012410 f   sfc_mex:sfc_mex.obj
 0001:00012d80       sf_mex_call_impl           0000000180013d80 f   sfc_mex:sfc_mex.obj
 0001:000131a0       sf_mex_call_debug          00000001800141a0 f   sfc_mex:sfc_mex.obj
 0001:000131d0       sf_mex_call                00000001800141d0 f   sfc_mex:sfc_mex.obj
 0001:000138e0       sf_mex_createstruct        00000001800148e0 f   sfc_mex:sfc_mex.obj
 0001:000139d0       sf_mex_createstructarray   00000001800149d0 f   sfc_mex:sfc_mex.obj
 0001:00013a50       sf_mex_get_mx_datatype_from_sf_datatype 0000000180014a50 f   sfc_mex:sfc_mex.obj
 0001:00013d60       sf_mex_ml_var_sub          0000000180014d60 f   sfc_mex:sfc_mex.obj
 0001:00013f70       sf_mex_ml_var_subsasgn     0000000180014f70 f   sfc_mex:sfc_mex.obj
 0001:00014330       sf_mex_sub                 0000000180015330 f   sfc_mex:sfc_mex.obj
 0001:00014570       sf_mex_subsasgn            0000000180015570 f   sfc_mex:sfc_mex.obj
 0001:000149e0       sf_mex_create              00000001800159e0 f   sfc_mex:sfc_mex.obj
 0001:00015350       sf_mex_import_named        0000000180016350 f   sfc_mex:sfc_mex.obj
 0001:000153b0       sf_mex_import              00000001800163b0 f   sfc_mex:sfc_mex.obj
 0001:00015400       sf_mex_import_vs           0000000180016400 f   sfc_mex:sfc_mex.obj
 0001:00015510       sf_mex_lower_fixpt_mx_array 0000000180016510 f   sfc_mex:sfc_mex.obj
 0001:0001581a       mxGetScalar                000000018001681a f   libmx:libmx.dll
 0001:00015820       mxGetPr                    0000000180016820 f   libmx:libmx.dll
 0001:00015826       mxCreateDoubleMatrix_730   0000000180016826 f   libmx:libmx.dll
 0001:0001582c       mxGetString_730            000000018001682c f   libmx:libmx.dll
 0001:00015832       mxIsChar                   0000000180016832 f   libmx:libmx.dll
 0001:00015838       mxDestroyArray             0000000180016838 f   libmx:libmx.dll
 0001:0001583e       mxDuplicateArray           000000018001683e f   libmx:libmx.dll
 0001:00015844       mxCreateDoubleScalar       0000000180016844 f   libmx:libmx.dll
 0001:0001584a       mxSetField_730             000000018001684a f   libmx:libmx.dll
 0001:00015850       mxCreateString             0000000180016850 f   libmx:libmx.dll
 0001:00015856       mxCreateStructMatrix_730   0000000180016856 f   libmx:libmx.dll
 0001:0001585c       mxCreateCellMatrix_730     000000018001685c f   libmx:libmx.dll
 0001:00015862       mxGetClassID               0000000180016862 f   libmx:libmx.dll
 0001:00015868       mxIsNumeric                0000000180016868 f   libmx:libmx.dll
 0001:0001586e       mxIsComplex                000000018001686e f   libmx:libmx.dll
 0001:00015874       mxGetN                     0000000180016874 f   libmx:libmx.dll
 0001:0001587a       mxGetM                     000000018001687a f   libmx:libmx.dll
 0001:00015880       mxCalloc                   0000000180016880 f   libmx:libmx.dll
 0001:00015886       mxGetString_700            0000000180016886 f   libmx:libmx.dll
 0001:0001588c       mxFree                     000000018001688c f   libmx:libmx.dll
 0001:00015892       mxArrayToString            0000000180016892 f   libmx:libmx.dll
 0001:00015898       mxGetNumberOfElements      0000000180016898 f   libmx:libmx.dll
 0001:0001589e       mxGetField_700             000000018001689e f   libmx:libmx.dll
 0001:000158a4       mxSetFieldByNumber_700     00000001800168a4 f   libmx:libmx.dll
 0001:000158aa       mxCreateStructArray_700    00000001800168aa f   libmx:libmx.dll
 0001:000158b0       mxGetData                  00000001800168b0 f   libmx:libmx.dll
 0001:000158b6       mxCreateNumericArray_700   00000001800168b6 f   libmx:libmx.dll
 0001:000158bc       mxIsLogical                00000001800168bc f   libmx:libmx.dll
 0001:000158c2       mxCreateDoubleMatrix_700   00000001800168c2 f   libmx:libmx.dll
 0001:000158c8       mxGetProperty_700          00000001800168c8 f   libmx:libmx.dll
 0001:000158ce       mxCreateCellMatrix_700     00000001800168ce f   libmx:libmx.dll
 0001:000158d4       mxSetCell_700              00000001800168d4 f   libmx:libmx.dll
 0001:000158da       mxGetCell_700              00000001800168da f   libmx:libmx.dll
 0001:000158e0       mxGetClassName             00000001800168e0 f   libmx:libmx.dll
 0001:000158e6       mxSetField_700             00000001800168e6 f   libmx:libmx.dll
 0001:000158ec       mxAddField                 00000001800168ec f   libmx:libmx.dll
 0001:000158f2       mxIsStruct                 00000001800168f2 f   libmx:libmx.dll
 0001:000158f8       mxIsA                      00000001800168f8 f   libmx:libmx.dll
 0001:000158fe       mxIsClass                  00000001800168fe f   libmx:libmx.dll
 0001:00015904       mxGetLogicals              0000000180016904 f   libmx:libmx.dll
 0001:0001590a       mxIsSparse                 000000018001690a f   libmx:libmx.dll
 0001:00015910       mxIsCell                   0000000180016910 f   libmx:libmx.dll
 0001:00015916       mxGetFieldByNumber_700     0000000180016916 f   libmx:libmx.dll
 0001:0001591c       mxGetFieldNameByNumber     000000018001691c f   libmx:libmx.dll
 0001:00015922       mxGetNumberOfFields        0000000180016922 f   libmx:libmx.dll
 0001:00015928       mxCreateStructMatrix_700   0000000180016928 f   libmx:libmx.dll
 0001:0001592e       mxGetFieldNumber           000000018001692e f   libmx:libmx.dll
 0001:00015934       mxIsNaN                    0000000180016934 f   libmx:libmx.dll
 0001:0001593a       mxIsEmpty                  000000018001693a f   libmx:libmx.dll
 0001:00015940       mxGetImagData              0000000180016940 f   libmx:libmx.dll
 0001:00015946       mxArrayClassIDName         0000000180016946 f   libmx:libmx.dll
 0001:0001594c       mxCreateNumericMatrix_700  000000018001694c f   libmx:libmx.dll
 0001:00015952       mxCalcSingleSubscript_700  0000000180016952 f   libmx:libmx.dll
 0001:00015958       mxGetDimensions_700        0000000180016958 f   libmx:libmx.dll
 0001:0001595e       mxGetNumberOfDimensions_700 000000018001695e f   libmx:libmx.dll
 0001:00015964       mxGetElementSize           0000000180016964 f   libmx:libmx.dll
 0001:0001596a       mxCreateStringFromNChars_700 000000018001696a f   libmx:libmx.dll
 0001:00015970       mexMakeArrayPersistent     0000000180016970 f   libmex:libmex.dll
 0001:00015976       mexUnlock                  0000000180016976 f   libmex:libmex.dll
 0001:0001597c       mexIsLocked                000000018001697c f   libmex:libmex.dll
 0001:00015982       mexWarnMsgTxt              0000000180016982 f   libmex:libmex.dll
 0001:00015988       mexCallMATLAB              0000000180016988 f   libmex:libmex.dll
 0001:0001598e       mexErrMsgTxt               000000018001698e f   libmex:libmex.dll
 0001:00015994       mexLock                    0000000180016994 f   libmex:libmex.dll
 0001:0001599a       mexMakeMemoryPersistent    000000018001699a f   libmex:libmex.dll
 0001:000159a0       mexCallMATLABWithTrap      00000001800169a0 f   libmex:libmex.dll
 0001:000159a6       mexPutVariable             00000001800169a6 f   libmex:libmex.dll
 0001:000159ac       mexGetVariable             00000001800169ac f   libmex:libmex.dll
 0001:000159b2       ssRegisterDataTypeFxpFSlopeFixExpBias 00000001800169b2 f   libfixedpoint:libfixedpoint.dll
 0001:000159b8       ssRegisterDataTypeFxpScaledDouble 00000001800169b8 f   libfixedpoint:libfixedpoint.dll
 0001:000159be       utMalloc                   00000001800169be f   libut:libut.dll
 0001:000159c4       utFree                     00000001800169c4 f   libut:libut.dll
 0001:000159ca       utCPUtime                  00000001800169ca f   libut:libut.dll
 0001:000159d0       utVSNprintf                00000001800169d0 f   libut:libut.dll
 0001:000159d6       muDoubleScalarSin          00000001800169d6 f   libmwmathutil:libmwmathutil.dll
 0001:000159dc       emlrtCreateRootTLS         00000001800169dc f   libemlrt:libemlrt.dll
 0001:000159e2       emlrtDestroyRootTLS        00000001800169e2 f   libemlrt:libemlrt.dll
 0001:000159e8       emlrtCheckBuiltInR2012b    00000001800169e8 f   libemlrt:libemlrt.dll
 0001:000159ee       emlrtCheckVsBuiltInR2012b  00000001800169ee f   libemlrt:libemlrt.dll
 0001:000159f4       emlrtCheckEnumR2012b       00000001800169f4 f   libemlrt:libemlrt.dll
 0001:000159fa       emlrtCreateEnumR2012b      00000001800169fa f   libemlrt:libemlrt.dll
 0001:00015a00       emlrtGetEnumElementR2009a  0000000180016a00 f   libemlrt:libemlrt.dll
 0001:00015a06       emlrtCreateReference       0000000180016a06 f   libemlrt:libemlrt.dll
 0001:00015a0c       emlrtImportVsFiArrayR2009b 0000000180016a0c f   libemlrt:libemlrt.dll
 0001:00015a12       emlrtNameCapturePostProcessR2012a 0000000180016a12 f   libemlrt:libemlrt.dll
 0001:00015a18       emlrtExtractMessageId      0000000180016a18 f   libemlrt:libemlrt.dll
 0001:00015a1e       emlrtTranslateMessageIDtoLCPstring 0000000180016a1e f   libemlrt:libemlrt.dll
 0001:00015a24       emlrtForLoopVectorIsValidR2011b 0000000180016a24 f   libemlrt:libemlrt.dll
 0001:00015a2a       emlrtTranslateUTF16MessagetoLCPstring 0000000180016a2a f   libemlrt:libemlrt.dll
 0001:00015a30       emlrtGetEnumUnderlyingArrayR2009a 0000000180016a30 f   libemlrt:libemlrt.dll
 0001:00015a36       emlrtIsEnumR2009a          0000000180016a36 f   libemlrt:libemlrt.dll
 0001:00015a3c       emlrtInitCharArrayR2013a   0000000180016a3c f   libemlrt:libemlrt.dll
 0001:00015a44       __GSHandlerCheckCommon     0000000180016a44 f   MSVCRT:gshandler.obj
 0001:00015aa8       __GSHandlerCheck           0000000180016aa8 f   MSVCRT:gshandler.obj
 0001:00015ac6       strcmp                     0000000180016ac6 f   MSVCRT:MSVCR100.dll
 0001:00015ae0       __security_check_cookie    0000000180016ae0 f   MSVCRT:amdsecgs.obj
 0001:00015b00       memset                     0000000180016b00 f   MSVCRT:MSVCR100.dll
 0001:00015b06       free                       0000000180016b06 f   MSVCRT:MSVCR100.dll
 0001:00015b0c       sprintf                    0000000180016b0c f   MSVCRT:MSVCR100.dll
 0001:00015b12       malloc                     0000000180016b12 f   MSVCRT:MSVCR100.dll
 0001:00015b18       strlen                     0000000180016b18 f   MSVCRT:MSVCR100.dll
 0001:00015b1e       strcat                     0000000180016b1e f   MSVCRT:MSVCR100.dll
 0001:00015b24       memcpy                     0000000180016b24 f   MSVCRT:MSVCR100.dll
 0001:00015b2c       NtCurrentTeb               0000000180016b2c f i MSVCRT:crtdll.obj
 0001:00015b98       _CRT_INIT                  0000000180016b98 f   MSVCRT:crtdll.obj
 0001:00015f30       _DllMainCRTStartup         0000000180016f30 f   MSVCRT:crtdll.obj
 0001:00015f6e       _setjmp                    0000000180016f6e f   MSVCRT:MSVCR100.dll
 0001:00015f74       strncpy                    0000000180016f74 f   MSVCRT:MSVCR100.dll
 0001:00015f90       _alloca_probe              0000000180016f90     MSVCRT:chkstk.obj
 0001:00015f90       __chkstk                   0000000180016f90 f   MSVCRT:chkstk.obj
 0001:00015fde       longjmp                    0000000180016fde f   MSVCRT:MSVCR100.dll
 0001:00015fe4       strncmp                    0000000180016fe4 f   MSVCRT:MSVCR100.dll
 0001:00015fea       ceil                       0000000180016fea f   MSVCRT:MSVCR100.dll
 0001:00015ff0       strrchr                    0000000180016ff0 f   MSVCRT:MSVCR100.dll
 0001:00015ff8       __report_gsfailure         0000000180016ff8 f   MSVCRT:gs_report.obj
 0001:00016144       __clean_type_info_names    0000000180017144 f   MSVCRT:tncleanup.obj
 0001:00016150       _onexit                    0000000180017150 f   MSVCRT:atonexit.obj
 0001:00016200       atexit                     0000000180017200 f   MSVCRT:atonexit.obj
 0001:00016218       _RTC_Initialize            0000000180017218 f   MSVCRT:_initsect_.obj
 0001:00016250       _RTC_Terminate             0000000180017250 f   MSVCRT:_initsect_.obj
 0001:00016288       _malloc_crt                0000000180017288 f   MSVCRT:MSVCR100.dll
 0001:00016290       _ValidateImageBase         0000000180017290 f   MSVCRT:pesect.obj
 0001:000162c0       _FindPESection             00000001800172c0 f   MSVCRT:pesect.obj
 0001:00016310       _IsNonwritableInCurrentImage 0000000180017310 f   MSVCRT:pesect.obj
 0001:00016352       _initterm                  0000000180017352 f   MSVCRT:MSVCR100.dll
 0001:00016358       _initterm_e                0000000180017358 f   MSVCRT:MSVCR100.dll
 0001:0001635e       _encoded_null              000000018001735e f   MSVCRT:MSVCR100.dll
 0001:00016364       _amsg_exit                 0000000180017364 f   MSVCRT:MSVCR100.dll
 0001:0001636a       __C_specific_handler       000000018001736a f   MSVCRT:MSVCR100.dll
 0001:00016370       __CppXcptFilter            0000000180017370 f   MSVCRT:MSVCR100.dll
 0001:00016378       DllMain                    0000000180017378 f   MSVCRT:dllmain.obj
 0001:0001639c       __security_init_cookie     000000018001739c f   MSVCRT:gs_support.obj
 0001:00016450       __crt_debugger_hook        0000000180017450 f   MSVCRT:MSVCR100.dll
 0001:00016456       __clean_type_info_names_internal 0000000180017456 f   MSVCRT:MSVCR100.dll
 0001:0001645c       _unlock                    000000018001745c f   MSVCRT:MSVCR100.dll
 0001:00016462       __dllonexit                0000000180017462 f   MSVCRT:MSVCR100.dll
 0001:00016468       _lock                      0000000180017468 f   MSVCRT:MSVCR100.dll
 0001:0001646e       EncodePointer              000000018001746e f   kernel32:KERNEL32.dll
 0001:00016474       DecodePointer              0000000180017474 f   kernel32:KERNEL32.dll
 0001:0001647a       Sleep                      000000018001747a f   kernel32:KERNEL32.dll
 0001:00016480       TerminateProcess           0000000180017480 f   kernel32:KERNEL32.dll
 0001:00016486       GetCurrentProcess          0000000180017486 f   kernel32:KERNEL32.dll
 0001:0001648c       UnhandledExceptionFilter   000000018001748c f   kernel32:KERNEL32.dll
 0001:00016492       SetUnhandledExceptionFilter 0000000180017492 f   kernel32:KERNEL32.dll
 0001:00016498       IsDebuggerPresent          0000000180017498 f   kernel32:KERNEL32.dll
 0001:0001649e       RtlVirtualUnwind           000000018001749e f   kernel32:KERNEL32.dll
 0001:000164a4       RtlLookupFunctionEntry     00000001800174a4 f   kernel32:KERNEL32.dll
 0001:000164aa       RtlCaptureContext          00000001800174aa f   kernel32:KERNEL32.dll
 0001:000164b0       DisableThreadLibraryCalls  00000001800174b0 f   kernel32:KERNEL32.dll
 0001:000164b6       QueryPerformanceCounter    00000001800174b6 f   kernel32:KERNEL32.dll
 0001:000164bc       GetTickCount               00000001800174bc f   kernel32:KERNEL32.dll
 0001:000164c2       GetCurrentThreadId         00000001800174c2 f   kernel32:KERNEL32.dll
 0001:000164c8       GetCurrentProcessId        00000001800174c8 f   kernel32:KERNEL32.dll
 0001:000164ce       GetSystemTimeAsFileTime    00000001800174ce f   kernel32:KERNEL32.dll
 0002:00000000       __imp_GetSystemTimeAsFileTime 0000000180018000     kernel32:KERNEL32.dll
 0002:00000008       __imp_GetCurrentProcessId  0000000180018008     kernel32:KERNEL32.dll
 0002:00000010       __imp_GetCurrentThreadId   0000000180018010     kernel32:KERNEL32.dll
 0002:00000018       __imp_GetTickCount         0000000180018018     kernel32:KERNEL32.dll
 0002:00000020       __imp_QueryPerformanceCounter 0000000180018020     kernel32:KERNEL32.dll
 0002:00000028       __imp_DisableThreadLibraryCalls 0000000180018028     kernel32:KERNEL32.dll
 0002:00000030       __imp_RtlCaptureContext    0000000180018030     kernel32:KERNEL32.dll
 0002:00000038       __imp_RtlLookupFunctionEntry 0000000180018038     kernel32:KERNEL32.dll
 0002:00000040       __imp_RtlVirtualUnwind     0000000180018040     kernel32:KERNEL32.dll
 0002:00000048       __imp_IsDebuggerPresent    0000000180018048     kernel32:KERNEL32.dll
 0002:00000050       __imp_SetUnhandledExceptionFilter 0000000180018050     kernel32:KERNEL32.dll
 0002:00000058       __imp_UnhandledExceptionFilter 0000000180018058     kernel32:KERNEL32.dll
 0002:00000060       __imp_GetCurrentProcess    0000000180018060     kernel32:KERNEL32.dll
 0002:00000068       __imp_TerminateProcess     0000000180018068     kernel32:KERNEL32.dll
 0002:00000070       __imp_Sleep                0000000180018070     kernel32:KERNEL32.dll
 0002:00000078       __imp_DecodePointer        0000000180018078     kernel32:KERNEL32.dll
 0002:00000080       __imp_EncodePointer        0000000180018080     kernel32:KERNEL32.dll
 0002:00000088       \177KERNEL32_NULL_THUNK_DATA 0000000180018088     kernel32:KERNEL32.dll
 0002:00000090       __imp__onexit              0000000180018090     MSVCRT:MSVCR100.dll
 0002:00000098       __imp__lock                0000000180018098     MSVCRT:MSVCR100.dll
 0002:000000a0       __imp___dllonexit          00000001800180a0     MSVCRT:MSVCR100.dll
 0002:000000a8       __imp__unlock              00000001800180a8     MSVCRT:MSVCR100.dll
 0002:000000b0       __imp___clean_type_info_names_internal 00000001800180b0     MSVCRT:MSVCR100.dll
 0002:000000b8       __imp___crt_debugger_hook  00000001800180b8     MSVCRT:MSVCR100.dll
 0002:000000c0       __imp___CppXcptFilter      00000001800180c0     MSVCRT:MSVCR100.dll
 0002:000000c8       __imp___C_specific_handler 00000001800180c8     MSVCRT:MSVCR100.dll
 0002:000000d0       __imp__amsg_exit           00000001800180d0     MSVCRT:MSVCR100.dll
 0002:000000d8       __imp__encoded_null        00000001800180d8     MSVCRT:MSVCR100.dll
 0002:000000e0       __imp__initterm_e          00000001800180e0     MSVCRT:MSVCR100.dll
 0002:000000e8       __imp__initterm            00000001800180e8     MSVCRT:MSVCR100.dll
 0002:000000f0       __imp__malloc_crt          00000001800180f0     MSVCRT:MSVCR100.dll
 0002:000000f8       __imp_strrchr              00000001800180f8     MSVCRT:MSVCR100.dll
 0002:00000100       __imp_ceil                 0000000180018100     MSVCRT:MSVCR100.dll
 0002:00000108       __imp_strncmp              0000000180018108     MSVCRT:MSVCR100.dll
 0002:00000110       __imp_longjmp              0000000180018110     MSVCRT:MSVCR100.dll
 0002:00000118       __imp_strncpy              0000000180018118     MSVCRT:MSVCR100.dll
 0002:00000120       __imp__setjmp              0000000180018120     MSVCRT:MSVCR100.dll
 0002:00000128       __imp_memcpy               0000000180018128     MSVCRT:MSVCR100.dll
 0002:00000130       __imp_strcat               0000000180018130     MSVCRT:MSVCR100.dll
 0002:00000138       __imp_strlen               0000000180018138     MSVCRT:MSVCR100.dll
 0002:00000140       __imp_malloc               0000000180018140     MSVCRT:MSVCR100.dll
 0002:00000148       __imp_sprintf              0000000180018148     MSVCRT:MSVCR100.dll
 0002:00000150       __imp_free                 0000000180018150     MSVCRT:MSVCR100.dll
 0002:00000158       __imp_memset               0000000180018158     MSVCRT:MSVCR100.dll
 0002:00000160       __imp_strcmp               0000000180018160     MSVCRT:MSVCR100.dll
 0002:00000168       \177MSVCR100_NULL_THUNK_DATA 0000000180018168     MSVCRT:MSVCR100.dll
 0002:00000170       __imp_emlrtInitCharArrayR2013a 0000000180018170     libemlrt:libemlrt.dll
 0002:00000178       __imp_emlrtIsEnumR2009a    0000000180018178     libemlrt:libemlrt.dll
 0002:00000180       __imp_emlrtGetEnumUnderlyingArrayR2009a 0000000180018180     libemlrt:libemlrt.dll
 0002:00000188       __imp_emlrtTranslateUTF16MessagetoLCPstring 0000000180018188     libemlrt:libemlrt.dll
 0002:00000190       __imp_emlrtForLoopVectorIsValidR2011b 0000000180018190     libemlrt:libemlrt.dll
 0002:00000198       __imp_emlrtTranslateMessageIDtoLCPstring 0000000180018198     libemlrt:libemlrt.dll
 0002:000001a0       __imp_emlrtExtractMessageId 00000001800181a0     libemlrt:libemlrt.dll
 0002:000001a8       __imp_emlrtNameCapturePostProcessR2012a 00000001800181a8     libemlrt:libemlrt.dll
 0002:000001b0       __imp_emlrtImportVsFiArrayR2009b 00000001800181b0     libemlrt:libemlrt.dll
 0002:000001b8       __imp_emlrtCreateReference 00000001800181b8     libemlrt:libemlrt.dll
 0002:000001c0       __imp_emlrtGetEnumElementR2009a 00000001800181c0     libemlrt:libemlrt.dll
 0002:000001c8       __imp_emlrtCreateEnumR2012b 00000001800181c8     libemlrt:libemlrt.dll
 0002:000001d0       __imp_emlrtCheckEnumR2012b 00000001800181d0     libemlrt:libemlrt.dll
 0002:000001d8       __imp_emlrtCheckVsBuiltInR2012b 00000001800181d8     libemlrt:libemlrt.dll
 0002:000001e0       __imp_emlrtCheckBuiltInR2012b 00000001800181e0     libemlrt:libemlrt.dll
 0002:000001e8       __imp_emlrtDestroyRootTLS  00000001800181e8     libemlrt:libemlrt.dll
 0002:000001f0       __imp_emlrtCreateRootTLS   00000001800181f0     libemlrt:libemlrt.dll
 0002:000001f8       \177libemlrt_NULL_THUNK_DATA 00000001800181f8     libemlrt:libemlrt.dll
 0002:00000200       __imp_ssRegisterDataTypeFxpScaledDouble 0000000180018200     libfixedpoint:libfixedpoint.dll
 0002:00000208       __imp_ssRegisterDataTypeFxpFSlopeFixExpBias 0000000180018208     libfixedpoint:libfixedpoint.dll
 0002:00000210       \177libfixedpoint_NULL_THUNK_DATA 0000000180018210     libfixedpoint:libfixedpoint.dll
 0002:00000218       __imp_mexPutVariable       0000000180018218     libmex:libmex.dll
 0002:00000220       __imp_mexGetVariable       0000000180018220     libmex:libmex.dll
 0002:00000228       __imp_mexCallMATLABWithTrap 0000000180018228     libmex:libmex.dll
 0002:00000230       __imp_mexMakeMemoryPersistent 0000000180018230     libmex:libmex.dll
 0002:00000238       __imp_mexLock              0000000180018238     libmex:libmex.dll
 0002:00000240       __imp_mexUnlock            0000000180018240     libmex:libmex.dll
 0002:00000248       __imp_mexIsLocked          0000000180018248     libmex:libmex.dll
 0002:00000250       __imp_mexWarnMsgTxt        0000000180018250     libmex:libmex.dll
 0002:00000258       __imp_mexMakeArrayPersistent 0000000180018258     libmex:libmex.dll
 0002:00000260       __imp_mexCallMATLAB        0000000180018260     libmex:libmex.dll
 0002:00000268       __imp_mexErrMsgTxt         0000000180018268     libmex:libmex.dll
 0002:00000270       \177libmex_NULL_THUNK_DATA 0000000180018270     libmex:libmex.dll
 0002:00000278       __imp_muDoubleScalarSin    0000000180018278     libmwmathutil:libmwmathutil.dll
 0002:00000280       \177libmwmathutil_NULL_THUNK_DATA 0000000180018280     libmwmathutil:libmwmathutil.dll
 0002:00000288       __imp_mxGetString_730      0000000180018288     libmx:libmx.dll
 0002:00000290       __imp_mxCreateDoubleMatrix_730 0000000180018290     libmx:libmx.dll
 0002:00000298       __imp_mxGetPr              0000000180018298     libmx:libmx.dll
 0002:000002a0       __imp_mxIsChar             00000001800182a0     libmx:libmx.dll
 0002:000002a8       __imp_mxDestroyArray       00000001800182a8     libmx:libmx.dll
 0002:000002b0       __imp_mxCreateStringFromNChars_700 00000001800182b0     libmx:libmx.dll
 0002:000002b8       __imp_mxGetElementSize     00000001800182b8     libmx:libmx.dll
 0002:000002c0       __imp_mxGetNumberOfDimensions_700 00000001800182c0     libmx:libmx.dll
 0002:000002c8       __imp_mxGetDimensions_700  00000001800182c8     libmx:libmx.dll
 0002:000002d0       __imp_mxCalcSingleSubscript_700 00000001800182d0     libmx:libmx.dll
 0002:000002d8       __imp_mxCreateNumericMatrix_700 00000001800182d8     libmx:libmx.dll
 0002:000002e0       __imp_mxArrayClassIDName   00000001800182e0     libmx:libmx.dll
 0002:000002e8       __imp_mxGetImagData        00000001800182e8     libmx:libmx.dll
 0002:000002f0       __imp_mxIsEmpty            00000001800182f0     libmx:libmx.dll
 0002:000002f8       __imp_mxIsNaN              00000001800182f8     libmx:libmx.dll
 0002:00000300       __imp_mxGetFieldNumber     0000000180018300     libmx:libmx.dll
 0002:00000308       __imp_mxCreateStructMatrix_700 0000000180018308     libmx:libmx.dll
 0002:00000310       __imp_mxGetNumberOfFields  0000000180018310     libmx:libmx.dll
 0002:00000318       __imp_mxGetFieldNameByNumber 0000000180018318     libmx:libmx.dll
 0002:00000320       __imp_mxGetFieldByNumber_700 0000000180018320     libmx:libmx.dll
 0002:00000328       __imp_mxIsCell             0000000180018328     libmx:libmx.dll
 0002:00000330       __imp_mxIsSparse           0000000180018330     libmx:libmx.dll
 0002:00000338       __imp_mxGetLogicals        0000000180018338     libmx:libmx.dll
 0002:00000340       __imp_mxIsClass            0000000180018340     libmx:libmx.dll
 0002:00000348       __imp_mxIsA                0000000180018348     libmx:libmx.dll
 0002:00000350       __imp_mxIsStruct           0000000180018350     libmx:libmx.dll
 0002:00000358       __imp_mxAddField           0000000180018358     libmx:libmx.dll
 0002:00000360       __imp_mxSetField_700       0000000180018360     libmx:libmx.dll
 0002:00000368       __imp_mxGetClassName       0000000180018368     libmx:libmx.dll
 0002:00000370       __imp_mxGetCell_700        0000000180018370     libmx:libmx.dll
 0002:00000378       __imp_mxSetCell_700        0000000180018378     libmx:libmx.dll
 0002:00000380       __imp_mxCreateCellMatrix_700 0000000180018380     libmx:libmx.dll
 0002:00000388       __imp_mxGetProperty_700    0000000180018388     libmx:libmx.dll
 0002:00000390       __imp_mxCreateDoubleMatrix_700 0000000180018390     libmx:libmx.dll
 0002:00000398       __imp_mxIsLogical          0000000180018398     libmx:libmx.dll
 0002:000003a0       __imp_mxCreateNumericArray_700 00000001800183a0     libmx:libmx.dll
 0002:000003a8       __imp_mxGetData            00000001800183a8     libmx:libmx.dll
 0002:000003b0       __imp_mxCreateStructArray_700 00000001800183b0     libmx:libmx.dll
 0002:000003b8       __imp_mxSetFieldByNumber_700 00000001800183b8     libmx:libmx.dll
 0002:000003c0       __imp_mxGetField_700       00000001800183c0     libmx:libmx.dll
 0002:000003c8       __imp_mxGetNumberOfElements 00000001800183c8     libmx:libmx.dll
 0002:000003d0       __imp_mxArrayToString      00000001800183d0     libmx:libmx.dll
 0002:000003d8       __imp_mxFree               00000001800183d8     libmx:libmx.dll
 0002:000003e0       __imp_mxGetString_700      00000001800183e0     libmx:libmx.dll
 0002:000003e8       __imp_mxCalloc             00000001800183e8     libmx:libmx.dll
 0002:000003f0       __imp_mxGetM               00000001800183f0     libmx:libmx.dll
 0002:000003f8       __imp_mxGetN               00000001800183f8     libmx:libmx.dll
 0002:00000400       __imp_mxIsComplex          0000000180018400     libmx:libmx.dll
 0002:00000408       __imp_mxIsNumeric          0000000180018408     libmx:libmx.dll
 0002:00000410       __imp_mxGetClassID         0000000180018410     libmx:libmx.dll
 0002:00000418       __imp_mxCreateCellMatrix_730 0000000180018418     libmx:libmx.dll
 0002:00000420       __imp_mxCreateStructMatrix_730 0000000180018420     libmx:libmx.dll
 0002:00000428       __imp_mxCreateString       0000000180018428     libmx:libmx.dll
 0002:00000430       __imp_mxSetField_730       0000000180018430     libmx:libmx.dll
 0002:00000438       __imp_mxCreateDoubleScalar 0000000180018438     libmx:libmx.dll
 0002:00000440       __imp_mxDuplicateArray     0000000180018440     libmx:libmx.dll
 0002:00000448       __imp_mxGetScalar          0000000180018448     libmx:libmx.dll
 0002:00000450       \177libmx_NULL_THUNK_DATA  0000000180018450     libmx:libmx.dll
 0002:00000458       __imp_utCPUtime            0000000180018458     libut:libut.dll
 0002:00000460       __imp_utFree               0000000180018460     libut:libut.dll
 0002:00000468       __imp_utMalloc             0000000180018468     libut:libut.dll
 0002:00000470       __imp_utVSNprintf          0000000180018470     libut:libut.dll
 0002:00000478       \177libut_NULL_THUNK_DATA  0000000180018478     libut:libut.dll
 0002:00000480       __xc_a                     0000000180018480     MSVCRT:cinitexe.obj
 0002:00000488       __xc_z                     0000000180018488     MSVCRT:cinitexe.obj
 0002:00000490       __xi_a                     0000000180018490     MSVCRT:cinitexe.obj
 0002:000004a0       __xi_z                     00000001800184a0     MSVCRT:cinitexe.obj
 0002:000004b0       __real@41e49de555200000    00000001800184b0     newtons_cradle_sfun.obj
 0002:000004b8       __real@41e089eae0600000    00000001800184b8     newtons_cradle_sfun.obj
 0002:000004c0       __real@41b7e57960000000    00000001800184c0     newtons_cradle_sfun.obj
 0002:000004c8       __real@41ed5a9fc0a00000    00000001800184c8     newtons_cradle_sfun.obj
 0002:000004d0       __real@41d407a768000000    00000001800184d0     newtons_cradle_sfun.obj
 0002:000004d8       __real@41e78be1faa00000    00000001800184d8     newtons_cradle_sfun.obj
 0002:000004e0       __real@41e32cd025200000    00000001800184e0     newtons_cradle_sfun.obj
 0002:000004e8       __real@41ea6a94bd200000    00000001800184e8     newtons_cradle_sfun.obj
 0002:000004f0       __real@41e61ed6f9800000    00000001800184f0     newtons_cradle_sfun.obj
 0002:000004f8       __real@41eec4b404200000    00000001800184f8     newtons_cradle_sfun.obj
 0002:00000500       __real@41c500240a800000    0000000180018500     newtons_cradle_sfun.obj
 0002:00000508       __real@41ee4a9836c00000    0000000180018508     newtons_cradle_sfun.obj
 0002:00000510       __real@41b32f485a000000    0000000180018510     newtons_cradle_sfun.obj
 0002:00000518       __real@41c21644ec800000    0000000180018518     newtons_cradle_sfun.obj
 0002:00000520       __real@41e29534a4000000    0000000180018520     newtons_cradle_sfun.obj
 0002:00000528       __real@41e433e8fc600000    0000000180018528     newtons_cradle_sfun.obj
 0002:00000530       __real@41babd5ea5000000    0000000180018530     c1_newtons_cradle.obj
 0002:00000538       __real@41d4839575800000    0000000180018538     c1_newtons_cradle.obj
 0002:00000540       __real@41cff013e6800000    0000000180018540     c1_newtons_cradle.obj
 0002:00000548       __real@41dd693eb3c00000    0000000180018548     c1_newtons_cradle.obj
 0002:00000550       __real@4024000000000000    0000000180018550     c1_newtons_cradle.obj
 0002:00000558       __real@3ff0000000000000    0000000180018558     c1_newtons_cradle.obj
 0002:00000560       __real@4008000000000000    0000000180018560     c1_newtons_cradle.obj
 0002:00000568       __real@3fd920c49ba5e354    0000000180018568     c1_newtons_cradle.obj
 0002:00000570       __real@400920c49ba5e354    0000000180018570     c1_newtons_cradle.obj
 0002:00000578       __real@40239eb851eb851f    0000000180018578     c1_newtons_cradle.obj
 0002:00000580       __real@bff0000000000000    0000000180018580     c1_newtons_cradle.obj
 0002:00000588       __real@c0239eb851eb851f    0000000180018588     c1_newtons_cradle.obj
 0002:00000590       __real@41e4105bef400000    0000000180018590     c2_newtons_cradle.obj
 0002:00000598       __real@41dc3f3da2800000    0000000180018598     c2_newtons_cradle.obj
 0002:000005a0       __real@41bf8778ce000000    00000001800185a0     c2_newtons_cradle.obj
 0002:000005a8       __real@41ce3a0145000000    00000001800185a8     c2_newtons_cradle.obj
 0002:000005b0       DYNAMIC_DIMENSION_DEF      00000001800185b0     newtons_cradle_sfun_registry.obj
 0002:000005d0       _ssBadLevel2InputAccessMsg 00000001800185d0     newtons_cradle_sfun_registry.obj
 0002:00000760       _ssBadLevel2DirectFeedMsg  0000000180018760     newtons_cradle_sfun_registry.obj
 0002:000008a0       _ssBadLevel2DirectFeedSolutionMsg 00000001800188a0     newtons_cradle_sfun_registry.obj
 0002:00000910       _ssBadLevel2ZeroDirectFeedMsg 0000000180018910     newtons_cradle_sfun_registry.obj
 0002:00000a50       _ssBadLevel2ZeroDirectFeedMsg2 0000000180018a50     newtons_cradle_sfun_registry.obj
 0002:00000b38       __real@0000000000000000    0000000180018b38     newtons_cradle_sfun_registry.obj
 0002:00000b40       __real@41602cbca0000000    0000000180018b40     newtons_cradle_sfun_registry.obj
 0002:00000b48       ??_C@_09GIFEIFFL@sfprivate?$AA@ 0000000180018b48     sfc_mex:sfc_sf.obj
 0002:00000b58       ??_C@_0CC@JDELABLI@get_machine_and_chart_file_numbe@ 0000000180018b58     sfc_mex:sfc_sf.obj
 0002:00000b80       ??_C@_0BO@JCKKMPIB@get_sfun_block_specialization?$AA@ 0000000180018b80     sfc_mex:sfc_sf.obj
 0002:00000ba0       ??_C@_0FP@OGBKADON@The?5chart?5name?5?4?4?4?$CFs?5is?5not?5pres@ 0000000180018ba0     sfc_mex:sfc_sf.obj
 0002:00000c00       ??_C@_0FM@KEMGDKHM@The?5chart?5name?5?$CFs?5is?5not?5present@ 0000000180018c00     sfc_mex:sfc_sf.obj
 0002:00000c60       ??_C@_0BD@NMFAPBEK@mdlInitializeSizes?$AA@ 0000000180018c60     sfc_mex:sfc_sf.obj
 0002:00000c74       ??_C@_06EJFCAODB@sfc_sf?$AA@ 0000000180018c74     sfc_mex:sfc_sf.obj
 0002:00000c80       ??_C@_0BJ@PBIFPMMD@mdlInitializeSampleTimes?$AA@ 0000000180018c80     sfc_mex:sfc_sf.obj
 0002:00000ca0       ??_C@_0FI@CPPGBPPK@Stateflow?5Internal?5Error?3?5?6Error@ 0000000180018ca0     sfc_mex:sfc_sf.obj
 0002:00000cf8       ??_C@_02GFKODMMF@sf?$AA@   0000000180018cf8     sfc_mex:sfc_sf.obj
 0002:00000d00       ??_C@_0CN@GACCLMJH@preload_infomatman_for_rtw_optim@ 0000000180018d00     sfc_mex:sfc_sf.obj
 0002:00000d30       ??_C@_07CFINJGKH@Private?$AA@ 0000000180018d30     sfc_mex:sfc_sf.obj
 0002:00000d40       ??_C@_0EK@MLFDFPLJ@Stateflow?5Internal?5Error?3?5?6Inter@ 0000000180018d40     sfc_mex:sfc_sf.obj
 0002:00000d90       ??_C@_0BA@OAHFHIKJ@updateBuildInfo?$AA@ 0000000180018d90     sfc_mex:sfc_sf.obj
 0002:00000da0       ??_C@_0BG@PNKGMGHF@rtw_optimization_info?$AA@ 0000000180018da0     sfc_mex:sfc_sf.obj
 0002:00000dc0       ??_C@_0GC@KEKNFKIJ@Stateflow?5Internal?5Error?3?5?6rtw_o@ 0000000180018dc0     sfc_mex:sfc_sf.obj
 0002:00000e28       ??_C@_0BA@PHPHFLPF@chart_inlinable?$AA@ 0000000180018e28     sfc_mex:sfc_sf.obj
 0002:00000e40       ??_C@_0MB@KGDKCEKF@Stateflow?5Internal?5Error?3?5?6Numbe@ 0000000180018e40     sfc_mex:sfc_sf.obj
 0002:00000f10       ??_C@_0GN@DNCJEGHD@Stateflow?5Internal?5Error?3?5?6Error@ 0000000180018f10     sfc_mex:sfc_sf.obj
 0002:00000f80       ??_C@_0CA@GOKFFBBO@outputEventsWithMultipleCallers?$AA@ 0000000180018f80     sfc_mex:sfc_sf.obj
 0002:00000fa0       ??_C@_0LH@NDHODBLK@Stateflow?5Internal?5Error?3?5?6Numbe@ 0000000180018fa0     sfc_mex:sfc_sf.obj
 0002:00001058       ??_C@_0BB@GEEDBOGK@reusable_outputs?$AA@ 0000000180019058     sfc_mex:sfc_sf.obj
 0002:00001070       ??_C@_0II@FEBCOBGA@Stateflow?5Internal?5Error?3?5?6Numbe@ 0000000180019070     sfc_mex:sfc_sf.obj
 0002:000010f8       ??_C@_0BG@HMMHPAKE@expressionable_inputs?$AA@ 00000001800190f8     sfc_mex:sfc_sf.obj
 0002:00001110       ??_C@_0BB@MBBOKNEL@listen_for_ctrlc?$AA@ 0000000180019110     sfc_mex:sfc_sf.obj
 0002:00001124       ??_C@_03LOANPFAI@mex?$AA@  0000000180019124     sfc_mex:sfc_sf.obj
 0002:00001128       ??_C@_07HLHKBCBI@sfdebug?$AA@ 0000000180019128     sfc_mex:sfc_sf.obj
 0002:00001130       ??_C@_07MFNNEMOJ@drawnow?$AA@ 0000000180019130     sfc_mex:sfc_sf.obj
 0002:00001138       __real@3fd3333333333333    0000000180019138     sfc_mex:sfc_sf.obj
 0002:00001140       ??_C@_0DG@OJBAPEMA@Internal?5Error?3?5paramsIndex?5?$DN?5?$CFd@ 0000000180019140     sfc_mex:sfc_sf.obj
 0002:00001180       ??_C@_0BAI@GPDPHGCD@Cannot?5broadcast?5function?5call?5o@ 0000000180019180     sfc_mex:sfc_sf.obj
 0002:00001290       ??_C@_0BBC@NGKHEJAF@Cannot?5enable?1disable?5function?5c@ 0000000180019290     sfc_mex:sfc_sf.obj
 0002:000013a8       ??_C@_08HDNBGBNP@bitWidth?$AA@ 00000001800193a8     sfc_mex:sfc_sf.obj
 0002:000013b8       ??_C@_0BG@MDDFDLDC@resolveToSignalObject?$AA@ 00000001800193b8     sfc_mex:sfc_sf.obj
 0002:000013d0       ??_C@_07KHBFOCMF@varName?$AA@ 00000001800193d0     sfc_mex:sfc_sf.obj
 0002:000013d8       ??_C@_09LHPHPAOE@isComplex?$AA@ 00000001800193d8     sfc_mex:sfc_sf.obj
 0002:000013e8       ??_C@_0CM@OAMAJMIG@Failed?5to?5register?5type?5?8?$CFs?8?5wit@ 00000001800193e8     sfc_mex:sfc_sf.obj
 0002:00001418       ??_C@_08MLIGMCAH@typeSize?$AA@ 0000000180019418     sfc_mex:sfc_sf.obj
 0002:00001424       ??_C@_05OOLPEHEB@void?$CK?$AA@ 0000000180019424     sfc_mex:sfc_sf.obj
 0002:00001430       ??_C@_0BI@OFLHAMB@vector_of_void_pointers?$AA@ 0000000180019430     sfc_mex:sfc_sf.obj
 0002:00001448       ??_C@_04NBAGBPGE@bias?$AA@ 0000000180019448     sfc_mex:sfc_sf.obj
 0002:00001450       ??_C@_08EGJNFMPO@exponent?$AA@ 0000000180019450     sfc_mex:sfc_sf.obj
 0002:0000145c       ??_C@_05LAHHKLJI@slope?$AA@ 000000018001945c     sfc_mex:sfc_sf.obj
 0002:00001468       ??_C@_0L@EMMELFNN@wordLength?$AA@ 0000000180019468     sfc_mex:sfc_sf.obj
 0002:00001478       ??_C@_08EJEJGLGA@isSigned?$AA@ 0000000180019478     sfc_mex:sfc_sf.obj
 0002:00001488       ??_C@_0P@MJIKALJF@isScaledDouble?$AA@ 0000000180019488     sfc_mex:sfc_sf.obj
 0002:00001498       ??_C@_05LFJLPLPG@fixpt?$AA@ 0000000180019498     sfc_mex:sfc_sf.obj
 0002:000014a0       ??_C@_07GOBOHMJA@boolean?$AA@ 00000001800194a0     sfc_mex:sfc_sf.obj
 0002:000014a8       ??_C@_06PKDKHAMA@uint32?$AA@ 00000001800194a8     sfc_mex:sfc_sf.obj
 0002:000014b0       ??_C@_05GIMEPBJB@int32?$AA@ 00000001800194b0     sfc_mex:sfc_sf.obj
 0002:000014b8       ??_C@_06JNNCGBKK@uint16?$AA@ 00000001800194b8     sfc_mex:sfc_sf.obj
 0002:000014c0       ??_C@_05PCMOAPL@int16?$AA@ 00000001800194c0     sfc_mex:sfc_sf.obj
 0002:000014c8       ??_C@_05BOGOCLFF@uint8?$AA@ 00000001800194c8     sfc_mex:sfc_sf.obj
 0002:000014d0       ??_C@_04DCGBOBJJ@int8?$AA@ 00000001800194d0     sfc_mex:sfc_sf.obj
 0002:000014d8       ??_C@_06EJFMBPJF@single?$AA@ 00000001800194d8     sfc_mex:sfc_sf.obj
 0002:000014e0       ??_C@_06BNJCAIGJ@double?$AA@ 00000001800194e0     sfc_mex:sfc_sf.obj
 0002:000014e8       ??_C@_04GPMDFGEJ@type?$AA@ 00000001800194e8     sfc_mex:sfc_sf.obj
 0002:000014f0       ??_C@_0O@EIPJLOAA@extModeUpload?$AA@ 00000001800194f0     sfc_mex:sfc_sf.obj
 0002:00001500       ??_C@_04IAGNFIBA@size?$AA@ 0000000180019500     sfc_mex:sfc_sf.obj
 0002:00001508       __real@43e0000000000000    0000000180019508     sfc_mex:sfc_sf.obj
 0002:00001510       ??_C@_00CNPNBAHC@?$AA@     0000000180019510     sfc_mex:sfc_sf.obj
 0002:00001514       ??_C@_03PLHFFLIH@ptr?$AA@  0000000180019514     sfc_mex:sfc_sf.obj
 0002:00001518       ??_C@_0BC@HMCIKMPA@requiredStackSize?$AA@ 0000000180019518     sfc_mex:sfc_sf.obj
 0002:00001530       ??_C@_0CB@OCGIMAKA@RegisterMachineParentedDataDwork@ 0000000180019530     sfc_mex:sfc_sf.obj
 0002:00001558       ??_C@_0BD@LFPAKDFC@machineDataVarInfo?$AA@ 0000000180019558     sfc_mex:sfc_sf.obj
 0002:00001570       ??_C@_09GAJBGLOB@dworkInfo?$AA@ 0000000180019570     sfc_mex:sfc_sf.obj
 0002:0000157c       ??_C@_05DGLCPCBN@?$CFsx?$CFd?$AA@ 000000018001957c     sfc_mex:sfc_mex.obj
 0002:00001584       ??_C@_02DPKJAMEF@?$CFd?$AA@ 0000000180019584     sfc_mex:sfc_mex.obj
 0002:00001588       ??_C@_0CC@DJOAOECF@Unknown?5MATLAB?5error?5encountered@ 0000000180019588     sfc_mex:sfc_mex.obj
 0002:000015b0       ??_C@_0CJ@DAIIKGLI@?$CFs?5in?5?$CFs?5should?5never?5be?5called?5@ 00000001800195b0     sfc_mex:sfc_mex.obj
 0002:000015e0       ??_C@_0CE@ICKLNELB@Error?5calling?5MATLAB?5function?5?8?$CF@ 00000001800195e0     sfc_mex:sfc_mex.obj
 0002:00001604       ??_C@_02DKCKIIND@?$CFs?$AA@ 0000000180019604     sfc_mex:sfc_mex.obj
 0002:00001608       ??_C@_07ONPBMBOP@message?$AA@ 0000000180019608     sfc_mex:sfc_mex.obj
 0002:00001610       ??_C@_09HKCBALOK@embedded?4?$AA@ 0000000180019610     sfc_mex:sfc_mex.obj
 0002:0000161c       ??_C@_06KKKLBFKN@uint64?$AA@ 000000018001961c     sfc_mex:sfc_mex.obj
 0002:00001624       ??_C@_05DIFFJEPM@int64?$AA@ 0000000180019624     sfc_mex:sfc_mex.obj
 0002:0000162c       ??_C@_04KBDJOJNB@?$FL?$CFd?$FN?$AA@ 000000018001962c     sfc_mex:sfc_mex.obj
 0002:00001638       ??_C@_0CD@NFPEPNBJ@Cannot?5add?5field?5?$CFs?5to?5struct?5?$CFs@ 0000000180019638     sfc_mex:sfc_mex.obj
 0002:00001660       ??_C@_0CF@PLDCCEBG@Cannot?5get?5field?5?$CFs?5from?5struct?5@ 0000000180019660     sfc_mex:sfc_mex.obj
 0002:00001688       ??_C@_0CO@MFJLJCHI@Struct?5array?5?8?$CFs?8?5does?5not?5have?5@ 0000000180019688     sfc_mex:sfc_mex.obj
 0002:000016b8       ??_C@_0DF@IPGEGIDM@Object?5?8?$CFs?8?5is?5not?5a?5struct?3?5can@ 00000001800196b8     sfc_mex:sfc_mex.obj
 0002:000016f0       ??_C@_0BL@KEKJNNL@MATLAB?5expression?5?8?$CFs?8?5?$CFs?4?$AA@ 00000001800196f0     sfc_mex:sfc_mex.obj
 0002:00001710       ??_C@_0GH@JOEOEBFA@Size?5mismatch?5for?5?8?$CFs?8?5on?5dimens@ 0000000180019710     sfc_mex:sfc_mex.obj
 0002:00001778       ??_C@_0DN@DNLDLJNN@is?5not?5of?5the?5correct?5class?3?5exp@ 0000000180019778     sfc_mex:sfc_mex.obj
 0002:000017b8       ??_C@_06POLMGHPK@isreal?$AA@ 00000001800197b8     sfc_mex:sfc_mex.obj
 0002:000017c0       ??_C@_0CC@EDDDCJDC@is?5not?5of?5the?5correct?5complexnes@ 00000001800197c0     sfc_mex:sfc_mex.obj
 0002:000017e8       ??_C@_0CB@POBCEEOP@is?5not?5of?5the?5correct?5sparseness@ 00000001800197e8     sfc_mex:sfc_mex.obj
 0002:00001810       ??_C@_0CC@JOFDGEBC@is?5not?5of?5the?5correct?5numerictyp@ 0000000180019810     sfc_mex:sfc_mex.obj
 0002:00001838       ??_C@_07MIMONDDE@isequal?$AA@ 0000000180019838     sfc_mex:sfc_mex.obj
 0002:00001840       ??_C@_0M@NAPEIPJI@numerictype?$AA@ 0000000180019840     sfc_mex:sfc_mex.obj
 0002:00001850       ??_C@_0BN@IMIABIKK@is?5not?5of?5the?5correct?5fimath?$AA@ 0000000180019850     sfc_mex:sfc_mex.obj
 0002:00001870       ??_C@_06LJOKAFHF@fimath?$AA@ 0000000180019870     sfc_mex:sfc_mex.obj
 0002:00001880       ??_C@_0EN@JEJCELH@Stateflow?5Internal?5Error?3?5?6Error@ 0000000180019880     sfc_mex:sfc_mex.obj
 0002:000018d0       ??_C@_08MJJBNONC@mxDecode?$AA@ 00000001800198d0     sfc_mex:sfc_mex.obj
 0002:000018e0       ??_C@_0EP@IAFBLFNF@Stateflow?5Internal?5Error?3?5?6Error@ 00000001800198e0     sfc_mex:sfc_mex.obj
 0002:00001930       ??_C@_0GH@OOBFJADG@Simulation?5stopped?5due?5to?5out?5of@ 0000000180019930     sfc_mex:sfc_mex.obj
 0002:000019a0       ??_C@_0HC@JODLBNFO@Simulation?5stopped?5due?5to?5size?5m@ 00000001800199a0     sfc_mex:sfc_mex.obj
 0002:00001a20       ??_C@_0HC@PPOAOPGB@Simulation?5stopped?5due?5to?5size?5m@ 0000000180019a20     sfc_mex:sfc_mex.obj
 0002:00001aa0       ??_C@_0JM@OFMOAAGL@Simulation?5stopped?5due?5to?5size?5m@ 0000000180019aa0     sfc_mex:sfc_mex.obj
 0002:00001b40       ??_C@_0KC@ODCGHMPH@Simulation?5stopped?5due?5to?5size?5o@ 0000000180019b40     sfc_mex:sfc_mex.obj
 0002:00001bf0       ??_C@_0GO@BKNPNGBP@Subscripted?5assignment?5dimension@ 0000000180019bf0     sfc_mex:sfc_mex.obj
 0002:00001c60       ??_C@_0DJ@MEDANBMA@Enable?5debugging?5to?5pinpoint?5the@ 0000000180019c60     sfc_mex:sfc_mex.obj
 0002:00001c9c       ??_C@_01CLKCMJKC@?5?$AA@   0000000180019c9c     sfc_mex:sfc_mex.obj
 0002:00001ca0       ??_C@_0BAO@DDKKHLGF@Matrix?$CImatrix?$CJ?5subscript?5turned?5@ 0000000180019ca0     sfc_mex:sfc_mex.obj
 0002:00001db0       ??_C@_0BAO@MGKOAKHL@Vector?$CIvector?$CJ?5subscript?5turned?5@ 0000000180019db0     sfc_mex:sfc_mex.obj
 0002:00001ec0       ??_C@_0FA@KAHDAHHI@Cannot?5determine?5the?5exact?5numbe@ 0000000180019ec0     sfc_mex:sfc_mex.obj
 0002:00001f10       ??_C@_0FC@HJKNPCCF@Negative?5value?5detected?4?5Enable?5@ 0000000180019f10     sfc_mex:sfc_mex.obj
 0002:00001f68       ??_C@_0DK@JJKHINMK@Overflow?5detected?4?5Enable?5debugg@ 0000000180019f68     sfc_mex:sfc_mex.obj
 0002:00001fb0       ??_C@_0EA@POIJMBCP@Divide?5by?5zero?5detected?4?5Enable?5@ 0000000180019fb0     sfc_mex:sfc_mex.obj
 0002:00001ff0       ??_C@_0EK@CFEMECLL@Nonconforming?5enum?5value?5detecte@ 0000000180019ff0     sfc_mex:sfc_mex.obj
 0002:00002040       ??_C@_0EE@BPGAOMO@Size?5mismatch?5for?5MATLAB?5express@ 000000018001a040     sfc_mex:sfc_mex.obj
 0002:00002090       ??_C@_0EJ@KLNPHOFG@Dimension?5of?5fixed?5size?5one?5?$CI1?$CJ?5@ 000000018001a090     sfc_mex:sfc_mex.obj
 0002:000020e0       ??_C@_07JFPGMOK@fprintf?$AA@ 000000018001a0e0     sfc_mex:sfc_mex.obj
 0002:000020f0       ??_C@_0FE@EHCFPDEG@In?5MATLAB?5expression?5?8?$CFs?8?0?5field@ 000000018001a0f0     sfc_mex:sfc_mex.obj
 0002:00002148       ??_C@_0DE@IJIFCHLH@In?5MATLAB?5expression?5?8?$CFs?8?0?5field@ 000000018001a148     sfc_mex:sfc_mex.obj
 0002:00002180       ??_C@_0FK@JKPMKGDE@MATLAB?5expression?5?8?$CFs?8?5does?5not?5@ 000000018001a180     sfc_mex:sfc_mex.obj
 0002:000021dc       ??_C@_06PBJBIPGK@struct?$AA@ 000000018001a1dc     sfc_mex:sfc_mex.obj
 0002:000021e8       ??_C@_0O@NFNPPCGN@isfimathlocal?$AA@ 000000018001a1e8     sfc_mex:sfc_mex.obj
 0002:000021f8       ??_C@_0M@MLCGNPLD@embedded?4fi?$AA@ 000000018001a1f8     sfc_mex:sfc_mex.obj
 0002:00002208       ??_C@_0M@EGMNDJHO@?$CFs?5?$DN?5?$CF?415g?6?$AA@ 000000018001a208     sfc_mex:sfc_mex.obj
 0002:00002214       ??_C@_03OFAPEBGM@?$CFs?6?$AA@ 000000018001a214     sfc_mex:sfc_mex.obj
 0002:00002218       ??_C@_0CL@LLBJDFID@failed?5sf_assertion?5in?5?$CFs?5at?5lin@ 000000018001a218     sfc_mex:sfc_mex.obj
 0002:00002250       ??_C@_0EJ@MIHEOKKA@?8?$CFs?8?3?5Array?5with?5number?5of?5dimen@ 000000018001a250     sfc_mex:sfc_mex.obj
 0002:000022a0       ??_C@_0CI@KFHDHNKF@b?3?2matlab?2stateflow?2c?2mex?2src?2sf@ 000000018001a2a0     sfc_mex:sfc_mex.obj
 0002:000022c8       ??_C@_0O@FCFMOEOA@aNumDims?5?$DO?$DN?50?$AA@ 000000018001a2c8     sfc_mex:sfc_mex.obj
 0002:000022d8       ??_C@_0CK@KDIMGCCA@?8?$CFs?8?3?5Sparse?5matrices?5are?5not?5su@ 000000018001a2d8     sfc_mex:sfc_mex.obj
 0002:00002308       ??_C@_0CI@KBLJAMNB@MATLAB?5expression?5?8?$CFs?8?5is?5not?5nu@ 000000018001a308     sfc_mex:sfc_mex.obj
 0002:00002330       ??_C@_0P@LCMMCGDM@aSrcMx?5?$CB?$DN?5NULL?$AA@ 000000018001a330     sfc_mex:sfc_mex.obj
 0002:00002340       ??_C@_0EI@HJNNACGI@Eval?5of?5MATLAB?5expression?5?8?$CFs?8?5i@ 000000018001a340     sfc_mex:sfc_mex.obj
 0002:00002388       ??_C@_0DM@BJICAGGK@Stateflow?5currently?5only?5support@ 000000018001a388     sfc_mex:sfc_mex.obj
 0002:000023c4       ??_C@_05LAPONLG@false?$AA@ 000000018001a3c4     sfc_mex:sfc_mex.obj
 0002:000023cc       ??_C@_03LHCJEHON@nan?$AA@  000000018001a3cc     sfc_mex:sfc_mex.obj
 0002:000023d0       ??_C@_04BHIIPFEC@base?$AA@ 000000018001a3d0     sfc_mex:sfc_mex.obj
 0002:000023d8       ??_C@_06PLMANNP@evalin?$AA@ 000000018001a3d8     sfc_mex:sfc_mex.obj
 0002:000023e0       ??_C@_06GFECGKEO@caller?$AA@ 000000018001a3e0     sfc_mex:sfc_mex.obj
 0002:000023e8       ??_C@_0CM@LOMLNLMC@Invalid?5workspace?5type?5for?5sf_ma@ 000000018001a3e8     sfc_mex:sfc_mex.obj
 0002:00002414       ??_C@_01GBGANLPD@0?$AA@    000000018001a414     sfc_mex:sfc_mex.obj
 0002:00002418       ??_C@_06FJKEMHGD@global?$AA@ 000000018001a418     sfc_mex:sfc_mex.obj
 0002:00002420       ??_C@_08KHPDDPHG@getfield?$AA@ 000000018001a420     sfc_mex:sfc_mex.obj
 0002:0000242c       ??_C@_05LPIJGKJ@Value?$AA@ 000000018001a42c     sfc_mex:sfc_mex.obj
 0002:00002438       ??_C@_0BH@HNIMIIFD@Unknown?5workspace?5type?$AA@ 000000018001a438     sfc_mex:sfc_mex.obj
 0002:00002450       ??_C@_0DA@IPMLFPJI@MATLAB?5expression?5?8?$CFs?8?5could?5not@ 000000018001a450     sfc_mex:sfc_mex.obj
 0002:00002480       __real@43f0000000000000    000000018001a480     sfc_mex:sfc_mex.obj
 0002:00002490       ??_C@_0EB@HHPLBHBA@Parameter?5value?5out?5of?5bounds?4?5?$CF@ 000000018001a490     sfc_mex:sfc_mex.obj
 0002:000024e0       __mask@@NegDouble@         000000018001a4e0     sfc_mex:sfc_mex.obj
 0002:000024f0       ??_C@_0CB@DBMOOMDL@Unsupported?5class?5type?5?$CFs?5for?5?$CFs@ 000000018001a4f0     sfc_mex:sfc_mex.obj
 0002:00002518       ??_C@_0BI@OPNKAIOC@mxIsComplex?$CImxArrayPtr?$CJ?$AA@ 000000018001a518     sfc_mex:sfc_mex.obj
 0002:00002530       ??_C@_0GA@OFLPCMBM@Stateflow?5Runtime?5Warning?3?5Loss?5@ 000000018001a530     sfc_mex:sfc_mex.obj
 0002:00002590       __real@3810000000000000    000000018001a590     sfc_mex:sfc_mex.obj
 0002:00002598       __real@47efffffe0000000    000000018001a598     sfc_mex:sfc_mex.obj
 0002:000025a0       __real@c060000000000000    000000018001a5a0     sfc_mex:sfc_mex.obj
 0002:000025a8       __real@405fc00000000000    000000018001a5a8     sfc_mex:sfc_mex.obj
 0002:000025b0       __real@406fe00000000000    000000018001a5b0     sfc_mex:sfc_mex.obj
 0002:000025b8       __real@c0e0000000000000    000000018001a5b8     sfc_mex:sfc_mex.obj
 0002:000025c0       __real@40dfffc000000000    000000018001a5c0     sfc_mex:sfc_mex.obj
 0002:000025c8       __real@40efffe000000000    000000018001a5c8     sfc_mex:sfc_mex.obj
 0002:000025d0       __real@c1e0000000000000    000000018001a5d0     sfc_mex:sfc_mex.obj
 0002:000025d8       __real@41dfffffffc00000    000000018001a5d8     sfc_mex:sfc_mex.obj
 0002:000025e0       __real@41efffffffe00000    000000018001a5e0     sfc_mex:sfc_mex.obj
 0002:000025e8       __real@c3e0000000000000    000000018001a5e8     sfc_mex:sfc_mex.obj
 0002:000025f0       ??_C@_0DO@JIJMNCAH@Class?5mismatch?5for?5variable?5?8?$CFs?8@ 000000018001a5f0     sfc_mex:sfc_mex.obj
 0002:00002630       ??_C@_03BBKEAIF@?$DP?$DP?$DP?$AA@ 000000018001a630     sfc_mex:sfc_mex.obj
 0002:00002638       ??_C@_0DE@HICLJLJO@Assignment?5of?5complex?5data?5to?5no@ 000000018001a638     sfc_mex:sfc_mex.obj
 0002:00002670       ??_C@_0CF@NHFFCIEB@MATLAB?5function?5?8?$CFs?8?5returned?5NU@ 000000018001a670     sfc_mex:sfc_mex.obj
 0002:00002698       __real@5f800000            000000018001a698     sfc_mex:sfc_mex.obj
 0002:000026a0       ??_C@_0GP@JPKMBIEI@Array?5bounds?5error?5in?5MATLAB?5exp@ 000000018001a6a0     sfc_mex:sfc_mex.obj
 0002:00002710       ??_C@_0P@FLJFOPHI@pIndex?$FLi?$FN?5?$DO?$DN?50?$AA@ 000000018001a710     sfc_mex:sfc_mex.obj
 0002:00002720       ??_C@_0DI@IGEABFHB@MATLAB?5expression?5?8?$CFs?8?5has?5?$CFd?5di@ 000000018001a720     sfc_mex:sfc_mex.obj
 0002:00002758       ??_C@_0L@EFLJKPA@mxArrayPtr?$AA@ 000000018001a758     sfc_mex:sfc_mex.obj
 0002:00002768       ??_C@_0CK@FHKKOEPH@numDims?5?$DO?$DN?50?5?$CG?$CG?5numDims?5?$DM?$DN?5MAX_D@ 000000018001a768     sfc_mex:sfc_mex.obj
 0002:000027a0       ??_C@_0EM@MPIDLJBF@MATLAB?5expression?5?8?$CFs?8?5subscript@ 000000018001a7a0     sfc_mex:sfc_mex.obj
 0002:000027ec       ??_C@_04IGKKBJEE@?$DN?$CFg?$DL?$AA@ 000000018001a7ec     sfc_mex:sfc_mex.obj
 0002:000027f4       ??_C@_01PKGAHCOL@?$CJ?$AA@ 000000018001a7f4     sfc_mex:sfc_mex.obj
 0002:000027f8       ??_C@_03LEIBKMN@?0?$CFd?$AA@ 000000018001a7f8     sfc_mex:sfc_mex.obj
 0002:000027fc       ??_C@_03IECKINJK@?$CI?$CFd?$AA@ 000000018001a7fc     sfc_mex:sfc_mex.obj
 0002:00002800       ??_C@_0FB@HKJNNBFK@Stateflow?5ml?5type?5data?5?8?$CFs?8?5subs@ 000000018001a800     sfc_mex:sfc_mex.obj
 0002:00002858       ??_C@_0CN@HPHHCDPK@Stateflow?5ml?5type?5data?5?8?$CFs?8?5is?5n@ 000000018001a858     sfc_mex:sfc_mex.obj
 0002:00002888       ??_C@_0CG@JIOBALFE@Stateflow?5ml?5type?5data?5?8?$CFs?8?5is?5e@ 000000018001a888     sfc_mex:sfc_mex.obj
 0002:000028b0       ??_C@_0BD@GAHDCPBG@mxArrayPtr?5?$CB?$DN?5NULL?$AA@ 000000018001a8b0     sfc_mex:sfc_mex.obj
 0002:000028c8       ??_C@_0CF@HCINMAFF@result?5?$DN?5mxCreateDoubleScalar?$CIva@ 000000018001a8c8     sfc_mex:sfc_mex.obj
 0002:000028f0       ??_C@_0BK@PHCKFGOO@numDims?5?$DM?$DN?5MAX_DIMENSIONS?$AA@ 000000018001a8f0     sfc_mex:sfc_mex.obj
 0002:00002910       ??_C@_0BF@GAJKLFOH@fixpt_lower_mx_array?$AA@ 000000018001a910     sfc_mex:sfc_mex.obj
 0002:00002928       ??_C@_02FINOOIBE@Cg?$AA@   000000018001a928     sfc_mex:sfc_mex.obj
 0002:00002930       _pRawDllMain               000000018001a930     MSVCRT:crtdll.obj
 0002:00002930       _pDefaultRawDllMain        000000018001a930     MSVCRT:crtdll.obj
 0002:00002948       ?ProcessDetach@NativeDll@<CrtImplementationDetails>@@0IB 000000018001a948     MSVCRT:tncleanup.obj
 0002:0000294c       ?ProcessAttach@NativeDll@<CrtImplementationDetails>@@0IB 000000018001a94c     MSVCRT:tncleanup.obj
 0002:00002950       ?ThreadAttach@NativeDll@<CrtImplementationDetails>@@0IB 000000018001a950     MSVCRT:tncleanup.obj
 0002:00002954       ?ThreadDetach@NativeDll@<CrtImplementationDetails>@@0IB 000000018001a954     MSVCRT:tncleanup.obj
 0002:00002958       ?ProcessVerifier@NativeDll@<CrtImplementationDetails>@@0IB 000000018001a958     MSVCRT:tncleanup.obj
 0002:00002960       __rtc_iaa                  000000018001a960     MSVCRT:_initsect_.obj
 0002:00002968       __rtc_izz                  000000018001a968     MSVCRT:_initsect_.obj
 0002:00002970       __rtc_taa                  000000018001a970     MSVCRT:_initsect_.obj
 0002:00002978       __rtc_tzz                  000000018001a978     MSVCRT:_initsect_.obj
 0002:000040e4       __IMPORT_DESCRIPTOR_libmx  000000018001c0e4     libmx:libmx.dll
 0002:000040f8       __IMPORT_DESCRIPTOR_libmex 000000018001c0f8     libmex:libmex.dll
 0002:0000410c       __IMPORT_DESCRIPTOR_libfixedpoint 000000018001c10c     libfixedpoint:libfixedpoint.dll
 0002:00004120       __IMPORT_DESCRIPTOR_libut  000000018001c120     libut:libut.dll
 0002:00004134       __IMPORT_DESCRIPTOR_libmwmathutil 000000018001c134     libmwmathutil:libmwmathutil.dll
 0002:00004148       __IMPORT_DESCRIPTOR_libemlrt 000000018001c148     libemlrt:libemlrt.dll
 0002:0000415c       __IMPORT_DESCRIPTOR_MSVCR100 000000018001c15c     MSVCRT:MSVCR100.dll
 0002:00004170       __IMPORT_DESCRIPTOR_KERNEL32 000000018001c170     kernel32:KERNEL32.dll
 0002:00004184       __NULL_IMPORT_DESCRIPTOR   000000018001c184     libmx:libmx.dll
 0003:00000dd0       DYNAMIC_DIMENSION          000000018001edd0     newtons_cradle_sfun_registry.obj
 0003:000019e0       emlrtContextGlobal         000000018001f9e0     sfc_mex:sfc_mex.obj
 0003:00001a20       __security_cookie          000000018001fa20     MSVCRT:gs_cookie.obj
 0003:00001a28       __security_cookie_complement 000000018001fa28     MSVCRT:gs_cookie.obj
 0003:00001a30       _fltused                   000000018001fa30     MSVCRT:dllsupp.obj
 0003:00001a40       __native_dllmain_reason    000000018001fa40     MSVCRT:natstart.obj
 0003:00001a44       __native_vcclrit_reason    000000018001fa44     MSVCRT:natstart.obj
 0003:00002c70       emlrtRootTLSGlobal         0000000180020c70     sfc_mex:sfc_mex.obj
 0003:000031f0       ?__type_info_root_node@@3U__type_info_node@@A 00000001800211f0     MSVCRT:tncleanup.obj
 0003:00003200       _sfTime_                   0000000180021200     <common>
 0003:00003208       __native_startup_state     0000000180021208     <common>
 0003:00003210       __native_startup_lock      0000000180021210     <common>
 0003:00003218       __onexitend                0000000180021218     <common>
 0003:00003220       __onexitbegin              0000000180021220     <common>
 0003:00003228       __dyn_tls_init_callback    0000000180021228     <common>

 entry point at        0001:00015f30

 Static symbols

 0001:000011a0       get_sim_state_c1_newtons_cradle 00000001800021a0 f   c1_newtons_cradle.obj
 0001:000011f0       c1_emlrt_marshallOut       00000001800021f0 f   c1_newtons_cradle.obj
 0001:00001480       c1_b_emlrt_marshallOut     0000000180002480 f   c1_newtons_cradle.obj
 0001:00001500       c1_c_emlrt_marshallOut     0000000180002500 f   c1_newtons_cradle.obj
 0001:00001580       sf_get_sim_state_info_c1_newtons_cradle 0000000180002580 f   c1_newtons_cradle.obj
 0001:00001760       set_sim_state_c1_newtons_cradle 0000000180002760 f   c1_newtons_cradle.obj
 0001:000017b0       c1_emlrt_marshallIn        00000001800027b0 f   c1_newtons_cradle.obj
 0001:000019a0       c1_b_emlrt_marshallIn      00000001800029a0 f   c1_newtons_cradle.obj
 0001:00001a10       c1_c_emlrt_marshallIn      0000000180002a10 f   c1_newtons_cradle.obj
 0001:00001b00       c1_d_emlrt_marshallIn      0000000180002b00 f   c1_newtons_cradle.obj
 0001:00001b60       c1_e_emlrt_marshallIn      0000000180002b60 f   c1_newtons_cradle.obj
 0001:00001bf0       c1_f_emlrt_marshallIn      0000000180002bf0 f   c1_newtons_cradle.obj
 0001:00001c70       c1_g_emlrt_marshallIn      0000000180002c70 f   c1_newtons_cradle.obj
 0001:00001d40       mdlProcessParameters_c1_newtons_cradle 0000000180002d40 f   c1_newtons_cradle.obj
 0001:00001e00       initialize_params_c1_newtons_cradle 0000000180002e00 f   c1_newtons_cradle.obj
 0001:00001e10       mdlSetWorkWidths_c1_newtons_cradle 0000000180002e10 f   c1_newtons_cradle.obj
 0001:00002270       sf_get_instance_specialization 0000000180003270 f   c1_newtons_cradle.obj
 0001:00002280       mdlStart_c1_newtons_cradle 0000000180003280 f   c1_newtons_cradle.obj
 0001:00002480       init_dsm_address_info      0000000180003480 f   c1_newtons_cradle.obj
 0001:00002490       sf_opaque_initialize_c1_newtons_cradle 0000000180003490 f   c1_newtons_cradle.obj
 0001:000024c0       initialize_c1_newtons_cradle 00000001800034c0 f   c1_newtons_cradle.obj
 0001:00002750       sf_opaque_enable_c1_newtons_cradle 0000000180003750 f   c1_newtons_cradle.obj
 0001:00002770       enable_c1_newtons_cradle   0000000180003770 f   c1_newtons_cradle.obj
 0001:000027a0       sf_opaque_disable_c1_newtons_cradle 00000001800037a0 f   c1_newtons_cradle.obj
 0001:000027c0       disable_c1_newtons_cradle  00000001800037c0 f   c1_newtons_cradle.obj
 0001:000027f0       sf_opaque_zeroCrossings_c1_newtons_cradle 00000001800037f0 f   c1_newtons_cradle.obj
 0001:00002810       zeroCrossings_c1_newtons_cradle 0000000180003810 f   c1_newtons_cradle.obj
 0001:00002960       sf_opaque_outputs_c1_newtons_cradle 0000000180003960 f   c1_newtons_cradle.obj
 0001:00002980       outputs_c1_newtons_cradle  0000000180003980 f   c1_newtons_cradle.obj
 0001:00002a70       sf_opaque_derivatives_c1_newtons_cradle 0000000180003a70 f   c1_newtons_cradle.obj
 0001:00002a90       derivatives_c1_newtons_cradle 0000000180003a90 f   c1_newtons_cradle.obj
 0001:00002bf0       sf_opaque_gateway_c1_newtons_cradle 0000000180003bf0 f   c1_newtons_cradle.obj
 0001:00002c10       sf_c1_newtons_cradle       0000000180003c10 f   c1_newtons_cradle.obj
 0001:00002fa0       c1_set_sim_state_side_effects_c1_newtons_cradle 0000000180003fa0 f   c1_newtons_cradle.obj
 0001:00002fd0       sf_opaque_get_sim_state_c1_newtons_cradle 0000000180003fd0 f   c1_newtons_cradle.obj
 0001:00002ff0       sf_opaque_set_sim_state_c1_newtons_cradle 0000000180003ff0 f   c1_newtons_cradle.obj
 0001:00003020       sf_opaque_terminate_c1_newtons_cradle 0000000180004020 f   c1_newtons_cradle.obj
 0001:000030a0       finalize_c1_newtons_cradle 00000001800040a0 f   c1_newtons_cradle.obj
 0001:000030d0       sf_opaque_init_subchart_simstructs 00000001800040d0 f   c1_newtons_cradle.obj
 0001:000030f0       initSimStructsc1_newtons_cradle 00000001800040f0 f   c1_newtons_cradle.obj
 0001:00003100       mdlRTW_c1_newtons_cradle   0000000180004100 f   c1_newtons_cradle.obj
 0001:00003630       get_sim_state_c2_newtons_cradle 0000000180004630 f   c2_newtons_cradle.obj
 0001:00003790       sf_get_sim_state_info_c2_newtons_cradle 0000000180004790 f   c2_newtons_cradle.obj
 0001:00003970       set_sim_state_c2_newtons_cradle 0000000180004970 f   c2_newtons_cradle.obj
 0001:00003a70       c2_emlrt_marshallIn        0000000180004a70 f   c2_newtons_cradle.obj
 0001:00003ad0       c2_b_emlrt_marshallIn      0000000180004ad0 f   c2_newtons_cradle.obj
 0001:00003b60       c2_c_emlrt_marshallIn      0000000180004b60 f   c2_newtons_cradle.obj
 0001:00003be0       c2_d_emlrt_marshallIn      0000000180004be0 f   c2_newtons_cradle.obj
 0001:00003cb0       mdlProcessParameters_c2_newtons_cradle 0000000180004cb0 f   c2_newtons_cradle.obj
 0001:00003d70       initialize_params_c2_newtons_cradle 0000000180004d70 f   c2_newtons_cradle.obj
 0001:00003d80       mdlSetWorkWidths_c2_newtons_cradle 0000000180004d80 f   c2_newtons_cradle.obj
 0001:00004250       sf_get_instance_specialization 0000000180005250 f   c2_newtons_cradle.obj
 0001:00004260       mdlStart_c2_newtons_cradle 0000000180005260 f   c2_newtons_cradle.obj
 0001:00004450       init_dsm_address_info      0000000180005450 f   c2_newtons_cradle.obj
 0001:00004460       sf_opaque_initialize_c2_newtons_cradle 0000000180005460 f   c2_newtons_cradle.obj
 0001:00004490       initialize_c2_newtons_cradle 0000000180005490 f   c2_newtons_cradle.obj
 0001:000044f0       sf_opaque_enable_c2_newtons_cradle 00000001800054f0 f   c2_newtons_cradle.obj
 0001:00004510       enable_c2_newtons_cradle   0000000180005510 f   c2_newtons_cradle.obj
 0001:00004540       sf_opaque_disable_c2_newtons_cradle 0000000180005540 f   c2_newtons_cradle.obj
 0001:00004560       disable_c2_newtons_cradle  0000000180005560 f   c2_newtons_cradle.obj
 0001:00004590       sf_opaque_gateway_c2_newtons_cradle 0000000180005590 f   c2_newtons_cradle.obj
 0001:000045b0       sf_c2_newtons_cradle       00000001800055b0 f   c2_newtons_cradle.obj
 0001:000046f0       c2_set_sim_state_side_effects_c2_newtons_cradle 00000001800056f0 f   c2_newtons_cradle.obj
 0001:00004720       sf_opaque_get_sim_state_c2_newtons_cradle 0000000180005720 f   c2_newtons_cradle.obj
 0001:00004740       sf_opaque_set_sim_state_c2_newtons_cradle 0000000180005740 f   c2_newtons_cradle.obj
 0001:00004770       sf_opaque_terminate_c2_newtons_cradle 0000000180005770 f   c2_newtons_cradle.obj
 0001:000047f0       finalize_c2_newtons_cradle 00000001800057f0 f   c2_newtons_cradle.obj
 0001:00004820       sf_opaque_init_subchart_simstructs 0000000180005820 f   c2_newtons_cradle.obj
 0001:00004840       initSimStructsc2_newtons_cradle 0000000180005840 f   c2_newtons_cradle.obj
 0001:00004850       mdlRTW_c2_newtons_cradle   0000000180005850 f   c2_newtons_cradle.obj
 0001:00006760       _ssFatalError              0000000180007760 f   newtons_cradle_sfun_registry.obj
 0001:00009810       ProcessMexSfunctionCmdLineCall 000000018000a810 f   newtons_cradle_sfun_registry.obj
 0001:00009920       mdlGetTimeOfNextVarHit     000000018000a920 f   newtons_cradle_sfun_registry.obj
 0001:00009970       _ProcessMexSfunctionCmdLineCall 000000018000a970 f   newtons_cradle_sfun_registry.obj
 0001:0000a0c0       _CreateSimStruct           000000018000b0c0 f   newtons_cradle_sfun_registry.obj
 0001:0000a250       _RegNumInputPortsCB        000000018000b250 f   newtons_cradle_sfun_registry.obj
 0001:0000a2d0       _RegNumOutputPortsCB       000000018000b2d0 f   newtons_cradle_sfun_registry.obj
 0001:0000a3b0       sf_machine_load_sfunction_ptrs 000000018000b3b0 f   newtons_cradle_sfun_registry.obj
 0001:0000a4c0       get_machine_and_chart_file_number 000000018000b4c0 f   sfc_mex:sfc_sf.obj
 0001:0000a5b0       get_sfun_block_specialization 000000018000b5b0 f   sfc_mex:sfc_sf.obj
 0001:0000a660       call_sf_machine_global_method_dispatcher 000000018000b660 f   sfc_mex:sfc_sf.obj
 0001:0000a890       mdl_zeroCrossings_processing 000000018000b890 f   sfc_mex:sfc_sf.obj
 0001:0000a960       mdl_derivatives_processing 000000018000b960 f   sfc_mex:sfc_sf.obj
 0001:0000ac10       mdl_outputs_continuous_legacy 000000018000bc10 f   sfc_mex:sfc_sf.obj
 0001:0000ac90       mdl_outputs_processing     000000018000bc90 f   sfc_mex:sfc_sf.obj
 0001:0000af00       mdl_enable_processing      000000018000bf00 f   sfc_mex:sfc_sf.obj
 0001:0000afd0       mdl_disable_processing     000000018000bfd0 f   sfc_mex:sfc_sf.obj
 0001:0000be50       sf_call_output_fcn_enable_disable 000000018000ce50 f   sfc_mex:sfc_sf.obj
 0001:0000c0d0       set_dwork_information_from_mx_array 000000018000d0d0 f   sfc_mex:sfc_sf.obj
 0001:0000c980       ptr2mxStruct               000000018000d980 f   sfc_mex:sfc_sf.obj
 0001:0000cc90       getThreadLocalStorage      000000018000dc90 f   sfc_mex:sfc_mex.obj
 0001:0000ccd0       releaseThreadLocalStorage  000000018000dcd0 f   sfc_mex:sfc_mex.obj
 0001:0000cce0       SNPRINTF_WRAPPER           000000018000dce0 f   sfc_mex:sfc_mex.obj
 0001:0000cd00       convert_dims_to_string     000000018000dd00 f   sfc_mex:sfc_mex.obj
 0001:0000cf20       is_real_T_equal_to_double  000000018000df20 f   sfc_mex:sfc_mex.obj
 0001:0000cf40       is_real32_T_equal_to_double 000000018000df40 f   sfc_mex:sfc_mex.obj
 0001:0000cf50       is_mxLogical_equal_to_double 000000018000df50 f   sfc_mex:sfc_mex.obj
 0001:0000cf70       is_int8_T_equal_to_double  000000018000df70 f   sfc_mex:sfc_mex.obj
 0001:0000cf90       is_uint8_T_equal_to_double 000000018000df90 f   sfc_mex:sfc_mex.obj
 0001:0000cfb0       is_int16_T_equal_to_double 000000018000dfb0 f   sfc_mex:sfc_mex.obj
 0001:0000cfd0       is_uint16_T_equal_to_double 000000018000dfd0 f   sfc_mex:sfc_mex.obj
 0001:0000cff0       is_int32_T_equal_to_double 000000018000dff0 f   sfc_mex:sfc_mex.obj
 0001:0000d010       is_uint32_T_equal_to_double 000000018000e010 f   sfc_mex:sfc_mex.obj
 0001:0000d030       is_char_T_equal_to_double  000000018000e030 f   sfc_mex:sfc_mex.obj
 0001:0000d050       sf_zero_numeric_value      000000018000e050 f   sfc_mex:sfc_mex.obj
 0001:0000d080       sf_error_append_debugger_context_if_available 000000018000e080 f   sfc_mex:sfc_mex.obj
 0001:0000d160       sf_mex_get_error_message_for_write 000000018000e160 f   sfc_mex:sfc_mex.obj
 0001:0000d190       replace_single_quotes_by_doubled_quotes 000000018000e190 f   sfc_mex:sfc_mex.obj
 0001:0000d390       sf_mex_get_formatted_error_string 000000018000e390 f   sfc_mex:sfc_mex.obj
 0001:0000d8c0       sf_mex_destroy_array       000000018000e8c0 f   sfc_mex:sfc_mex.obj
 0001:0000dcf0       sfrtAddSize                000000018000ecf0 f   sfc_mex:sfc_mex.obj
 0001:0000dd90       sfrtGenSizeString          000000018000ed90 f   sfc_mex:sfc_mex.obj
 0001:0000de70       sfIsProperVector           000000018000ee70 f   sfc_mex:sfc_mex.obj
 0001:0000dea0       sfIsRowVector              000000018000eea0 f   sfc_mex:sfc_mex.obj
 0001:0000dfe0       sf_ExtractMessageId        000000018000efe0 f   sfc_mex:sfc_mex.obj
 0001:0000e2d0       sf_mex_err                 000000018000f2d0 f   sfc_mex:sfc_mex.obj
 0001:0000e350       sf_error_dimension_out_of_bound 000000018000f350 f   sfc_mex:sfc_mex.obj
 0001:0000e3f0       sf_mex_check_and_set_actual_dimensions 000000018000f3f0 f   sfc_mex:sfc_mex.obj
 0001:0000e780       sf_mex_check_complex       000000018000f780 f   sfc_mex:sfc_mex.obj
 0001:0000e830       sf_mex_check_sparse        000000018000f830 f   sfc_mex:sfc_mex.obj
 0001:0000e8f0       sf_mex_check_numerictype   000000018000f8f0 f   sfc_mex:sfc_mex.obj
 0001:0000eb90       sf_mex_check_fimath        000000018000fb90 f   sfc_mex:sfc_mex.obj
 0001:0000fa70       size_mismatch_error        0000000180010a70 f   sfc_mex:sfc_mex.obj
 0001:00010630       check_array_dimensions     0000000180011630 f   sfc_mex:sfc_mex.obj
 0001:000106a0       check_input_mxarray        00000001800116a0 f   sfc_mex:sfc_mex.obj
 0001:00010f50       sf_numeric_value_to_double 0000000180011f50 f   sfc_mex:sfc_mex.obj
 0001:00010fd0       ml_generic_out_of_bounds_check 0000000180011fd0 f   sfc_mex:sfc_mex.obj
 0001:000111b0       ml_get_element_value_from_array 00000001800121b0 f   sfc_mex:sfc_mex.obj
 0001:000115c0       _ml_generic_castability_check 00000001800125c0 f   sfc_mex:sfc_mex.obj
 0001:00012440       ml_generic_castability_check 0000000180013440 f   sfc_mex:sfc_mex.obj
 0001:000124e0       ml_check_mx_array_for_single_castability 00000001800134e0 f   sfc_mex:sfc_mex.obj
 0001:00012580       ml_check_mx_array_for_logical_castability 0000000180013580 f   sfc_mex:sfc_mex.obj
 0001:00012620       ml_check_mx_array_for_int8_castability 0000000180013620 f   sfc_mex:sfc_mex.obj
 0001:000126d0       ml_check_mx_array_for_uint8_castability 00000001800136d0 f   sfc_mex:sfc_mex.obj
 0001:00012730       ml_check_mx_array_for_int16_castability 0000000180013730 f   sfc_mex:sfc_mex.obj
 0001:00012790       ml_check_mx_array_for_uint16_castability 0000000180013790 f   sfc_mex:sfc_mex.obj
 0001:000127f0       ml_check_mx_array_for_int32_castability 00000001800137f0 f   sfc_mex:sfc_mex.obj
 0001:00012850       ml_check_mx_array_for_uint32_castability 0000000180013850 f   sfc_mex:sfc_mex.obj
 0001:000128b0       ml_check_mx_array_for_int64_castability 00000001800138b0 f   sfc_mex:sfc_mex.obj
 0001:00012910       ml_check_mx_array_for_uint64_castability 0000000180013910 f   sfc_mex:sfc_mex.obj
 0001:00012960       ml_check_mx_array_for_castability 0000000180013960 f   sfc_mex:sfc_mex.obj
 0001:00013200       set_data_value             0000000180014200 f   sfc_mex:sfc_mex.obj
 0001:00013760       get_next_element_address   0000000180014760 f   sfc_mex:sfc_mex.obj
 0001:00013830       sf_normalize_index         0000000180014830 f   sfc_mex:sfc_mex.obj
 0001:00013ba0       ml_array_index_bound_check 0000000180014ba0 f   sfc_mex:sfc_mex.obj
 0001:00014710       mx_value                   0000000180015710 f   sfc_mex:sfc_mex.obj
 0001:00014760       sf_create_numeric_array    0000000180015760 f   sfc_mex:sfc_mex.obj
 0001:00014800       sf_mex_assign_to_mx_array  0000000180015800 f   sfc_mex:sfc_mex.obj
 0001:00014ae0       assign_from_mx_array       0000000180015ae0 f   sfc_mex:sfc_mex.obj
 0001:00015230       sf_mex_import_v            0000000180016230 f   sfc_mex:sfc_mex.obj
 0001:00015b38       pre_c_init                 0000000180016b38 f   MSVCRT:crtdll.obj
 0001:00015df4       __DllMainCRTStartup        0000000180016df4 f   MSVCRT:crtdll.obj
 0001:000164e0       __DllMainCRTStartup$filt$0 00000001800174e0 f   MSVCRT:crtdll.obj
 0001:00016510       __DllMainCRTStartup$fin$1  0000000180017510 f   MSVCRT:crtdll.obj
 0001:0001652a       _onexit$fin$0              000000018001752a f   MSVCRT:atonexit.obj
 0001:00016550       _IsNonwritableInCurrentImage$filt$0 0000000180017550 f   MSVCRT:pesect.obj
